###############################################################################
#
# IAR ELF Linker V8.30.1.114/W32 for ARM                  19/Apr/2019  08:49:17
# Copyright 2007-2018 IAR Systems AB.
#
#    Output file  =  
#        C:\Users\xsk19940910\Desktop\flightController-1\flightController-1\program\iar\FLASH\Exe\project_K60F12.out
#    Map file     =  
#        C:\Users\xsk19940910\Desktop\flightController-1\flightController-1\program\iar\FLASH\List\project_K60F12.map
#    Command line =  
#        -f C:\Users\XSK199~1\AppData\Local\Temp\EW672A.tmp
#        (C:\Users\xsk19940910\Desktop\flightController-1\flightController-1\program\iar\FLASH\Obj\ADC.o
#        C:\Users\xsk19940910\Desktop\flightController-1\flightController-1\program\iar\FLASH\Obj\ADXL355.o
#        C:\Users\xsk19940910\Desktop\flightController-1\flightController-1\program\iar\FLASH\Obj\ADXRS453.o
#        C:\Users\xsk19940910\Desktop\flightController-1\flightController-1\program\iar\FLASH\Obj\AHRS.o
#        C:\Users\xsk19940910\Desktop\flightController-1\flightController-1\program\iar\FLASH\Obj\assert.o
#        C:\Users\xsk19940910\Desktop\flightController-1\flightController-1\program\iar\FLASH\Obj\Beep.o
#        C:\Users\xsk19940910\Desktop\flightController-1\flightController-1\program\iar\FLASH\Obj\control.o
#        C:\Users\xsk19940910\Desktop\flightController-1\flightController-1\program\iar\FLASH\Obj\DEV_LCD.o
#        C:\Users\xsk19940910\Desktop\flightController-1\flightController-1\program\iar\FLASH\Obj\DMA.o
#        C:\Users\xsk19940910\Desktop\flightController-1\flightController-1\program\iar\FLASH\Obj\EKF_AHRS.o
#        C:\Users\xsk19940910\Desktop\flightController-1\flightController-1\program\iar\FLASH\Obj\EVB.o
#        C:\Users\xsk19940910\Desktop\flightController-1\flightController-1\program\iar\FLASH\Obj\FLASH.o
#        C:\Users\xsk19940910\Desktop\flightController-1\flightController-1\program\iar\FLASH\Obj\FLEXBUS.o
#        C:\Users\xsk19940910\Desktop\flightController-1\flightController-1\program\iar\FLASH\Obj\FlightMode.o
#        C:\Users\xsk19940910\Desktop\flightController-1\flightController-1\program\iar\FLASH\Obj\FTM.o
#        C:\Users\xsk19940910\Desktop\flightController-1\flightController-1\program\iar\FLASH\Obj\Ftm1.o
#        C:\Users\xsk19940910\Desktop\flightController-1\flightController-1\program\iar\FLASH\Obj\fuzzyPID.o
#        "C:\Users\xsk19940910\Desktop\flightController-1\flightController-1\program\iar\FLASH\Obj\General
#        Class.o"
#        C:\Users\xsk19940910\Desktop\flightController-1\flightController-1\program\iar\FLASH\Obj\GPIO.o
#        C:\Users\xsk19940910\Desktop\flightController-1\flightController-1\program\iar\FLASH\Obj\GPS.o
#        "C:\Users\xsk19940910\Desktop\flightController-1\flightController-1\program\iar\FLASH\Obj\history
#        AHRS data.o"
#        C:\Users\xsk19940910\Desktop\flightController-1\flightController-1\program\iar\FLASH\Obj\HMC5983.o
#        C:\Users\xsk19940910\Desktop\flightController-1\flightController-1\program\iar\FLASH\Obj\I2C.o
#        C:\Users\xsk19940910\Desktop\flightController-1\flightController-1\program\iar\FLASH\Obj\io.o
#        C:\Users\xsk19940910\Desktop\flightController-1\flightController-1\program\iar\FLASH\Obj\isr.o
#        C:\Users\xsk19940910\Desktop\flightController-1\flightController-1\program\iar\FLASH\Obj\LidarLite.o
#        C:\Users\xsk19940910\Desktop\flightController-1\flightController-1\program\iar\FLASH\Obj\LPTMR.o
#        C:\Users\xsk19940910\Desktop\flightController-1\flightController-1\program\iar\FLASH\Obj\MadgwickAHRS.o
#        C:\Users\xsk19940910\Desktop\flightController-1\flightController-1\program\iar\FLASH\Obj\MCG.o
#        C:\Users\xsk19940910\Desktop\flightController-1\flightController-1\program\iar\FLASH\Obj\memtest.o
#        C:\Users\xsk19940910\Desktop\flightController-1\flightController-1\program\iar\FLASH\Obj\moduleInit.o
#        C:\Users\xsk19940910\Desktop\flightController-1\flightController-1\program\iar\FLASH\Obj\MPU6000.o
#        "C:\Users\xsk19940910\Desktop\flightController-1\flightController-1\program\iar\FLASH\Obj\MS5611
#        Air Pressure.o"
#        C:\Users\xsk19940910\Desktop\flightController-1\flightController-1\program\iar\FLASH\Obj\Navigation.o
#        C:\Users\xsk19940910\Desktop\flightController-1\flightController-1\program\iar\FLASH\Obj\NvidiaTX1.o
#        C:\Users\xsk19940910\Desktop\flightController-1\flightController-1\program\iar\FLASH\Obj\Odom.o
#        C:\Users\xsk19940910\Desktop\flightController-1\flightController-1\program\iar\FLASH\Obj\PIT.o
#        C:\Users\xsk19940910\Desktop\flightController-1\flightController-1\program\iar\FLASH\Obj\printf.o
#        C:\Users\xsk19940910\Desktop\flightController-1\flightController-1\program\iar\FLASH\Obj\project.o
#        C:\Users\xsk19940910\Desktop\flightController-1\flightController-1\program\iar\FLASH\Obj\queue.o
#        C:\Users\xsk19940910\Desktop\flightController-1\flightController-1\program\iar\FLASH\Obj\relocate.o
#        C:\Users\xsk19940910\Desktop\flightController-1\flightController-1\program\iar\FLASH\Obj\RemoteHub.o
#        C:\Users\xsk19940910\Desktop\flightController-1\flightController-1\program\iar\FLASH\Obj\RTC.o
#        C:\Users\xsk19940910\Desktop\flightController-1\flightController-1\program\iar\FLASH\Obj\SBus.o
#        C:\Users\xsk19940910\Desktop\flightController-1\flightController-1\program\iar\FLASH\Obj\SPI.o
#        C:\Users\xsk19940910\Desktop\flightController-1\flightController-1\program\iar\FLASH\Obj\startup_K60F12.o
#        C:\Users\xsk19940910\Desktop\flightController-1\flightController-1\program\iar\FLASH\Obj\system_MK60.o
#        C:\Users\xsk19940910\Desktop\flightController-1\flightController-1\program\iar\FLASH\Obj\UART.o
#        C:\Users\xsk19940910\Desktop\flightController-1\flightController-1\program\iar\FLASH\Obj\uif.o
#        "C:\Users\xsk19940910\Desktop\flightController-1\flightController-1\program\iar\FLASH\Obj\Ultrasound(UART).o"
#        C:\Users\xsk19940910\Desktop\flightController-1\flightController-1\program\iar\FLASH\Obj\Ultrasound.o
#        "C:\Users\xsk19940910\Desktop\flightController-1\flightController-1\program\iar\FLASH\Obj\UWB
#        decode.o"
#        C:\Users\xsk19940910\Desktop\flightController-1\flightController-1\program\iar\FLASH\Obj\variables_F450.o
#        C:\Users\xsk19940910\Desktop\flightController-1\flightController-1\program\iar\FLASH\Obj\variables_F450_raw.o
#        C:\Users\xsk19940910\Desktop\flightController-1\flightController-1\program\iar\FLASH\Obj\variables_QAV220.o
#        C:\Users\xsk19940910\Desktop\flightController-1\flightController-1\program\iar\FLASH\Obj\variables_QAV250.o
#        C:\Users\xsk19940910\Desktop\flightController-1\flightController-1\program\iar\FLASH\Obj\VideoStation.o
#        C:\Users\xsk19940910\Desktop\flightController-1\flightController-1\program\iar\FLASH\Obj\waterGun.o
#        --redirect _Printf=_PrintfFullNoMb --redirect _Scanf=_ScanfFullNoMb
#        --no_out_extension -o
#        C:\Users\xsk19940910\Desktop\flightController-1\flightController-1\program\iar\FLASH\Exe\project_K60F12.out
#        --map
#        C:\Users\xsk19940910\Desktop\flightController-1\flightController-1\program\iar\FLASH\List\project_K60F12.map
#        --config
#        C:\Users\xsk19940910\Desktop\flightController-1\flightController-1\program\iar\..\lib\iar_config_files\LPLD_K60FN1M0_FLASH.icf
#        --semihosting --entry __iar_program_start --inline
#        D:\iar\arm\CMSIS\Lib\IAR\iar_cortexM4lf_math.a
#        --merge_duplicate_sections --vfe --text_out locale)
#
###############################################################################

*******************************************************************************
*** RUNTIME MODEL ATTRIBUTES
***

CppFlavor                     = *
__CPP_Exceptions              = Disabled
__CPP_Language                = C++14
__Heap_Handler                = Basic
__SystemLibrary               = DLib
__dlib_dynamic_initialization = normal
__dlib_version                = 6


*******************************************************************************
*** HEAP SELECTION
***

The basic heap was selected because no calls to memory allocation
functions were found in the application outside of system library
functions, and there are calls to deallocation functions in the
application.


*******************************************************************************
*** PLACEMENT SUMMARY
***

"A0":  place at 0x0 { ro section .intvec };
"A1":  place at 0x410 { ro section .noinit };
define block CodeRelocate { section .textrw_init };
"P1":  place in [from 0x0 to 0x7'ffff] { ro, block CodeRelocate };
define block CodeRelocateRam { section .textrw };
define block CSTACK with size = 8K, alignment = 8 { };
define block HEAP with size = 8K, alignment = 8 { };
"P2":  place in [from 0x1fff'0410 to 0x2000'fff0] {
          rw, block CodeRelocateRam, block CSTACK, block HEAP };
initialize manually with packing = copy, complex ranges { section .data };

No sections matched the following patterns:

  section .textrw       in block CodeRelocateRam
  section .textrw_init  in block CodeRelocate


  Section                Kind         Address    Size  Object
  -------                ----         -------    ----  ------
"A0":                                           0x400
  .intvec                ro code          0x0   0x400  startup_K60F12.o [1]
                                      - 0x400   0x400

"P1", part 1 of 3:                                0x0
  .rodata                const          0x400     0x0  zero_init3.o [6]

"P1", part 2 of 3:                                0x0
  CodeRelocate                          0x400     0x0  <Block>

"A1":                                            0x14
  .noinit                ro code        0x410    0x10  startup_K60F12.o [1]
  .noinit                ro code        0x420     0x4  startup_K60F12.o [1]
                                      - 0x424    0x14

"P1", part 3 of 3:                             0xeeb8
  .data_init                            0x424  0x1944  <Block>
    Initializer bytes    const          0x424  0x1944  <for .data-1>
  .rodata                const         0x1d68     0x1  unwind_debug.o [7]
  .text                  ro code       0x1d6c  0x1884  EKF_AHRS.o [1]
  .text                  ro code       0x35f0    0x1e  VideoStation.o [1]
  .text                  ro code       0x360e     0xe  EKF_AHRS.o [1]
  .text                  ro code       0x361c   0x4c4  EKF_AHRS.o [1]
  .text                  ro code       0x3ae0    0x48  FltToDbl.o [5]
  .text                  ro code       0x3b28   0x1a2  DblMul.o [5]
  .text                  ro code       0x3cca    0x3a  zero_init3.o [6]
  .text                  ro code       0x3d04    0x68  DblToFlt.o [5]
  .text                  ro code       0x3d6c    0xee  arm_mat_scale_f32.o [4]
  .text                  ro code       0x3e5c   0x172  arm_mat_add_f32.o [4]
  .text                  ro code       0x3fd0    0xfc  arm_mat_trans_f32.o [4]
  .text                  ro code       0x40cc   0x100  arm_mat_mult_f32.o [4]
  .text                  ro code       0x41cc   0x570  arm_mat_inverse_f32.o [4]
  .text                  ro code       0x473c   0x172  arm_mat_sub_f32.o [4]
  .text                  ro code       0x48b0   0x17a  DblAdd.o [5]
  .text                  ro code       0x4a2c   0x2fc  General Class.o [1]
  .text                  ro code       0x4d28    0x86  ABImemcpy.o [6]
  .text                  ro code       0x4db0    0x6a  atan2f.o [5]
  .text                  ro code       0x4e1c    0x5c  asinf.o [5]
  .text                  ro code       0x4e78    0xe2  DblSub.o [5]
  .text                  ro code       0x4f5c    0x1c  VideoStation.o [1]
  .text                  ro code       0x4f78    0x1c  EKF_AHRS.o [1]
  .text                  ro code       0x4f94    0x16  EKF_AHRS.o [1]
  .text                  ro code       0x4fac    0xa4  xatanf.o [5]
  .text                  ro code       0x5050   0xbc4  FTM.o [1]
  .text                  ro code       0x5c14    0x28  assert.o [1]
  .text                  ro code       0x5c3c   0x560  printf.o [1]
  .text                  ro code       0x619c    0x36  strlen.o [6]
  .text                  ro code       0x61d4   0xa04  EVB.o [1]
  .text                  ro code       0x6bd8    0x14  VideoStation.o [1]
  .text                  ro code       0x6bec     0xa  EVB.o [1]
  .text                  ro code       0x6bf6    0x1a  EVB.o [1]
  .text                  ro code       0x6c10    0x3a  DblToS32.o [5]
  .text                  ro code       0x6c4c    0x66  ABImemset.o [6]
  .text                  ro code       0x6cb4   0x910  control.o [1]
  .text                  ro code       0x75c4   0x22c  fuzzyPID.o [1]
  .text                  ro code       0x77f0   0x246  DblDiv.o [5]
  .text                  ro code       0x7a38    0x80  arm_cos_f32.o [4]
  .text                  ro code       0x7ab8    0x14  control.o [1]
  .text                  ro code       0x7acc   0x830  moduleInit.o [1]
  .text                  ro code       0x82fc     0xe  FlightMode.o [1]
  .text                  ro code       0x830c   0x7a4  FlightMode.o [1]
  .text                  ro code       0x8ab0   0x35c  Navigation.o [1]
  .text                  ro code       0x8e0c   0x188  VideoStation.o [1]
  .text                  ro code       0x8f94   0x438  SBus.o [1]
  .text                  ro code       0x93cc   0x4ec  Odom.o [1]
  .text                  ro code       0x98b8   0x25c  waterGun.o [1]
  .text                  ro code       0x9b14   0x7cc  SPI.o [1]
  .text                  ro code       0xa2e0   0x264  ADXL355.o [1]
  .text                  ro code       0xa544   0x2b0  ADXRS453.o [1]
  .text                  ro code       0xa7f4   0x12c  LPTMR.o [1]
  .text                  ro code       0xa920    0x20  Beep.o [1]
  .text                  ro code       0xa940   0x178  HMC5983.o [1]
  .text                  ro code       0xaab8   0x682  MPU6000.o [1]
  .text                  ro code       0xb13c    0x90  AHRS.o [1]
  .text                  ro code       0xb1cc   0x138  MS5611 Air Pressure.o [1]
  .text                  ro code       0xb304    0x38  Ultrasound.o [1]
  .text                  ro code       0xb33c   0x358  Ultrasound(UART).o [1]
  .text                  ro code       0xb694   0x134  PIT.o [1]
  .text                  ro code       0xb7c8   0x534  UART.o [1]
  .text                  ro code       0xbcfc   0x34c  DMA.o [1]
  .text                  ro code       0xc048   0x11c  GPIO.o [1]
  .text                  ro code       0xc164   0x648  ADC.o [1]
  .text                  ro code       0xc7ac    0x22  S32ToDbl.o [5]
  .text                  ro code       0xc7d0    0x2e  DblCmpLe.o [5]
  .text                  ro code       0xc7fe    0x16  Navigation.o [1]
  .text                  ro code       0xc814    0x48  atanf.o [5]
  .text                  ro code       0xc85c    0x78  VideoStation.o [1]
  .text                  ro code       0xc8d4    0x1e  VideoStation.o [1]
  .text                  ro code       0xc8f2     0xe  VideoStation.o [1]
  .text                  ro code       0xc900    0x3e  Odom.o [1]
  .text                  ro code       0xc93e    0x1c  Odom.o [1]
  .text                  ro code       0xc95a     0xe  Odom.o [1]
  .text                  ro code       0xc968    0x18  waterGun.o [1]
  .text                  ro code       0xc980     0xa  ADXL355.o [1]
  .text                  ro code       0xc98a    0x28  strncmp.o [2]
  .text                  ro code       0xc9b4    0x28  MPU6000.o [1]
  .text                  ro code       0xc9dc    0x14  VideoStation.o [1]
  .text                  ro code       0xc9f0    0x1e  MS5611 Air Pressure.o [1]
  .text                  ro code       0xca10    0x28  Ultrasound.o [1]
  .text                  ro code       0xca38    0x7c  Ultrasound(UART).o [1]
  .text                  ro code       0xcab4     0xa  Ultrasound(UART).o [1]
  .rodata                const         0xcac0   0x804  arm_common_tables.o [4]
  .text                  ro code       0xd2c4   0x76c  isr.o [1]
  .text                  ro code       0xda30   0x59c  MadgwickAHRS.o [1]
  .text                  ro code       0xdfcc   0x610  system_MK60.o [1]
  .text                  ro code       0xe5dc    0xac  relocate.o [1]
  .text                  ro code       0xe688   0x200  MCG.o [1]
  .text                  ro code       0xe888   0x114  project.o [1]
  .rodata                const         0xe99c    0x60  ADC.o [1]
  .rodata                const         0xe9fc    0x60  DMA.o [1]
  .rodata                const         0xea5c    0x60  FTM.o [1]
  .rodata                const         0xeabc    0x60  GPIO.o [1]
  .rodata                const         0xeb1c    0x60  LPTMR.o [1]
  .rodata                const         0xeb7c    0x60  PIT.o [1]
  .rodata                const         0xebdc    0x60  SPI.o [1]
  .rodata                const         0xec3c    0x48  system_MK60.o [1]
  .rodata                const         0xec84    0x44  system_MK60.o [1]
  .rodata                const         0xecc8    0x44  system_MK60.o [1]
  .rodata                const         0xed0c    0x34  system_MK60.o [1]
  .rodata                const         0xed40    0x30  assert.o [1]
  .rodata                const         0xed70    0x30  system_MK60.o [1]
  .rodata                const         0xeda0    0x30  system_MK60.o [1]
  .rodata                const         0xedd0    0x28  system_MK60.o [1]
  .text                  ro code       0xedf8    0x28  data_init.o [6]
  .rodata                const         0xee20    0x24  EKF_AHRS.o [1]
  .rodata                const         0xee44    0x24  system_MK60.o [1]
  .rodata                const         0xee68    0x24  system_MK60.o [1]
  .rodata                const         0xee8c    0x24  system_MK60.o [1]
  .text                  ro code       0xeeb0    0x22  fpinit_M.o [5]
  .iar.init_table        const         0xeed4    0x14  - Linker created -
  .rodata                const         0xeee8    0x20  system_MK60.o [1]
  .rodata                const         0xef08    0x20  system_MK60.o [1]
  .rodata                const         0xef28    0x20  system_MK60.o [1]
  .rodata                const         0xef48    0x20  system_MK60.o [1]
  .rodata                const         0xef68    0x20  system_MK60.o [1]
  .text                  ro code       0xef88    0x20  cmain_call_ctors.o [6]
  .text                  ro code       0xefa8    0x18  cppinit.o [2]
  .text                  ro code       0xefc0    0x1e  cmain.o [6]
  .text                  ro code       0xefde     0x4  exit.o [2]
  .text                  ro code       0xefe4     0xa  cexit.o [6]
  .text                  ro code       0xeff0    0x14  exit.o [7]
  .rodata                const         0xf004    0x1c  system_MK60.o [1]
  .rodata                const         0xf020    0x1c  system_MK60.o [1]
  .rodata                const         0xf03c    0x1c  system_MK60.o [1]
  .rodata                const         0xf058    0x1c  system_MK60.o [1]
  .rodata                const         0xf074    0x1c  system_MK60.o [1]
  .rodata                const         0xf090    0x18  system_MK60.o [1]
  .rodata                const         0xf0a8    0x18  system_MK60.o [1]
  .rodata                const         0xf0c0    0x18  system_MK60.o [1]
  .rodata                const         0xf0d8    0x18  system_MK60.o [1]
  .rodata                const         0xf0f0    0x18  system_MK60.o [1]
  .rodata                const         0xf108    0x18  system_MK60.o [1]
  .rodata                const         0xf120    0x18  system_MK60.o [1]
  .rodata                const         0xf138    0x18  system_MK60.o [1]
  .rodata                const         0xf150    0x18  system_MK60.o [1]
  .rodata                const         0xf168    0x14  system_MK60.o [1]
  .rodata                const         0xf17c    0x14  system_MK60.o [1]
  .rodata                const         0xf190    0x14  system_MK60.o [1]
  .rodata                const         0xf1a4    0x14  system_MK60.o [1]
  .text                  ro code       0xf1b8    0x14  io.o [1]
  SHT$$PREINIT_ARRAY                   0xf1cc     0x0  <Block>
  SHT$$INIT_ARRAY                      0xf1cc    0x14  <Block>
    .init_array          const         0xf1cc     0x4  ADXL355.o [1]
    .init_array          const         0xf1d0     0x4  EKF_AHRS.o [1]
    .init_array          const         0xf1d4     0x4  MPU6000.o [1]
    .init_array          const         0xf1d8     0x4  MS5611 Air Pressure.o [1]
    .init_array          const         0xf1dc     0x4  Ultrasound.o [1]
  __iar_tls$$INIT_ARRAY                0xf1e0     0x0  <Block>
  .rodata                const         0xf1e0    0x10  system_MK60.o [1]
  .rodata                const         0xf1f0    0x10  system_MK60.o [1]
  .rodata                const         0xf200    0x10  system_MK60.o [1]
  .rodata                const         0xf210    0x10  system_MK60.o [1]
  .rodata                const         0xf220     0xc  system_MK60.o [1]
  .text                  ro code       0xf22c     0xc  cstartup_M.o [6]
  .rodata                const         0xf238     0x8  project.o [1]
  .rodata                const         0xf240     0x8  system_MK60.o [1]
  .rodata                const         0xf248     0x8  system_MK60.o [1]
  .rodata                const         0xf250     0x8  system_MK60.o [1]
  .rodata                const         0xf258     0x8  system_MK60.o [1]
  .rodata                const         0xf260     0x8  system_MK60.o [1]
  .rodata                const         0xf268     0x8  system_MK60.o [1]
  .rodata                const         0xf270     0x8  system_MK60.o [1]
  .rodata                const         0xf278     0x8  system_MK60.o [1]
  .rodata                const         0xf280     0x8  system_MK60.o [1]
  .rodata                const         0xf288     0x8  system_MK60.o [1]
  .rodata                const         0xf290     0x8  system_MK60.o [1]
  .rodata                const         0xf298     0x8  system_MK60.o [1]
  .rodata                const         0xf2a0     0x8  system_MK60.o [1]
  .rodata                const         0xf2a8     0x8  system_MK60.o [1]
  .rodata                const         0xf2b0     0x8  system_MK60.o [1]
  .rodata                const         0xf2b8     0x8  system_MK60.o [1]
  .rodata                const         0xf2c0     0x8  system_MK60.o [1]
  .rodata                const         0xf2c8     0x8  system_MK60.o [1]
  .rodata                const         0xf2d0     0x8  system_MK60.o [1]
  .rodata                const         0xf2d8     0x4  HMC5983.o [1]
                                     - 0xf2dc  0xeeb8

"P2", part 1 of 3:                             0x1944
  .data                           0x1fff'0410  0x1944  <Block>
    .data-1                       0x1fff'0410  0x1943  <Init block>
      .data              inited   0x1fff'0410     0x8  MadgwickAHRS.o [1]
      .data              inited   0x1fff'0418     0x4  ADXL355.o [1]
      .data              inited   0x1fff'041c     0x4  ADXL355.o [1]
      .data              inited   0x1fff'0420     0x4  ADXRS453.o [1]
      .data              inited   0x1fff'0424     0x4  ADXRS453.o [1]
      .data              inited   0x1fff'0428     0x4  ADXRS453.o [1]
      .data              inited   0x1fff'042c     0x4  control.o [1]
      .data              inited   0x1fff'0430     0x4  control.o [1]
      .data              inited   0x1fff'0434     0x4  MadgwickAHRS.o [1]
      .data              inited   0x1fff'0438     0x4  MCG.o [1]
      .data              inited   0x1fff'043c     0x4  MCG.o [1]
      .data              inited   0x1fff'0440     0x4  MCG.o [1]
      .data              inited   0x1fff'0444     0x4  MCG.o [1]
      .data              inited   0x1fff'0448    0x10  project.o [1]
      .data              inited   0x1fff'0458     0x4  system_MK60.o [1]
      .data              inited   0x1fff'045c   0x214  variables_F450.o [1]
      .data              inited   0x1fff'0670   0x214  variables_F450.o [1]
      .data              inited   0x1fff'0884   0x214  variables_F450.o [1]
      .data              inited   0x1fff'0a98   0x214  variables_F450.o [1]
      .data              inited   0x1fff'0cac   0x214  variables_F450.o [1]
      .data              inited   0x1fff'0ec0   0x214  variables_F450.o [1]
      .data              inited   0x1fff'10d4   0x214  variables_F450.o [1]
      .data              inited   0x1fff'12e8   0x214  variables_F450.o [1]
      .data              inited   0x1fff'14fc   0x214  variables_F450.o [1]
      .data              inited   0x1fff'1710   0x214  variables_F450.o [1]
      .data              inited   0x1fff'1924   0x214  variables_F450.o [1]
      .data              inited   0x1fff'1b38   0x214  variables_F450.o [1]
      .data              inited   0x1fff'1d4c     0x4  variables_F450.o [1]
      .data              inited   0x1fff'1d50     0x2  project.o [1]
      .data              inited   0x1fff'1d52     0x1  MPU6000.o [1]
                                - 0x1fff'1d54  0x1944

"P2", part 2 of 3:                             0x60ac
  .bss                            0x1fff'1d58  0x60ac  <Block>
    .bss                 zero     0x1fff'1d58   0x108  MS5611 Air Pressure.o [1]
    .bss                 zero     0x1fff'1e60    0x50  waterGun.o [1]
    .bss                 zero     0x1fff'1eb0    0x10  ADC.o [1]
    .bss                 zero     0x1fff'1ec0    0x40  ADXL355.o [1]
    .bss                 zero     0x1fff'1f00     0x4  ADXRS453.o [1]
    .bss                 zero     0x1fff'1f04     0x4  ADXRS453.o [1]
    .bss                 zero     0x1fff'1f08     0x4  ADXRS453.o [1]
    .bss                 zero     0x1fff'1f0c     0x4  ADXRS453.o [1]
    .bss                 zero     0x1fff'1f10     0x4  ADXRS453.o [1]
    .bss                 zero     0x1fff'1f14     0x4  ADXRS453.o [1]
    .bss                 zero     0x1fff'1f18     0xc  ADXRS453.o [1]
    .bss                 zero     0x1fff'1f24     0xc  ADXRS453.o [1]
    .bss                 zero     0x1fff'1f30     0x4  AHRS.o [1]
    .bss                 zero     0x1fff'1f34    0x1c  AHRS.o [1]
    .bss                 zero     0x1fff'1f50     0x4  assert.o [1]
    .bss                 zero     0x1fff'1f54     0x4  assert.o [1]
    .bss                 zero     0x1fff'1f58     0x4  Beep.o [1]
    .bss                 zero     0x1fff'1f5c     0x4  control.o [1]
    .bss                 zero     0x1fff'1f60    0x80  DMA.o [1]
    .bss                 zero     0x1fff'1fe0     0x4  EKF_AHRS.o [1]
    .bss                 zero     0x1fff'1fe4     0x4  EKF_AHRS.o [1]
    .bss                 zero     0x1fff'1fe8    0x54  EKF_AHRS.o [1]
    .bss                 zero     0x1fff'203c    0x54  EKF_AHRS.o [1]
    .bss                 zero     0x1fff'2090    0x54  EKF_AHRS.o [1]
    .bss                 zero     0x1fff'20e4    0x54  EKF_AHRS.o [1]
    .bss                 zero     0x1fff'2138    0x54  EKF_AHRS.o [1]
    .bss                 zero     0x1fff'218c   0x7dc  EKF_AHRS.o [1]
    .bss                 zero     0x1fff'2968   0x7dc  EKF_AHRS.o [1]
    .bss                 zero     0x1fff'3144   0x7dc  EKF_AHRS.o [1]
    .bss                 zero     0x1fff'3920     0x4  EKF_AHRS.o [1]
    .bss                 zero     0x1fff'3924     0x4  EKF_AHRS.o [1]
    .bss                 zero     0x1fff'3928     0x4  EKF_AHRS.o [1]
    .bss                 zero     0x1fff'392c   0x834  EKF_AHRS.o [1]
    .bss                 zero     0x1fff'4160   0x834  EKF_AHRS.o [1]
    .bss                 zero     0x1fff'4994   0x7e0  EVB.o [1]
    .bss                 zero     0x1fff'5174     0x4  EVB.o [1]
    .bss                 zero     0x1fff'5178     0x4  FlightMode.o [1]
    .bss                 zero     0x1fff'517c    0x9c  FlightMode.o [1]
    .bss                 zero     0x1fff'5218    0x10  FTM.o [1]
    .bss                 zero     0x1fff'5228    0x14  GPIO.o [1]
    .bss                 zero     0x1fff'523c    0x10  HMC5983.o [1]
    .bss                 zero     0x1fff'524c     0x4  HMC5983.o [1]
    .bss                 zero     0x1fff'5250     0x4  isr.o [1]
    .bss                 zero     0x1fff'5254     0x4  isr.o [1]
    .bss                 zero     0x1fff'5258     0x4  isr.o [1]
    .bss                 zero     0x1fff'525c    0x60  isr.o [1]
    .bss                 zero     0x1fff'52bc     0x4  LPTMR.o [1]
    .bss                 zero     0x1fff'52c0     0x4  MadgwickAHRS.o [1]
    .bss                 zero     0x1fff'52c4     0x4  MadgwickAHRS.o [1]
    .bss                 zero     0x1fff'52c8     0x4  MadgwickAHRS.o [1]
    .bss                 zero     0x1fff'52cc    0x1c  moduleInit.o [1]
    .bss                 zero     0x1fff'52e8    0x14  moduleInit.o [1]
    .bss                 zero     0x1fff'52fc    0x1c  moduleInit.o [1]
    .bss                 zero     0x1fff'5318    0x1c  moduleInit.o [1]
    .bss                 zero     0x1fff'5334    0x1c  moduleInit.o [1]
    .bss                 zero     0x1fff'5350    0x1c  moduleInit.o [1]
    .bss                 zero     0x1fff'536c    0x1c  moduleInit.o [1]
    .bss                 zero     0x1fff'5388    0x2c  moduleInit.o [1]
    .bss                 zero     0x1fff'53b4    0x2c  moduleInit.o [1]
    .bss                 zero     0x1fff'53e0    0x2c  moduleInit.o [1]
    .bss                 zero     0x1fff'540c    0x2c  moduleInit.o [1]
    .bss                 zero     0x1fff'5438    0x2c  moduleInit.o [1]
    .bss                 zero     0x1fff'5464    0x2c  moduleInit.o [1]
    .bss                 zero     0x1fff'5490    0x2c  moduleInit.o [1]
    .bss                 zero     0x1fff'54bc    0x2c  moduleInit.o [1]
    .bss                 zero     0x1fff'54e8    0x2c  moduleInit.o [1]
    .bss                 zero     0x1fff'5514    0x14  moduleInit.o [1]
    .bss                 zero     0x1fff'5528    0x14  moduleInit.o [1]
    .bss                 zero     0x1fff'553c    0x14  moduleInit.o [1]
    .bss                 zero     0x1fff'5550    0x14  moduleInit.o [1]
    .bss                 zero     0x1fff'5564    0x34  moduleInit.o [1]
    .bss                 zero     0x1fff'5598    0xd4  moduleInit.o [1]
    .bss                 zero     0x1fff'566c    0x14  moduleInit.o [1]
    .bss                 zero     0x1fff'5680     0xc  moduleInit.o [1]
    .bss                 zero     0x1fff'568c     0x4  moduleInit.o [1]
    .bss                 zero     0x1fff'5690     0x4  moduleInit.o [1]
    .bss                 zero     0x1fff'5694    0x54  moduleInit.o [1]
    .bss                 zero     0x1fff'56e8    0x60  MPU6000.o [1]
    .bss                 zero     0x1fff'5748    0x60  MPU6000.o [1]
    .bss                 zero     0x1fff'57a8     0x4  MS5611 Air Pressure.o [1]
    .bss                 zero     0x1fff'57ac    0x38  MS5611 Air Pressure.o [1]
    .bss                 zero     0x1fff'57e4     0x4  MS5611 Air Pressure.o [1]
    .bss                 zero     0x1fff'57e8     0x4  MS5611 Air Pressure.o [1]
    .bss                 zero     0x1fff'57ec     0x4  MS5611 Air Pressure.o [1]
    .bss                 zero     0x1fff'57f0     0x4  Navigation.o [1]
    .bss                 zero     0x1fff'57f4    0xac  Navigation.o [1]
    .bss                 zero     0x1fff'58a0     0x4  Odom.o [1]
    .bss                 zero     0x1fff'58a4   0x750  Odom.o [1]
    .bss                 zero     0x1fff'5ff4    0x10  PIT.o [1]
    .bss                 zero     0x1fff'6004    0x10  project.o [1]
    .bss                 zero     0x1fff'6014     0x4  SBus.o [1]
    .bss                 zero     0x1fff'6018   0x1c8  SBus.o [1]
    .bss                 zero     0x1fff'61e0    0x18  SPI.o [1]
    .bss                 zero     0x1fff'61f8    0x18  SPI.o [1]
    .bss                 zero     0x1fff'6210    0x18  SPI.o [1]
    .bss                 zero     0x1fff'6228     0x4  SPI.o [1]
    .bss                 zero     0x1fff'622c    0x18  UART.o [1]
    .bss                 zero     0x1fff'6244    0x18  UART.o [1]
    .bss                 zero     0x1fff'625c     0x4  Ultrasound(UART).o [1]
    .bss                 zero     0x1fff'6260   0xde8  Ultrasound(UART).o [1]
    .bss                 zero     0x1fff'7048     0x4  Ultrasound.o [1]
    .bss                 zero     0x1fff'704c    0x34  Ultrasound.o [1]
    .bss                 zero     0x1fff'7080    0x38  Ultrasound.o [1]
    .bss                 zero     0x1fff'70b8     0x4  variables_F450.o [1]
    .bss                 zero     0x1fff'70bc     0x4  variables_F450.o [1]
    .bss                 zero     0x1fff'70c0     0x4  variables_F450.o [1]
    .bss                 zero     0x1fff'70c4     0x4  variables_F450.o [1]
    .bss                 zero     0x1fff'70c8     0x4  variables_F450.o [1]
    .bss                 zero     0x1fff'70cc     0x4  variables_F450.o [1]
    .bss                 zero     0x1fff'70d0     0x4  variables_F450.o [1]
    .bss                 zero     0x1fff'70d4   0x180  variables_F450.o [1]
    .bss                 zero     0x1fff'7254     0x4  variables_F450.o [1]
    .bss                 zero     0x1fff'7258     0x4  variables_F450.o [1]
    .bss                 zero     0x1fff'725c     0x4  variables_F450.o [1]
    .bss                 zero     0x1fff'7260     0x4  variables_F450.o [1]
    .bss                 zero     0x1fff'7264     0x4  variables_F450.o [1]
    .bss                 zero     0x1fff'7268     0x4  variables_F450.o [1]
    .bss                 zero     0x1fff'726c     0x4  variables_F450.o [1]
    .bss                 zero     0x1fff'7270     0x4  variables_F450.o [1]
    .bss                 zero     0x1fff'7274     0x4  variables_F450.o [1]
    .bss                 zero     0x1fff'7278     0x4  variables_F450.o [1]
    .bss                 zero     0x1fff'727c     0x4  variables_F450.o [1]
    .bss                 zero     0x1fff'7280     0x4  variables_F450.o [1]
    .bss                 zero     0x1fff'7284     0x4  variables_F450.o [1]
    .bss                 zero     0x1fff'7288     0x4  variables_F450.o [1]
    .bss                 zero     0x1fff'728c     0x4  variables_F450.o [1]
    .bss                 zero     0x1fff'7290     0x4  variables_F450.o [1]
    .bss                 zero     0x1fff'7294     0x4  variables_F450.o [1]
    .bss                 zero     0x1fff'7298     0x4  VideoStation.o [1]
    .bss                 zero     0x1fff'729c   0xb28  VideoStation.o [1]
    .bss                 zero     0x1fff'7dc4     0x4  waterGun.o [1]
    .bss                 zero     0x1fff'7dc8     0x2  history AHRS data.o [1]
    .bss                 zero     0x1fff'7dca     0x2  history AHRS data.o [1]
    .bss                 zero     0x1fff'7dcc     0x2  history AHRS data.o [1]
    .bss                 zero     0x1fff'7dce     0x2  history AHRS data.o [1]
    .bss                 zero     0x1fff'7dd0     0x2  history AHRS data.o [1]
    .bss                 zero     0x1fff'7dd2     0x2  history AHRS data.o [1]
    .bss                 zero     0x1fff'7dd4     0x2  history AHRS data.o [1]
    .bss                 zero     0x1fff'7dd6     0x2  history AHRS data.o [1]
    .bss                 zero     0x1fff'7dd8     0x2  history AHRS data.o [1]
    .bss                 zero     0x1fff'7dda     0x2  MS5611 Air Pressure.o [1]
    .bss                 zero     0x1fff'7ddc     0x2  MS5611 Air Pressure.o [1]
    .bss                 zero     0x1fff'7dde     0x2  MS5611 Air Pressure.o [1]
    .bss                 zero     0x1fff'7de0     0x2  MS5611 Air Pressure.o [1]
    .bss                 zero     0x1fff'7de2     0x2  MS5611 Air Pressure.o [1]
    .bss                 zero     0x1fff'7de4     0x2  MS5611 Air Pressure.o [1]
    .bss                 zero     0x1fff'7de6     0x2  MS5611 Air Pressure.o [1]
    .bss                 zero     0x1fff'7de8     0x2  MS5611 Air Pressure.o [1]
    .bss                 zero     0x1fff'7dea     0x1  AHRS.o [1]
    .bss                 zero     0x1fff'7deb     0x1  Beep.o [1]
    .bss                 zero     0x1fff'7dec     0x1  Beep.o [1]
    .bss                 zero     0x1fff'7ded     0x1  EKF_AHRS.o [1]
    .bss                 zero     0x1fff'7dee     0x1  EKF_AHRS.o [1]
    .bss                 zero     0x1fff'7def     0x1  EKF_AHRS.o [1]
    .bss                 zero     0x1fff'7df0     0x1  FlightMode.o [1]
    .bss                 zero     0x1fff'7df1     0x1  isr.o [1]
    .bss                 zero     0x1fff'7df2     0x1  moduleInit.o [1]
    .bss                 zero     0x1fff'7df3     0x1  moduleInit.o [1]
    .bss                 zero     0x1fff'7df4     0x1  MS5611 Air Pressure.o [1]
    .bss                 zero     0x1fff'7df5     0x1  Navigation.o [1]
    .bss                 zero     0x1fff'7df6     0x1  Odom.o [1]
    .bss                 zero     0x1fff'7df7     0x1  project.o [1]
    .bss                 zero     0x1fff'7df8     0x1  project.o [1]
    .bss                 zero     0x1fff'7df9     0x1  project.o [1]
    .bss                 zero     0x1fff'7dfa     0x1  project.o [1]
    .bss                 zero     0x1fff'7dfb     0x1  project.o [1]
    .bss                 zero     0x1fff'7dfc     0x1  SBus.o [1]
    .bss                 zero     0x1fff'7dfd     0x1  Ultrasound(UART).o [1]
    .bss                 zero     0x1fff'7dfe     0x1  Ultrasound.o [1]
    .bss                 zero     0x1fff'7dff     0x1  VideoStation.o [1]
                                - 0x1fff'7e00  0x60ac

"P2", part 3 of 3:                             0x2000
  CodeRelocateRam                 0x1fff'7e00     0x0  <Block>
  CSTACK                          0x1fff'7e00  0x2000  <Block>
    CSTACK               uninit   0x1fff'7e00  0x2000  <Block tail>
                                - 0x1fff'9e00  0x2000

Unused ranges:

         From           To      Size
         ----           --      ----
        0x400        0x40f      0x10
       0xf2dc     0x7'ffff  0x7'0d24
  0x1fff'9e00  0x2000'fff0  0x1'61f1


*******************************************************************************
*** INIT TABLE
***

          Address      Size
          -------      ----
Zero (__iar_zero_init3)
    1 destination range, total size 0x60a8:
          0x1fff'1d58  0x60a8

Extra (__iar_cstart_call_ctors)



*******************************************************************************
*** MODULE SUMMARY
***

    Module                 ro code  ro data  rw data
    ------                 -------  -------  -------
command line/config:
    ------------------------------------------------
    Total:

C:\Users\xsk19940910\Desktop\flightController-1\flightController-1\program\iar\FLASH\Obj: [1]
    ADC.o                    1 608       96       16
    ADXL355.o                  622       12       72
    ADXRS453.o                 688       12       60
    AHRS.o                     144                33
    Beep.o                      32                 6
    DMA.o                      844       96      128
    EKF_AHRS.o               7 560       40   10 679
    EVB.o                    2 600             2 020
    FTM.o                    3 012       96       16
    FlightMode.o             1 970               161
    GPIO.o                     284       96       20
    General Class.o            764
    HMC5983.o                  376        4       20
    LPTMR.o                    300       96        4
    MCG.o                      512       16       16
    MPU6000.o                1 706        5      193
    MS5611 Air Pressure.o      342        4      353
    MadgwickAHRS.o           1 436       12       24
    Navigation.o               882               177
    Odom.o                   1 364             1 877
    PIT.o                      308       96       16
    SBus.o                   1 080               461
    SPI.o                    1 996       96       76
    UART.o                   1 332                48
    Ultrasound(UART).o         990             3 565
    Ultrasound.o                96        4      113
    VideoStation.o             654             2 861
    assert.o                    40       48        8
    control.o                2 340        8       12
    fuzzyPID.o                 556
    history AHRS data.o                           18
    io.o                        20
    isr.o                    1 900               109
    moduleInit.o             2 096             1 054
    printf.o                 1 376
    project.o                  276       26       39
    relocate.o                 172
    startup_K60F12.o         1 044
    system_MK60.o            1 552    1 332        4
    variables_F450.o                  6 388    6 868
    waterGun.o                 628                84
    ------------------------------------------------
    Total:                  45 502    8 583   31 211

dl7M_tlf.a: [2]
    cppinit.o                   24
    exit.o                       4
    strncmp.o                   40
    ------------------------------------------------
    Total:                      68

dlpp7M_tl_fc.a: [3]
    ------------------------------------------------
    Total:

iar_cortexM4lf_math.a: [4]
    arm_common_tables.o               2 052
    arm_cos_f32.o              128
    arm_mat_add_f32.o          370
    arm_mat_inverse_f32.o    1 392
    arm_mat_mult_f32.o         256
    arm_mat_scale_f32.o        238
    arm_mat_sub_f32.o          370
    arm_mat_trans_f32.o        252
    ------------------------------------------------
    Total:                   3 006    2 052

m7M_tls.a: [5]
    DblAdd.o                   378
    DblCmpLe.o                  46
    DblDiv.o                   582
    DblMul.o                   418
    DblSub.o                   226
    DblToFlt.o                 104
    DblToS32.o                  58
    FltToDbl.o                  72
    S32ToDbl.o                  34
    asinf.o                     92
    atan2f.o                   106
    atanf.o                     72
    fpinit_M.o                  34
    xatanf.o                   164
    ------------------------------------------------
    Total:                   2 386

rt7M_tl.a: [6]
    ABImemcpy.o                134
    ABImemset.o                102
    cexit.o                     10
    cmain.o                     30
    cmain_call_ctors.o          32
    cstartup_M.o                12
    data_init.o                 40
    strlen.o                    54
    zero_init3.o                58
    ------------------------------------------------
    Total:                     472

shb_l.a: [7]
    exit.o                      20
    unwind_debug.o                        1
    ------------------------------------------------
    Total:                      20        1

    Gaps                        41        4
    Linker created                       21    8 192
----------------------------------------------------
    Grand Total:            51 495   10 661   39 403


*******************************************************************************
*** ENTRY LIST
***

Entry                       Address    Size  Type      Object
-----                       -------    ----  ----      ------
.bss$$Base              0x1fff'1d58           --   Gb  - Linker created -
.bss$$Limit             0x1fff'7e00           --   Gb  - Linker created -
.data$$Base             0x1fff'0410           --   Gb  - Linker created -
.data$$Limit            0x1fff'1d54           --   Gb  - Linker created -
.data_init$$Base              0x424           --   Gb  - Linker created -
.data_init$$Limit            0x1d68           --   Gb  - Linker created -
.iar.init_table$$Base        0xeed4           --   Gb  - Linker created -
.iar.init_table$$Limit       0xeee8           --   Gb  - Linker created -
?main                        0xefc1          Code  Gb  cmain.o [6]
ADC1_Init()                  0x8153    0x4a  Code  Gb  moduleInit.o [1]
ADC1_init_struct        0x1fff'566c    0x14  Data  Gb  moduleInit.o [1]
ADC_Chn_Enable               0xc36d   0x350  Code  Gb  ADC.o [1]
ADC_Get                      0xc343    0x2a  Code  Gb  ADC.o [1]
ADC_ISR                 0x1fff'1eb0    0x10  Data  Gb  ADC.o [1]
ADC_Init                     0xc165   0x1de  Code  Gb  ADC.o [1]
ADXL355                 0x1fff'1ec0    0x40  Data  Gb  ADXL355.o [1]
ADXL355_Acceleration_Data_Conversion(int)
                             0xa3db    0x22  Code  Gb  ADXL355.o [1]
ADXL355_CS              0x1fff'0418     0x4  Data  Gb  ADXL355.o [1]
ADXL355_Data_Scan()          0xa343    0x98  Code  Gb  ADXL355.o [1]
ADXL355_Init()               0xa2eb    0x3e  Code  Gb  ADXL355.o [1]
ADXL355_ReadByte(unsigned char)
                             0xa42d    0x34  Code  Gb  ADXL355.o [1]
ADXL355_ReadWrite_16bits(unsigned char)
                             0xa461    0x52  Code  Gb  ADXL355.o [1]
ADXL355_ReadWrite_32bits(unsigned char)
                             0xa4b3    0x78  Code  Gb  ADXL355.o [1]
ADXL355_Start_Sensor()       0xa329    0x1a  Code  Gb  ADXL355.o [1]
ADXL355_WriteByte(unsigned char, unsigned char)
                             0xa3fd    0x30  Code  Gb  ADXL355.o [1]
ADXRS453                0x1fff'1f24     0xc  Data  Gb  ADXRS453.o [1]
ADXRS453S_X             0x1fff'1f14     0x4  Data  Gb  ADXRS453.o [1]
ADXRS453S_X_raw         0x1fff'1f08     0x4  Data  Gb  ADXRS453.o [1]
ADXRS453S_Y             0x1fff'1f10     0x4  Data  Gb  ADXRS453.o [1]
ADXRS453S_Y_raw         0x1fff'1f04     0x4  Data  Gb  ADXRS453.o [1]
ADXRS453S_Z             0x1fff'1f0c     0x4  Data  Gb  ADXRS453.o [1]
ADXRS453S_Z_raw         0x1fff'1f00     0x4  Data  Gb  ADXRS453.o [1]
ADXRS453S_scale         0x1fff'1f18     0xc  Data  Gb  ADXRS453.o [1]
ADXRS453SensorData()         0xa545   0x152  Code  Gb  ADXRS453.o [1]
ADXRS453StartUp(int)         0xa697    0x7e  Code  Gb  ADXRS453.o [1]
ADXRS453StartUp_XYZ()        0xa715    0x14  Code  Gb  ADXRS453.o [1]
ADXRS453_CS_x           0x1fff'0428     0x4  Data  Gb  ADXRS453.o [1]
ADXRS453_CS_y           0x1fff'0424     0x4  Data  Gb  ADXRS453.o [1]
ADXRS453_CS_z           0x1fff'0420     0x4  Data  Gb  ADXRS453.o [1]
AHRS                    0x1fff'1f30     0x4  Data  Gb  AHRS.o [1]
AHRS_init()                  0xb13d    0x1c  Code  Gb  AHRS.o [1]
AHRS_init()::AHRS_in    0x1fff'1f34    0x1c  Data  Lc  AHRS.o [1]
AHRS_init()::static guard for AHRS_in
                        0x1fff'7dea     0x1  Data  Lc  AHRS.o [1]
APdistance              0x1fff'57e8     0x4  Data  Gb  MS5611 Air Pressure.o [1]
ASSERT_FAILED_STR            0xed40    0x30  Data  Lc  assert.o [1]
A_array                 0x1fff'6004    0x10  Data  Gb  project.o [1]
AirPressure             0x1fff'57a8     0x4  Data  Gb  MS5611 Air Pressure.o [1]
AirPressure_Init()           0xb1d9    0x24  Code  Gb  MS5611 Air Pressure.o [1]
AirPressure_Init()::AirPressure0
                        0x1fff'1d58   0x108  Data  Lc  MS5611 Air Pressure.o [1]
AirPressure_Init()::static guard for AirPressure0
                        0x1fff'7df4     0x1  Data  Lc  MS5611 Air Pressure.o [1]
AirPressure__::AirPressure__()
                             0xc9f1    0x1e  Code  Gb  MS5611 Air Pressure.o [1]
AirPrevel_z             0x1fff'57e4     0x4  Data  Gb  MS5611 Air Pressure.o [1]
AirPrevel_z_1           0x1fff'57ec     0x4  Data  Gb  MS5611 Air Pressure.o [1]
BarodistanceFilter      0x1fff'57ac    0x38  Data  Gb  MS5611 Air Pressure.o [1]
Beep                    0x1fff'1f58     0x4  Data  Gb  Beep.o [1]
Beep_Init()                  0xa921    0x20  Code  Gb  Beep.o [1]
Beep_Init()::Beep_0     0x1fff'7dec     0x1  Data  Lc  Beep.o [1]
Beep_Init()::static guard for Beep_0
                        0x1fff'7deb     0x1  Data  Lc  Beep.o [1]
C1                      0x1fff'7ddc     0x2  Data  Lc  MS5611 Air Pressure.o [1]
C2                      0x1fff'7dde     0x2  Data  Lc  MS5611 Air Pressure.o [1]
C3                      0x1fff'7de0     0x2  Data  Lc  MS5611 Air Pressure.o [1]
C4                      0x1fff'7de2     0x2  Data  Lc  MS5611 Air Pressure.o [1]
C5                      0x1fff'7de4     0x2  Data  Lc  MS5611 Air Pressure.o [1]
C6                      0x1fff'7de6     0x2  Data  Lc  MS5611 Air Pressure.o [1]
CADXL355::CADXL355()         0xc981     0xa  Code  Gb  ADXL355.o [1]
CAHRS::Sensordata()          0xb159    0x5c  Code  Gb  AHRS.o [1]
CEKF_AHRS::CEKF_AHRS()       0x361d   0x4c4  Code  Gb  EKF_AHRS.o [1]
CEKF_AHRS::EKF()             0x1e71  0x16b0  Code  Gb  EKF_AHRS.o [1]
CEVB::MotorMonitor()         0x69c5    0x26  Code  Gb  EVB.o [1]
CEVB::ResetTrigger()         0x69ed    0x84  Code  Gb  EVB.o [1]
CEVB::TX_::add(char)         0x6bed     0xa  Code  Gb  EVB.o [1]
CEVB::TX_::clear()           0x6bf7    0x1a  Code  Gb  EVB.o [1]
CEVB::TX_::startDMA_Transmit()
                             0x65d9    0x38  Code  Gb  EVB.o [1]
CEVB::makeOnePackge()        0x6405   0x1d4  Code  Gb  EVB.o [1]
CEVB::send()                 0x62bf    0x3c  Code  Gb  EVB.o [1]
CFlightMode::CFlightMode()
                             0x82fd     0xe  Code  Gb  FlightMode.o [1]
CFlightMode::CMission::update()
                             0x8865   0x1c6  Code  Gb  FlightMode.o [1]
CFlightMode::CTakeOff::update()
                             0x8509   0x33c  Code  Gb  FlightMode.o [1]
CFlightMode::update()        0x8331   0x1c6  Code  Gb  FlightMode.o [1]
CNavigation::CNavigation()
                             0xc7ff    0x16  Code  Gb  Navigation.o [1]
CNavigation::update()        0x8ae5   0x2be  Code  Gb  Navigation.o [1]
COdom::COdom()               0xc901    0x3e  Code  Gb  Odom.o [1]
COdom::Odom_convert(unsigned int)
                             0x9569   0x10e  Code  Gb  Odom.o [1]
COdom::TX_::add(char)        0xc95b     0xe  Code  Gb  Odom.o [1]
COdom::TX_::clear()          0xc93f    0x1c  Code  Gb  Odom.o [1]
COdom::TX_::startDMA_Transmit(COdom*)
                             0x9845    0x42  Code  Gb  Odom.o [1]
COdom::sendPackage()         0x9677   0x1ce  Code  Gb  Odom.o [1]
COdom::update()              0x9449   0x120  Code  Gb  Odom.o [1]
COutlierFilter::COutlierFilter()
                             0xc9dd    0x14  Code  Gb  VideoStation.o [1]
COutlierFilter::checkIsNewData(int)
                             0x4bc9    0x14  Code  Gb  General Class.o [1]
COutlierFilter::newData1(float, int)
                             0x4a2d    0xb6  Code  Gb  General Class.o [1]
COutlierFilter::newData3(float, int)
                             0x4ae5    0xd0  Code  Gb  General Class.o [1]
COutlierFilter::setParameter(float, int)
                             0x4bc1     0x8  Code  Gb  General Class.o [1]
COutlierFilter::setParameter(float, int, float)
                             0x4bb5     0xc  Code  Gb  General Class.o [1]
CRC_1                   0x1fff'7de8     0x2  Data  Lc  MS5611 Air Pressure.o [1]
CSBus::sbus_convert(unsigned int)
                             0x9095   0x30a  Code  Gb  SBus.o [1]
CSBus::update()              0x8fb5    0xde  Code  Gb  SBus.o [1]
CSTACK$$Base            0x1fff'7e00           --   Gb  - Linker created -
CSTACK$$Limit           0x1fff'9e00           --   Gb  - Linker created -
CUltrasoundUART::CUltrasoundUART()
                             0xca39    0x7c  Code  Gb  Ultrasound(UART).o [1]
CUltrasoundUART::TX_::add(char)
                             0xcab5     0xa  Code  Gb  Ultrasound(UART).o [1]
CUltrasoundUART::TX_::startDMA_Transmit(CUltrasoundUART*)
                             0xb617    0x42  Code  Gb  Ultrasound(UART).o [1]
CUltrasoundUART::sendMeasureRequest()
                             0xb5eb    0x2c  Code  Gb  Ultrasound(UART).o [1]
CUltrasoundUART::update()
                             0xb3fd   0x1ee  Code  Gb  Ultrasound(UART).o [1]
CVideoStation::CVideoStation()
                             0xc85d    0x78  Code  Gb  VideoStation.o [1]
CVideoStation::TX_::add(char)
                             0xc8f3     0xe  Code  Gb  VideoStation.o [1]
CVideoStation::TX_::clear()
                             0xc8d5    0x1e  Code  Gb  VideoStation.o [1]
CVideoStation::TX_::startDMA_Transmit()
                             0x8f2f    0x34  Code  Gb  VideoStation.o [1]
CVideoStation::sendPackage()
                             0x8e91    0x9e  Code  Gb  VideoStation.o [1]
CWaterGun::startSpraying()
                             0x9ac5    0x1c  Code  Gb  waterGun.o [1]
CWaterGun::stopSpraying()
                             0x9ae1    0x1c  Code  Gb  waterGun.o [1]
CWaterGun::update()          0x9909   0x1bc  Code  Gb  waterGun.o [1]
CodeRelocate$$Base            0x400           --   Gb  - Linker created -
CodeRelocate$$Limit           0x400           --   Gb  - Linker created -
CodeRelocateRam$$Base   0x1fff'7e00           --   Gb  - Linker created -
CodeRelocateRam$$Limit  0x1fff'7e00           --   Gb  - Linker created -
Compass                 0x1fff'523c    0x10  Data  Gb  HMC5983.o [1]
ControlOutput_ZChannel  0x1fff'70d0     0x4  Data  Gb  variables_F450.o [1]
Coordinate::Coordinate()
                             0x35f1    0x1e  Code  Gb  VideoStation.o [1]
CoordinateElement::CoordinateElement()
                             0x4f5d    0x1c  Code  Gb  VideoStation.o [1]
CoordinateElement::calculateD(int)
                             0x4c05    0x96  Code  Gb  General Class.o [1]
CoordinateElement::operator +=(float)
                             0x4be3     0xe  Code  Gb  General Class.o [1]
CoordinateElement::operator -=(float)
                             0x4bf1     0xe  Code  Gb  General Class.o [1]
CoordinateElement::operator =(float)
                             0x4bdd     0x6  Code  Gb  General Class.o [1]
CoordinateElement::operator float()
                             0x4bff     0x6  Code  Gb  General Class.o [1]
DMA0_                   0x1fff'5388    0x2c  Data  Gb  moduleInit.o [1]
DMA10_                  0x1fff'54e8    0x2c  Data  Gb  moduleInit.o [1]
DMA1_                   0x1fff'53b4    0x2c  Data  Gb  moduleInit.o [1]
DMA2_                   0x1fff'53e0    0x2c  Data  Gb  moduleInit.o [1]
DMA3_                   0x1fff'540c    0x2c  Data  Gb  moduleInit.o [1]
DMA6_                   0x1fff'5438    0x2c  Data  Gb  moduleInit.o [1]
DMA7_                   0x1fff'5464    0x2c  Data  Gb  moduleInit.o [1]
DMA8_                   0x1fff'5490    0x2c  Data  Gb  moduleInit.o [1]
DMA9_                   0x1fff'54bc    0x2c  Data  Gb  moduleInit.o [1]
DMA_ISR                 0x1fff'1f60    0x80  Data  Gb  DMA.o [1]
DMA_Init                     0xbcfd   0x32a  Code  Gb  DMA.o [1]
DMA_init()                   0x7e59   0x280  Code  Gb  moduleInit.o [1]
DMA_isOccupying              0x6bd9    0x14  Code  Gb  VideoStation.o [1]
DefaultISR                   0xe131    0x16  Code  Gb  system_MK60.o [1]
EKF_AHRS                0x1fff'1fe0     0x4  Data  Gb  EKF_AHRS.o [1]
EKF_AHRS1               0x1fff'1fe4     0x4  Data  Gb  EKF_AHRS.o [1]
EKF_AHRS_init()              0x1dc5    0x70  Code  Gb  EKF_AHRS.o [1]
EKF_AHRS_init()::EKF_AHRS_in
                        0x1fff'392c   0x834  Data  Lc  EKF_AHRS.o [1]
EKF_AHRS_init()::EKF_AHRS_in1
                        0x1fff'4160   0x834  Data  Lc  EKF_AHRS.o [1]
EKF_AHRS_init()::static guard for EKF_AHRS_in
                        0x1fff'7ded     0x1  Data  Lc  EKF_AHRS.o [1]
EKF_AHRS_init()::static guard for EKF_AHRS_in1
                        0x1fff'7dee     0x1  Data  Lc  EKF_AHRS.o [1]
EVB                     0x1fff'4994   0x7e0  Data  Gb  EVB.o [1]
EVBInitUser()                0x7acd    0x54  Code  Gb  moduleInit.o [1]
EVBInitUserStruct       0x1fff'5598    0xd4  Data  Gb  moduleInit.o [1]
EVB_DMA_Receive()            0x6611    0xd4  Code  Gb  EVB.o [1]
EVB_DMA_Receive()::address00
                        0x1fff'5174     0x4  Data  Lc  EVB.o [1]
EVB_Init(__EVB_InitTypeDef)
                             0x61d5    0xb8  Code  Gb  EVB.o [1]
EVB_RX_Check(int)            0x66e5    0x30  Code  Gb  EVB.o [1]
EVB_SendSNum_3(int)          0x633d    0x64  Code  Gb  EVB.o [1]
EVB_SendStr(unsigned char *)
                             0x63e3    0x1a  Code  Gb  EVB.o [1]
EVB_SendTable(short *, __SendMode)
                             0x63a1    0x42  Code  Gb  EVB.o [1]
EVB_SendUNum_1(int)          0x6329    0x14  Code  Gb  EVB.o [1]
EVB_SendUNum_2(int)          0x62fb    0x2e  Code  Gb  EVB.o [1]
EVB_TimerUpdate()            0x628d    0x32  Code  Gb  EVB.o [1]
EVB_Unpack(int)              0x6715   0x2b0  Code  Gb  EVB.o [1]
EVB_atoi(char *, int)        0x6a71    0xf2  Code  Gb  EVB.o [1]
FTM0_IRQHandler              0x5b6f     0xa  Code  Gb  FTM.o [1]
FTM1_IRQHandler              0x5b79     0xa  Code  Gb  FTM.o [1]
FTM2_IRQHandler              0x5b89     0xa  Code  Gb  FTM.o [1]
FTM3_IRQHandler              0x5b93     0xa  Code  Gb  FTM.o [1]
FTM_ISR                 0x1fff'5218    0x10  Data  Gb  FTM.o [1]
FTM_Init                     0x5051   0x134  Code  Gb  FTM.o [1]
FTM_PWM_ChangeDuty           0x51fb    0x52  Code  Gb  FTM.o [1]
FTM_PWM_Enable               0x5185    0x76  Code  Gb  FTM.o [1]
F_file                  0x1fff'1f54     0x4  Data  Gb  assert.o [1]
F_line                  0x1fff'1f50     0x4  Data  Gb  assert.o [1]
Fusion::Fusion()             0x4f95    0x16  Code  Gb  EKF_AHRS.o [1]
GPIO_ISR                0x1fff'5228    0x14  Data  Gb  GPIO.o [1]
GPIO_Init                    0xc049    0xe6  Code  Gb  GPIO.o [1]
GPIO_Output_b                0xc969    0x18  Code  Gb  waterGun.o [1]
GPIO_init()                  0x819d    0x6e  Code  Gb  moduleInit.o [1]
GPIO_init_struct        0x1fff'5528    0x14  Data  Gb  moduleInit.o [1]
GPIO_init_struct1       0x1fff'553c    0x14  Data  Gb  moduleInit.o [1]
GPIO_init_struct2       0x1fff'5550    0x14  Data  Gb  moduleInit.o [1]
H_accel_x               0x1fff'7dc8     0x2  Data  Gb  history AHRS data.o [1]
H_accel_y               0x1fff'7dca     0x2  Data  Gb  history AHRS data.o [1]
H_accel_z               0x1fff'7dcc     0x2  Data  Gb  history AHRS data.o [1]
H_gyro_x                0x1fff'7dce     0x2  Data  Gb  history AHRS data.o [1]
H_gyro_y                0x1fff'7dd0     0x2  Data  Gb  history AHRS data.o [1]
H_gyro_z                0x1fff'7dd2     0x2  Data  Gb  history AHRS data.o [1]
H_hmc_x                 0x1fff'7dd4     0x2  Data  Gb  history AHRS data.o [1]
H_hmc_y                 0x1fff'7dd6     0x2  Data  Gb  history AHRS data.o [1]
H_hmc_z                 0x1fff'7dd8     0x2  Data  Gb  history AHRS data.o [1]
HardFault_Handler            0xe125     0xc  Code  Gb  system_MK60.o [1]
IMU_acc_E               0x1fff'1fe8    0x54  Data  Gb  EKF_AHRS.o [1]
IMU_position            0x1fff'2090    0x54  Data  Gb  EKF_AHRS.o [1]
IMU_vel                 0x1fff'203c    0x54  Data  Gb  EKF_AHRS.o [1]
Init()                       0x7b21   0x142  Code  Gb  moduleInit.o [1]
Init()::command_def     0x1fff'5694    0x54  Data  Lc  moduleInit.o [1]
Init()::static guard for command_def
                        0x1fff'7df3     0x1  Data  Lc  moduleInit.o [1]
InitMPU6000()                0xb0c1    0x7a  Code  Gb  MPU6000.o [1]
LPTMR_DelayMs                0xa8c5    0x3a  Code  Gb  LPTMR.o [1]
LPTMR_ISR               0x1fff'52bc     0x4  Data  Gb  LPTMR.o [1]
LPTMR_Init                   0xa7f5    0xd0  Code  Gb  LPTMR.o [1]
LPTMR_init()                 0x7e41    0x18  Code  Gb  moduleInit.o [1]
LPTMR_init_struct       0x1fff'5680     0xc  Data  Gb  moduleInit.o [1]
MPU6000                 0x1fff'56e8    0x60  Data  Gb  MPU6000.o [1]
MPU6000_CS              0x1fff'1d52     0x1  Data  Gb  MPU6000.o [1]
MPU6000_DAQ()                0xad5d   0x2ce  Code  Gb  MPU6000.o [1]
MPU6000_Raw             0x1fff'5748    0x60  Data  Gb  MPU6000.o [1]
MPU6000_ReadBuf(unsigned char, unsigned char *, unsigned char)
                             0xaaf9    0x76  Code  Gb  MPU6000.o [1]
MPU6000_Type::MPU6000_Type()
                             0xc9b5    0x28  Code  Gb  MPU6000.o [1]
MPU6000_Type::error()        0xad4d     0xe  Code  Gb  MPU6000.o [1]
MPU6000_Type::isInRange(float, float, float)
                             0xaca3    0x88  Code  Gb  MPU6000.o [1]
MPU6000_Type::isNormal()
                             0xad2b    0x22  Code  Gb  MPU6000.o [1]
MPU6000_Type::operator -(MPU6000_Type&)
                             0xac15    0x8e  Code  Gb  MPU6000.o [1]
MPU6000_Type::operator =(MPU6000_Type&)
                             0xab6f    0x1e  Code  Gb  MPU6000.o [1]
MPU6000_Type::operator ==(MPU6000_Type&)
                             0xab8d    0x88  Code  Gb  MPU6000.o [1]
MPU6000_WriteByte(unsigned char, unsigned char)
                             0xaacd    0x2c  Code  Gb  MPU6000.o [1]
MS5611_PROM_READ()           0xb26d    0x64  Code  Gb  MS5611 Air Pressure.o [1]
MS5611_RESET()               0xb261     0xc  Code  Gb  MS5611 Air Pressure.o [1]
MS5611_ReadWriteByte(unsigned char, unsigned char)
                             0xb215    0x1a  Code  Gb  MS5611 Air Pressure.o [1]
MS5611_ReadWrite_16bits(unsigned char)
                             0xb22f    0x32  Code  Gb  MS5611 Air Pressure.o [1]
MS5611_init()                0xb1fd    0x18  Code  Gb  MS5611 Air Pressure.o [1]
MadgwickAHRSupdateIMU(float, float, float, float, float, float)
                             0xda31   0x434  Code  Gb  MadgwickAHRS.o [1]
Navigation              0x1fff'57f0     0x4  Data  Gb  Navigation.o [1]
Navigation_Init()            0x8ab1    0x32  Code  Gb  Navigation.o [1]
Navigation_Init()::Navigation_0
                        0x1fff'57f4    0xac  Data  Lc  Navigation.o [1]
Navigation_Init()::static guard for Navigation_0
                        0x1fff'7df5     0x1  Data  Lc  Navigation.o [1]
Odom                    0x1fff'58a0     0x4  Data  Gb  Odom.o [1]
Odom_Init()                  0x93cd    0x7c  Code  Gb  Odom.o [1]
Odom_Init()::Odom_static
                        0x1fff'58a4   0x750  Data  Lc  Odom.o [1]
Odom_Init()::static guard for Odom_static
                        0x1fff'7df6     0x1  Data  Lc  Odom.o [1]
PID_controler(PID_Controller *)
                             0x7721    0xb6  Code  Gb  fuzzyPID.o [1]
PIT0_IRQHandler              0xb78f    0x14  Code  Gb  PIT.o [1]
PIT_EnableIrq                0xb767    0x28  Code  Gb  PIT.o [1]
PIT_ISR                 0x1fff'5ff4    0x10  Data  Gb  PIT.o [1]
PIT_Init                     0xb6b3    0xb4  Code  Gb  PIT.o [1]
PIT_init(int)                0x7d0b    0x26  Code  Gb  moduleInit.o [1]
PLL_Setup                    0xe689   0x200  Code  Gb  MCG.o [1]
PWM_init()                   0x7c63    0xa8  Code  Gb  moduleInit.o [1]
Region$$Table$$Base          0xeed4           --   Gb  - Linker created -
Region$$Table$$Limit         0xeee8           --   Gb  - Linker created -
SBus                    0x1fff'6014     0x4  Data  Gb  SBus.o [1]
SBus_Init()                  0x8f95    0x20  Code  Gb  SBus.o [1]
SBus_Init()::SBus_static
                        0x1fff'6018   0x1c8  Data  Lc  SBus.o [1]
SBus_Init()::static guard for SBus_static
                        0x1fff'7dfc     0x1  Data  Lc  SBus.o [1]
SCI_TXD                      0xbc53    0x10  Code  Gb  UART.o [1]
SHT$$INIT_ARRAY$$Base        0xf1cc           --   Gb  - Linker created -
SHT$$INIT_ARRAY$$Limit       0xf1e0           --   Gb  - Linker created -
SHT$$PREINIT_ARRAY$$Base
                             0xf1cc           --   Gb  - Linker created -
SHT$$PREINIT_ARRAY$$Limit
                             0xf1cc           --   Gb  - Linker created -
SPI0_ISR                0x1fff'61e0    0x18  Data  Gb  SPI.o [1]
SPI1_ISR                0x1fff'61f8    0x18  Data  Gb  SPI.o [1]
SPI1_Init()                  0x80d9    0x7a  Code  Gb  moduleInit.o [1]
SPI1_init_struct        0x1fff'5564    0x34  Data  Gb  moduleInit.o [1]
SPI1_transferAttributeRegisters
                        0x1fff'6228     0x4  Data  Gb  SPI.o [1]
SPI1_transferAttributeRegistersSwitch
                             0xa21b     0x6  Code  Gb  SPI.o [1]
SPI2_ISR                0x1fff'6210    0x18  Data  Gb  SPI.o [1]
SPI_Init                     0x9b15   0x6b8  Code  Gb  SPI.o [1]
SPI_Master_WriteRead         0xa1cd    0x4e  Code  Gb  SPI.o [1]
SpiFunction(unsigned char *, unsigned char *, unsigned int, int)
                             0xa729    0x90  Code  Gb  ADXRS453.o [1]
SystemCoreClock         0x1fff'0458     0x4  Data  Gb  system_MK60.o [1]
SystemCoreClockUpdate        0xe0f5    0x30  Code  Gb  system_MK60.o [1]
SystemInit                   0xdfcd   0x128  Code  Gb  system_MK60.o [1]
UART_Init                    0xb7c9   0x480  Code  Gb  UART.o [1]
UART_PutChar                 0xbc49     0xa  Code  Gb  UART.o [1]
UART_R_ISR              0x1fff'622c    0x18  Data  Gb  UART.o [1]
UART_T_ISR              0x1fff'6244    0x18  Data  Gb  UART.o [1]
UART_init()                  0x7d31   0x110  Code  Gb  moduleInit.o [1]
Ultrasound              0x1fff'7048     0x4  Data  Gb  Ultrasound.o [1]
UltrasoundUART          0x1fff'625c     0x4  Data  Gb  Ultrasound(UART).o [1]
UltrasoundUART_Init()        0xb33d    0xc0  Code  Gb  Ultrasound(UART).o [1]
UltrasoundUART_Init()::UltrasoundUART_static
                        0x1fff'6260   0xde8  Data  Lc  Ultrasound(UART).o [1]
UltrasoundUART_Init()::static guard for UltrasoundUART_static
                        0x1fff'7dfd     0x1  Data  Lc  Ultrasound(UART).o [1]
Ultrasound_Init()            0xb30f    0x1c  Code  Gb  Ultrasound.o [1]
Ultrasound_Init()::Ultrasound0
                        0x1fff'704c    0x34  Data  Lc  Ultrasound.o [1]
Ultrasound_Init()::static guard for Ultrasound0
                        0x1fff'7dfe     0x1  Data  Lc  Ultrasound.o [1]
Ultrasound__::Ultrasound__()
                             0xca11    0x28  Code  Gb  Ultrasound.o [1]
Ultrasound__::filter    0x1fff'7080    0x38  Data  Gb  Ultrasound.o [1]
VideoStation_Init()          0x8e0d    0x80  Code  Gb  VideoStation.o [1]
VideoStation_Init()::static guard for videoStation_0
                        0x1fff'7dff     0x1  Data  Lc  VideoStation.o [1]
VideoStation_Init()::videoStation_0
                        0x1fff'729c   0xb28  Data  Lc  VideoStation.o [1]
WaterGun_Init()              0x98b9    0x50  Code  Gb  waterGun.o [1]
WaterGun_Init()::waterGun_0
                        0x1fff'1e60    0x50  Data  Lc  waterGun.o [1]
Xi_array                0x1fff'0448    0x10  Data  Gb  project.o [1]
[local to ADC_c]::ADC_Cal(ADC_Type *)
                             0xc6bd    0xa6  Code  Lc  ADC.o [1]
[local to EKF_AHRS_cpp]::arm_sqrt_f32(float, float *)
                             0x1da1    0x22  Code  Lc  EKF_AHRS.o [1]
[local to FTM_c]::FTM_DEC_Init(FTM_InitTypeDef)
                             0x5b67     0x8  Code  Lc  FTM.o [1]
[local to FTM_c]::FTM_IC_Init(FTM_InitTypeDef)
                             0x5391    0xa6  Code  Lc  FTM.o [1]
[local to FTM_c]::FTM_PWM_Init(FTM_InitTypeDef)
                             0x524d   0x144  Code  Lc  FTM.o [1]
[local to FTM_c]::FTM_PinInit(FTM_Type *, FtmChnEnum, PortPinsEnum)
                             0x5459   0x68c  Code  Lc  FTM.o [1]
[local to FTM_c]::FTM_QD_Init(FTM_InitTypeDef)
                             0x5b29    0x3e  Code  Lc  FTM.o [1]
[local to PIT_c]::__NVIC_EnableIRQ(IRQn)
                             0xb695    0x1e  Code  Lc  PIT.o [1]
[local to isr_c]::arm_sqrt_f32(float, float *)
                             0xd2c5    0x22  Code  Lc  isr.o [1]
[local to printf_c]::printk_mknumstr(char *, void *, int, int)
                             0x5c6f    0xb2  Code  Lc  printf.o [1]
[local to printf_c]::printk_pad_space(int, int, int *, PRINTK_INFO *)
                             0x5d47    0x26  Code  Lc  printf.o [1]
[local to printf_c]::printk_pad_zero(int, int, int *, PRINTK_INFO *)
                             0x5d21    0x26  Code  Lc  printf.o [1]
[local to printf_c]::printk_putc(int, int *, PRINTK_INFO *)
                             0x5c3d    0x32  Code  Lc  printf.o [1]
[local to system_MK60_c]::Diagnostic_Reset_Source()
                             0xe33d   0x122  Code  Lc  system_MK60.o [1]
[local to system_MK60_c]::cpu_identify()
                             0xe14d   0x16a  Code  Lc  system_MK60.o [1]
[local to system_MK60_c]::flash_identify()
                             0xe2b7    0x86  Code  Lc  system_MK60.o [1]
__BOOT_STACK_ADDRESS {Abs}
                        0x2000'ffe8          Data  Gb  <internal module>
__VECTOR_RAM {Abs}      0x1fff'0000          Data  Gb  <internal module>
__VECTOR_TABLE {Abs}            0x0          Data  Gb  <internal module>
__Vectors                       0x0           --   Gb  startup_K60F12.o [1]
__Vectors_End                 0x400          Data  Gb  startup_K60F12.o [1]
__Vectors_Size {Abs}          0x400           --   Gb  startup_K60F12.o [1]
__aeabi_cdcmple              0xc7d1          Code  Gb  DblCmpLe.o [5]
__aeabi_d2f                  0x3d05          Code  Gb  DblToFlt.o [5]
__aeabi_d2iz                 0x6c11          Code  Gb  DblToS32.o [5]
__aeabi_dadd                 0x48b1          Code  Gb  DblAdd.o [5]
__aeabi_ddiv                 0x77f1          Code  Gb  DblDiv.o [5]
__aeabi_dmul                 0x3b29          Code  Gb  DblMul.o [5]
__aeabi_dsub                 0x4e79          Code  Gb  DblSub.o [5]
__aeabi_f2d                  0x3ae1          Code  Gb  FltToDbl.o [5]
__aeabi_i2d                  0xc7ad          Code  Gb  S32ToDbl.o [5]
__aeabi_memcpy4              0x4d29          Code  Gb  ABImemcpy.o [6]
__aeabi_memcpy8              0x4d29          Code  Gb  ABImemcpy.o [6]
__aeabi_memset               0x6c4d          Code  Gb  ABImemset.o [6]
__call_ctors                 0xefa9    0x18  Code  Gb  cppinit.o [2]
__cmain                      0xefc1          Code  Gb  cmain.o [6]
__exit                       0xeff1    0x14  Code  Gb  exit.o [7]
__iar_Memset                 0x6c4d          Code  Gb  ABImemset.o [6]
__iar_Memset_word            0x6c55          Code  Gb  ABImemset.o [6]
__iar_asin32                 0x4e1d          Code  Gb  asinf.o [5]
__iar_atan2_32               0x4db1          Code  Gb  atan2f.o [5]
__iar_atan32                 0xc815          Code  Gb  atanf.o [5]
__iar_cstart_call_ctors
                             0xef89    0x20  Code  Gb  cmain_call_ctors.o [6]
__iar_dadd                   0x4e89          Code  Gb  DblSub.o [5]
__iar_data_init3             0xedf9    0x28  Code  Gb  data_init.o [6]
__iar_debug_exceptions       0x1d68     0x1  Data  Gb  unwind_debug.o [7]
__iar_dsub                   0x48c1          Code  Gb  DblAdd.o [5]
__iar_dsubStart              0x48d3          Code  Gb  DblAdd.o [5]
__iar_init_vfp               0xeeb1          Code  Gb  fpinit_M.o [5]
__iar_program_start          0xf22d          Code  Gb  cstartup_M.o [6]
__iar_tls$$INIT_ARRAY$$Base
                             0xf1e0           --   Gb  - Linker created -
__iar_tls$$INIT_ARRAY$$Limit
                             0xf1e0           --   Gb  - Linker created -
__iar_xatanf                 0x4fad          Code  Gb  xatanf.o [5]
__iar_zero_init3             0x3ccb    0x3a  Code  Gb  zero_init3.o [6]
__sti__routine               0xa2e1     0xa  Code  Lc  ADXL355.o [1]
__sti__routine               0x1d6d    0x34  Code  Lc  EKF_AHRS.o [1]
__sti__routine               0xaab9    0x14  Code  Lc  MPU6000.o [1]
__sti__routine               0xb1cd     0xc  Code  Lc  MS5611 Air Pressure.o [1]
__sti__routine               0xb305     0xa  Code  Lc  Ultrasound.o [1]
__vector_table                  0x0          Data  Gb  startup_K60F12.o [1]
__vector_table_0x1c            0x1c          Data  Gb  startup_K60F12.o [1]
_call_main                   0xefcd          Code  Gb  cmain.o [6]
_exit                        0xefe5          Code  Gb  cexit.o [6]
_main                        0xefdb          Code  Gb  cmain.o [6]
accel_E_H_x             0x1fff'218c   0x7dc  Data  Gb  EKF_AHRS.o [1]
accel_E_H_y             0x1fff'2968   0x7dc  Data  Gb  EKF_AHRS.o [1]
accel_E_H_z             0x1fff'3144   0x7dc  Data  Gb  EKF_AHRS.o [1]
accel_E_x               0x1fff'3920     0x4  Data  Gb  EKF_AHRS.o [1]
accel_E_y               0x1fff'3924     0x4  Data  Gb  EKF_AHRS.o [1]
accel_E_z               0x1fff'3928     0x4  Data  Gb  EKF_AHRS.o [1]
angleX                  0x1fff'0a98   0x214  Data  Gb  variables_F450.o [1]
angleY                  0x1fff'0cac   0x214  Data  Gb  variables_F450.o [1]
angleZ                  0x1fff'0ec0   0x214  Data  Gb  variables_F450.o [1]
arm_cos_f32                  0x7a39    0x80  Code  Gb  arm_cos_f32.o [4]
arm_mat_add_f32              0x3e5d   0x172  Code  Gb  arm_mat_add_f32.o [4]
arm_mat_inverse_f32          0x41cd   0x570  Code  Gb  arm_mat_inverse_f32.o [4]
arm_mat_mult_f32             0x40cd   0x100  Code  Gb  arm_mat_mult_f32.o [4]
arm_mat_scale_f32            0x3d6d    0xee  Code  Gb  arm_mat_scale_f32.o [4]
arm_mat_sub_f32              0x473d   0x172  Code  Gb  arm_mat_sub_f32.o [4]
arm_mat_trans_f32            0x3fd1    0xfc  Code  Gb  arm_mat_trans_f32.o [4]
asinf                        0x4e1d          Code  Gb  asinf.o [5]
assert_failed                0x5c15    0x28  Code  Gb  assert.o [1]
atan2f                       0x4db1          Code  Gb  atan2f.o [5]
atanf                        0xc815          Code  Gb  atanf.o [5]
beta                    0x1fff'0410     0x8  Data  Gb  MadgwickAHRS.o [1]
calculateD_full(PID_Controller *)
                             0x763d    0x80  Code  Gb  fuzzyPID.o [1]
calculateD_partial(PID_Controller *)
                             0x75c5    0x76  Code  Gb  fuzzyPID.o [1]
calculateI(PID_Controller *)
                             0x76bd    0x4c  Code  Gb  fuzzyPID.o [1]
ce_io_param             0x1fff'5514    0x14  Data  Gb  moduleInit.o [1]
command                 0x1fff'5690     0x4  Data  Gb  moduleInit.o [1]
common_relocate              0xe5dd    0xac  Code  Gb  relocate.o [1]
compensation            0x1fff'1f5c     0x4  Data  Gb  control.o [1]
controlOutput           0x1fff'70d4   0x180  Data  Gb  variables_F450.o [1]
control_angle()              0x6f7d   0x208  Code  Gb  control.o [1]
control_gyro()               0x7185    0xd8  Code  Gb  control.o [1]
control_position()           0x6cb5   0x2bc  Code  Gb  control.o [1]
dis_set_hight           0x1fff'70c0     0x4  Data  Gb  variables_F450.o [1]
errStatus               0x1fff'7def     0x1  Data  Gb  EKF_AHRS.o [1]
errStatus1              0x1fff'7dfb     0x1  Data  Gb  project.o [1]
exit                         0xefdf     0x4  Code  Gb  exit.o [2]
fanIniSpd               0x1fff'1d4c     0x4  Data  Gb  variables_F450.o [1]
fan_ini()                    0x74f1    0x36  Code  Gb  control.o [1]
flightMode              0x1fff'5178     0x4  Data  Gb  FlightMode.o [1]
flightMode_Init()            0x830d    0x24  Code  Gb  FlightMode.o [1]
flightMode_Init()::flightMode_0
                        0x1fff'517c    0x9c  Data  Lc  FlightMode.o [1]
flightMode_Init()::static guard for flightMode_0
                        0x1fff'7df0     0x1  Data  Lc  FlightMode.o [1]
ftm_init_struct         0x1fff'52cc    0x1c  Data  Gb  moduleInit.o [1]
g                       0x1fff'041c     0x4  Data  Gb  ADXL355.o [1]
g_bus_clock             0x1fff'043c     0x4  Data  Gb  MCG.o [1]
g_core_clock            0x1fff'0438     0x4  Data  Gb  MCG.o [1]
g_flash_clock           0x1fff'0440     0x4  Data  Gb  MCG.o [1]
g_flexbus_clock         0x1fff'0444     0x4  Data  Gb  MCG.o [1]
gyroX                   0x1fff'045c   0x214  Data  Gb  variables_F450.o [1]
gyroY                   0x1fff'0670   0x214  Data  Gb  variables_F450.o [1]
gyroZ                   0x1fff'0884   0x214  Data  Gb  variables_F450.o [1]
hmc5983_CS              0x1fff'524c     0x4  Data  Gb  HMC5983.o [1]
hmc5983_DAQ()                0xaa6b    0x3e  Code  Gb  HMC5983.o [1]
hmc5983_ReadBuf(unsigned char, unsigned char *, unsigned char)
                             0xa9f3    0x78  Code  Gb  HMC5983.o [1]
hmc5983_ReadByte(unsigned char)
                             0xa9c1    0x32  Code  Gb  HMC5983.o [1]
hmc5983_StartMea()           0xa985     0xc  Code  Gb  HMC5983.o [1]
hmc5983_WriteByte(unsigned char, unsigned char)
                             0xa991    0x30  Code  Gb  HMC5983.o [1]
hmc5983_init()               0xa941    0x44  Code  Gb  HMC5983.o [1]
int limiter<int>(int, int, int)
                             0x7ab9    0x14  Code  Gb  control.o [1]
invSqrt(float)               0xde65    0x34  Code  Gb  MadgwickAHRS.o [1]
main                         0xe889   0x114  Code  Gb  project.o [1]
mpuinitflag             0x1fff'7df2     0x1  Data  Gb  moduleInit.o [1]
out_char                     0xf1b9    0x10  Code  Gb  io.o [1]
pit_init_struct         0x1fff'52e8    0x14  Data  Gb  moduleInit.o [1]
pit_isr()                    0xd2e9   0x6ae  Code  Gb  isr.o [1]
pit_isr()::MPU6000_0    0x1fff'525c    0x60  Data  Lc  isr.o [1]
pit_isr()::MPU6000_changeTime
                        0x1fff'5258     0x4  Data  Lc  isr.o [1]
pit_isr()::static guard for MPU6000_0
                        0x1fff'7df1     0x1  Data  Lc  isr.o [1]
pitch                   0x1fff'70c8     0x4  Data  Gb  variables_F450.o [1]
pitch1                  0x1fff'7258     0x4  Data  Gb  variables_F450.o [1]
pitch3                  0x1fff'7268     0x4  Data  Gb  variables_F450.o [1]
position                0x1fff'20e4    0x54  Data  Gb  EKF_AHRS.o [1]
positionX               0x1fff'1924   0x214  Data  Gb  variables_F450.o [1]
positionX_vel           0x1fff'10d4   0x214  Data  Gb  variables_F450.o [1]
positionY               0x1fff'1b38   0x214  Data  Gb  variables_F450.o [1]
positionY_vel           0x1fff'12e8   0x214  Data  Gb  variables_F450.o [1]
positionZ               0x1fff'1710   0x214  Data  Gb  variables_F450.o [1]
positionZ_vel           0x1fff'14fc   0x214  Data  Gb  variables_F450.o [1]
powerVoltage_3v3        0x1fff'7284     0x4  Data  Gb  variables_F450.o [1]
powerVoltage_5          0x1fff'7280     0x4  Data  Gb  variables_F450.o [1]
powerVoltage_5_Device1  0x1fff'7274     0x4  Data  Gb  variables_F450.o [1]
powerVoltage_5_Device2  0x1fff'7278     0x4  Data  Gb  variables_F450.o [1]
powerVoltage_5_Device3  0x1fff'727c     0x4  Data  Gb  variables_F450.o [1]
printf                       0x6177    0x22  Code  Gb  printf.o [1]
printk(PRINTK_INFO *, char const *, __va_list)
                             0x5d6d   0x40a  Code  Gb  printf.o [1]
q0                      0x1fff'0434     0x4  Data  Gb  MadgwickAHRS.o [1]
q1                      0x1fff'52c0     0x4  Data  Gb  MadgwickAHRS.o [1]
q2                      0x1fff'52c4     0x4  Data  Gb  MadgwickAHRS.o [1]
q2Eular()                    0xde99   0x104  Code  Gb  MadgwickAHRS.o [1]
q3                      0x1fff'52c8     0x4  Data  Gb  MadgwickAHRS.o [1]
quaternion::quaternion()
                             0x4f79    0x1c  Code  Gb  EKF_AHRS.o [1]
roll                    0x1fff'70c4     0x4  Data  Gb  variables_F450.o [1]
roll1                   0x1fff'7254     0x4  Data  Gb  variables_F450.o [1]
roll3                   0x1fff'7264     0x4  Data  Gb  variables_F450.o [1]
rotor1                  0x1fff'7288     0x4  Data  Gb  variables_F450.o [1]
rotor2                  0x1fff'728c     0x4  Data  Gb  variables_F450.o [1]
rotor3                  0x1fff'7290     0x4  Data  Gb  variables_F450.o [1]
rotor4                  0x1fff'7294     0x4  Data  Gb  variables_F450.o [1]
rotor_out()                  0x7275   0x27c  Code  Gb  control.o [1]
rotor_out()::motor_max  0x1fff'042c     0x4  Data  Lc  control.o [1]
rotor_out()::motor_min  0x1fff'0430     0x4  Data  Lc  control.o [1]
setup                   0x1fff'7dda     0x2  Data  Lc  MS5611 Air Pressure.o [1]
sinTable_f32                 0xcac0   0x804  Data  Gb  arm_common_tables.o [4]
strlen                       0x619d          Code  Gb  strlen.o [6]
strncmp                      0xc98b    0x28  Code  Gb  strncmp.o [2]
t                       0x1fff'70b8     0x4  Data  Gb  variables_F450.o [1]
tTrans                  0x1fff'70bc     0x4  Data  Gb  variables_F450.o [1]
ta1                     0x1fff'1d50     0x2  Data  Gb  project.o [1]
ta2                     0x1fff'7df7     0x1  Data  Gb  project.o [1]
ta3                     0x1fff'7df8     0x1  Data  Gb  project.o [1]
ta4                     0x1fff'7df9     0x1  Data  Gb  project.o [1]
ta5                     0x1fff'7dfa     0x1  Data  Gb  project.o [1]
timeWindowIntegral::timeWindowIntegral()
                             0x360f     0xe  Code  Gb  EKF_AHRS.o [1]
timeWindowIntegral::update(float)
                             0x4ca1    0x80  Code  Gb  General Class.o [1]
uart0_init_struct       0x1fff'52fc    0x1c  Data  Gb  moduleInit.o [1]
uart1_init_struct       0x1fff'5318    0x1c  Data  Gb  moduleInit.o [1]
uart2_init_struct       0x1fff'5334    0x1c  Data  Gb  moduleInit.o [1]
uart3_init_struct       0x1fff'5350    0x1c  Data  Gb  moduleInit.o [1]
uart5_init_struct       0x1fff'536c    0x1c  Data  Gb  moduleInit.o [1]
useConstantKpKiKd(PID_Controller *)
                             0x7709    0x16  Code  Gb  fuzzyPID.o [1]
velocity                0x1fff'2138    0x54  Data  Gb  EKF_AHRS.o [1]
videoStation            0x1fff'7298     0x4  Data  Gb  VideoStation.o [1]
voidVar                 0x1fff'568c     0x4  Data  Gb  moduleInit.o [1]
waterGun                0x1fff'7dc4     0x4  Data  Gb  waterGun.o [1]
yaw                     0x1fff'70cc     0x4  Data  Gb  variables_F450.o [1]
yaw1                    0x1fff'725c     0x4  Data  Gb  variables_F450.o [1]
yaw2                    0x1fff'7260     0x4  Data  Gb  variables_F450.o [1]
yaw3                    0x1fff'726c     0x4  Data  Gb  variables_F450.o [1]
yaw4                    0x1fff'7270     0x4  Data  Gb  variables_F450.o [1]
yaw_init                0x1fff'5250     0x4  Data  Gb  isr.o [1]
yaw_init1               0x1fff'5254     0x4  Data  Gb  isr.o [1]


[1] = C:\Users\xsk19940910\Desktop\flightController-1\flightController-1\program\iar\FLASH\Obj
[2] = dl7M_tlf.a
[3] = dlpp7M_tl_fc.a
[4] = iar_cortexM4lf_math.a
[5] = m7M_tls.a
[6] = rt7M_tl.a
[7] = shb_l.a

  51 495 bytes of readonly  code memory
  10 661 bytes of readonly  data memory
  39 403 bytes of readwrite data memory

Errors: none
Warnings: none
