###############################################################################
#
# IAR ELF Linker V8.11.2.13589/W32 for ARM                18/Jun/2018  19:48:05
# Copyright 2007-2017 IAR Systems AB.
#
#    Output file  =  
#        C:\Users\xsk19940910\Desktop\flightController-1\flightController-1\program\iar\RAM\Exe\Backup
#        of project_K60F12.out
#    Map file     =  
#        C:\Users\xsk19940910\Desktop\flightController-1\flightController-1\program\iar\RAM\List\Backup
#        of project_K60F12.map
#    Command line =  
#        -f C:\Users\XSK199~1\AppData\Local\Temp\EW3BAF.tmp
#        (C:\Users\xsk19940910\Desktop\flightController-1\flightController-1\program\iar\RAM\Obj\ADC.o
#        C:\Users\xsk19940910\Desktop\flightController-1\flightController-1\program\iar\RAM\Obj\assert.o
#        C:\Users\xsk19940910\Desktop\flightController-1\flightController-1\program\iar\RAM\Obj\Beep.o
#        C:\Users\xsk19940910\Desktop\flightController-1\flightController-1\program\iar\RAM\Obj\control.o
#        C:\Users\xsk19940910\Desktop\flightController-1\flightController-1\program\iar\RAM\Obj\DEV_LCD.o
#        C:\Users\xsk19940910\Desktop\flightController-1\flightController-1\program\iar\RAM\Obj\DMA.o
#        C:\Users\xsk19940910\Desktop\flightController-1\flightController-1\program\iar\RAM\Obj\EKF_AHRS.o
#        C:\Users\xsk19940910\Desktop\flightController-1\flightController-1\program\iar\RAM\Obj\EVB.o
#        C:\Users\xsk19940910\Desktop\flightController-1\flightController-1\program\iar\RAM\Obj\FLASH.o
#        C:\Users\xsk19940910\Desktop\flightController-1\flightController-1\program\iar\RAM\Obj\FLEXBUS.o
#        C:\Users\xsk19940910\Desktop\flightController-1\flightController-1\program\iar\RAM\Obj\FlightMode.o
#        C:\Users\xsk19940910\Desktop\flightController-1\flightController-1\program\iar\RAM\Obj\FTM.o
#        C:\Users\xsk19940910\Desktop\flightController-1\flightController-1\program\iar\RAM\Obj\Ftm1.o
#        C:\Users\xsk19940910\Desktop\flightController-1\flightController-1\program\iar\RAM\Obj\fuzzyPID.o
#        "C:\Users\xsk19940910\Desktop\flightController-1\flightController-1\program\iar\RAM\Obj\General
#        Class.o"
#        C:\Users\xsk19940910\Desktop\flightController-1\flightController-1\program\iar\RAM\Obj\GPIO.o
#        C:\Users\xsk19940910\Desktop\flightController-1\flightController-1\program\iar\RAM\Obj\GPS.o
#        "C:\Users\xsk19940910\Desktop\flightController-1\flightController-1\program\iar\RAM\Obj\history
#        AHRS data.o"
#        C:\Users\xsk19940910\Desktop\flightController-1\flightController-1\program\iar\RAM\Obj\HMC5983.o
#        C:\Users\xsk19940910\Desktop\flightController-1\flightController-1\program\iar\RAM\Obj\I2C.o
#        C:\Users\xsk19940910\Desktop\flightController-1\flightController-1\program\iar\RAM\Obj\io.o
#        C:\Users\xsk19940910\Desktop\flightController-1\flightController-1\program\iar\RAM\Obj\isr.o
#        C:\Users\xsk19940910\Desktop\flightController-1\flightController-1\program\iar\RAM\Obj\LidarLite.o
#        C:\Users\xsk19940910\Desktop\flightController-1\flightController-1\program\iar\RAM\Obj\LPTMR.o
#        C:\Users\xsk19940910\Desktop\flightController-1\flightController-1\program\iar\RAM\Obj\MadgwickAHRS.o
#        C:\Users\xsk19940910\Desktop\flightController-1\flightController-1\program\iar\RAM\Obj\MCG.o
#        C:\Users\xsk19940910\Desktop\flightController-1\flightController-1\program\iar\RAM\Obj\memtest.o
#        C:\Users\xsk19940910\Desktop\flightController-1\flightController-1\program\iar\RAM\Obj\moduleInit.o
#        C:\Users\xsk19940910\Desktop\flightController-1\flightController-1\program\iar\RAM\Obj\MPU6000.o
#        "C:\Users\xsk19940910\Desktop\flightController-1\flightController-1\program\iar\RAM\Obj\MS5611
#        Air Pressure.o"
#        C:\Users\xsk19940910\Desktop\flightController-1\flightController-1\program\iar\RAM\Obj\Navigation.o
#        C:\Users\xsk19940910\Desktop\flightController-1\flightController-1\program\iar\RAM\Obj\NvidiaTX1.o
#        C:\Users\xsk19940910\Desktop\flightController-1\flightController-1\program\iar\RAM\Obj\PIT.o
#        C:\Users\xsk19940910\Desktop\flightController-1\flightController-1\program\iar\RAM\Obj\printf.o
#        C:\Users\xsk19940910\Desktop\flightController-1\flightController-1\program\iar\RAM\Obj\project.o
#        C:\Users\xsk19940910\Desktop\flightController-1\flightController-1\program\iar\RAM\Obj\queue.o
#        C:\Users\xsk19940910\Desktop\flightController-1\flightController-1\program\iar\RAM\Obj\relocate.o
#        C:\Users\xsk19940910\Desktop\flightController-1\flightController-1\program\iar\RAM\Obj\RemoteHub.o
#        C:\Users\xsk19940910\Desktop\flightController-1\flightController-1\program\iar\RAM\Obj\RTC.o
#        C:\Users\xsk19940910\Desktop\flightController-1\flightController-1\program\iar\RAM\Obj\SBus.o
#        C:\Users\xsk19940910\Desktop\flightController-1\flightController-1\program\iar\RAM\Obj\SPI.o
#        C:\Users\xsk19940910\Desktop\flightController-1\flightController-1\program\iar\RAM\Obj\startup_K60F12.o
#        C:\Users\xsk19940910\Desktop\flightController-1\flightController-1\program\iar\RAM\Obj\system_MK60.o
#        C:\Users\xsk19940910\Desktop\flightController-1\flightController-1\program\iar\RAM\Obj\UART.o
#        C:\Users\xsk19940910\Desktop\flightController-1\flightController-1\program\iar\RAM\Obj\uif.o
#        "C:\Users\xsk19940910\Desktop\flightController-1\flightController-1\program\iar\RAM\Obj\Ultrasound(UART).o"
#        C:\Users\xsk19940910\Desktop\flightController-1\flightController-1\program\iar\RAM\Obj\Ultrasound.o
#        "C:\Users\xsk19940910\Desktop\flightController-1\flightController-1\program\iar\RAM\Obj\UWB
#        decode.o"
#        C:\Users\xsk19940910\Desktop\flightController-1\flightController-1\program\iar\RAM\Obj\variables_F450.o
#        C:\Users\xsk19940910\Desktop\flightController-1\flightController-1\program\iar\RAM\Obj\variables_QAV250.o
#        C:\Users\xsk19940910\Desktop\flightController-1\flightController-1\program\iar\RAM\Obj\VideoStation.o
#        C:\Users\xsk19940910\Desktop\flightController-1\flightController-1\program\iar\RAM\Obj\waterGun.o
#        --redirect _Printf=_PrintfFullNoMb --redirect _Scanf=_ScanfFullNoMb -o
#        "C:\Users\xsk19940910\Desktop\flightController-1\flightController-1\program\iar\RAM\Exe\Backup
#        of project_K60F12.out" --map
#        "C:\Users\xsk19940910\Desktop\flightController-1\flightController-1\program\iar\RAM\List\Backup
#        of project_K60F12.map" --config
#        D:\iar\arm\config\linker\NXP\MK60xX512_15.icf --semihosting --entry
#        __iar_program_start --inline
#        D:\iar\arm\CMSIS\Lib\IAR\iar_cortexM4lf_math.a
#        --merge_duplicate_sections --vfe --text_out locale)
#
###############################################################################

*******************************************************************************
*** MESSAGES
***

Error[Li005]: no definition for "__VECTOR_TABLE" [referenced from C:\Users\xsk1
          9940910\Desktop\flightController-1\flightController-1\program\iar\RAM
          \Obj\relocate.o]
Error[Li005]: no definition for "__VECTOR_RAM" [referenced from C:\Users\xsk199
          40910\Desktop\flightController-1\flightController-1\program\iar\RAM\O
          bj\relocate.o]


*******************************************************************************
*** RUNTIME MODEL ATTRIBUTES
***

CppFlavor                     = *
__CPP_Exceptions              = Used
__CPP_Language                = C++14
__Heap_Handler                = Basic
__SystemLibrary               = DLib
__dlib_dynamic_initialization = normal
__dlib_version                = 6


*******************************************************************************
*** HEAP SELECTION
***

The basic heap was selected because no calls to memory allocation
functions were found in the application outside of system library
functions, and there are calls to deallocation functions in the
application.


*******************************************************************************
*** PLACEMENT SUMMARY
***

"A0":  place at 0x00000000 { ro section .intvec };
"P2":  place in [from 0x00000000 to 0x000003ff] |
                [from 0x00000410 to 0x0007ffff] |
                [from 0x10000000 to 0x1007ffff] { ro };
define block CSTACK with size = 8K, alignment = 8 { };
define block HEAP with size = 16K, alignment = 8 { };
"P3":  place in [from 0x1fff0000 to 0x1fffffff repeat 2] {
          rw, block CSTACK, block HEAP };
initialize by copy { rw };

  Section                Kind        Address     Size  Object
  -------                ----        -------     ----  ------
"A0":                                           0x400
  .intvec                ro code  0x00000000    0x400  startup_K60F12.o [1]
                                - 0x00000400    0x400

"P2":                                         0x1030b
  .text                  ro code  0x00000410   0x1f48  EKF_AHRS.o [1]
  .text                  ro code  0x00002358     0x1e  VideoStation.o [1]
  .text                  ro code  0x00002376      0xe  EKF_AHRS.o [1]
  .text                  ro code  0x00002384    0x4c0  EKF_AHRS.o [1]
  .text                  ro code  0x00002844     0x48  FltToDbl.o [6]
  .text                  ro code  0x0000288c    0x1a2  DblMul.o [6]
  .text                  ro code  0x00002a2e     0x7a  lz77_init_single.o [7]
  .text                  ro code  0x00002aa8     0x68  DblToFlt.o [6]
  .text                  ro code  0x00002b10     0xee  arm_mat_scale_f32.o [5]
  .rodata                const    0x00002bfe      0x1  unwind_debug.o [8]
  .text                  ro code  0x00002c00    0x146  arm_mat_add_f32.o [5]
  .text                  ro code  0x00002d48     0xf6  arm_mat_trans_f32.o [5]
  .text                  ro code  0x00002e40     0xf8  arm_mat_mult_f32.o [5]
  .text                  ro code  0x00002f38    0x540  arm_mat_inverse_f32.o [5]
  .text                  ro code  0x00003478    0x146  arm_mat_sub_f32.o [5]
  .text                  ro code  0x000035c0    0x178  DblAdd.o [6]
  .text                  ro code  0x00003738    0x2fc  General Class.o [1]
  .text                  ro code  0x00003a34     0xe2  DblSub.o [6]
  .text                  ro code  0x00003b18     0x86  ABImemcpy.o [7]
  .text                  ro code  0x00003ba0     0x6a  atan2f.o [6]
  .text                  ro code  0x00003c0c     0x5c  asinf.o [6]
  .text                  ro code  0x00003c68     0x1c  VideoStation.o [1]
  .text                  ro code  0x00003c84     0x1c  EKF_AHRS.o [1]
  .text                  ro code  0x00003ca0     0x16  EKF_AHRS.o [1]
  .text                  ro code  0x00003cb8     0xa4  xatanf.o [6]
  .text                  ro code  0x00003d5c    0xdfc  EVB.o [1]
  .text                  ro code  0x00004b58     0x14  VideoStation.o [1]
  .text                  ro code  0x00004b6c     0x18  EVB.o [1]
  .text                  ro code  0x00004b84      0xa  EVB.o [1]
  .text                  ro code  0x00004b90     0x66  ABImemset.o [7]
  .text                  ro code  0x00004bf8    0xc4c  moduleInit.o [1]
  .text                  ro code  0x00005844      0xe  FlightMode.o [1]
  .text                  ro code  0x00005854    0x958  FlightMode.o [1]
  .text                  ro code  0x000061ac    0x3b0  Navigation.o [1]
  .text                  ro code  0x0000655c    0x480  VideoStation.o [1]
  .text                  ro code  0x000069dc     0x34  SBus.o [1]
  .text                  ro code  0x00006a10    0x664  GPS.o [1]
  .text                  ro code  0x00007074    0x28c  waterGun.o [1]
  .text                  ro code  0x00007300    0x700  MPU6000.o [1]
  .text                  ro code  0x00007a00     0x24  Beep.o [1]
  .text                  ro code  0x00007a24    0x13c  LPTMR.o [1]
  .text                  ro code  0x00007b60    0x174  HMC5983.o [1]
  .text                  ro code  0x00007cd4    0x674  MS5611 Air Pressure.o [1]
  .text                  ro code  0x00008348    0x258  RemoteHub.o [1]
  .text                  ro code  0x000085a0     0x38  Ultrasound.o [1]
  .text                  ro code  0x000085d8    0x544  Ultrasound(UART).o [1]
  .text                  ro code  0x00008b1c    0x130  PIT.o [1]
  .text                  ro code  0x00008c4c    0xc34  FTM.o [1]
  .text                  ro code  0x00009880    0x50c  UART.o [1]
  .text                  ro code  0x00009d8c    0x394  DMA.o [1]
  .text                  ro code  0x0000a120    0x114  GPIO.o [1]
  .text                  ro code  0x0000a234    0x774  SPI.o [1]
  .text                  ro code  0x0000a9a8    0x60c  ADC.o [1]
  .text                  ro code  0x0000afb4    0x1a8  I2C.o [1]
  .text                  ro code  0x0000b15c     0x22  S32ToDbl.o [6]
  .text                  ro code  0x0000b180    0x246  DblDiv.o [6]
  .text                  ro code  0x0000b3c8     0x2e  DblCmpLe.o [6]
  .text                  ro code  0x0000b3f6     0x16  Navigation.o [1]
  .text                  ro code  0x0000b40c     0x48  atanf.o [6]
  .text                  ro code  0x0000b454     0x68  VideoStation.o [1]
  .text                  ro code  0x0000b4bc     0x1c  VideoStation.o [1]
  .text                  ro code  0x0000b4d8      0xe  VideoStation.o [1]
  .text                  ro code  0x0000b4e6      0x8  SBus.o [1]
  .text                  ro code  0x0000b4f0     0x60  GPS.o [1]
  .text                  ro code  0x0000b550     0x36  strlen.o [7]
  .text                  ro code  0x0000b588     0x70  strncpy.o [7]
  .text                  ro code  0x0000b5f8      0xe  math_wrappers64.o [6]
  .text                  ro code  0x0000b608     0x3a  DblToS32.o [6]
  .text                  ro code  0x0000b644     0x80  arm_cos_f32.o [5]
  .text                  ro code  0x0000b6c4     0x98  arm_sin_f32.o [5]
  .text                  ro code  0x0000b75c     0x18  waterGun.o [1]
  .text                  ro code  0x0000b774     0x28  MPU6000.o [1]
  .text                  ro code  0x0000b79c     0x28  assert.o [1]
  .text                  ro code  0x0000b7c4     0x28  strncmp.o [3]
  .text                  ro code  0x0000b7ec     0x18  VideoStation.o [1]
  .text                  ro code  0x0000b804     0x1a  U32ToDbl.o [6]
  .text                  ro code  0x0000b820     0x28  DblToU32.o [6]
  .text                  ro code  0x0000b848    0x3d8  pow32.o [6]
  .text                  ro code  0x0000bc20     0x28  Ultrasound.o [1]
  .text                  ro code  0x0000bc48     0x7c  Ultrasound(UART).o [1]
  .rodata                const    0x0000bcc4     0x44  system_MK60.o [1]
  .text                  ro code  0x0000bd08    0x590  strto64.o [6]
  .text                  ro code  0x0000c298    0x564  printf.o [1]
  .text                  ro code  0x0000c7fc     0x48  frexpf.o [6]
  .text                  ro code  0x0000c844    0x278  iar_Exp32.o [6]
  .text                  ro code  0x0000cabc     0x70  frexp.o [6]
  .text                  ro code  0x0000cb2c    0x13a  ldexp.o [6]
  .text                  ro code  0x0000cc66    0x122  iar_Stopfx.o [3]
  .text                  ro code  0x0000cd88    0x1cc  iar_Stoflt.o [3]
  .text                  ro code  0x0000cf54    0x238  iar_Stoxflt.o [3]
  .text                  ro code  0x0000d18c     0xc4  ldexpf.o [6]
  .text                  ro code  0x0000d250     0x58  memchr.o [7]
  .text                  ro code  0x0000d2a8    0xb80  control.o [1]
  .text                  ro code  0x0000de28    0x400  fuzzyPID.o [1]
  .rodata                const    0x0000e228    0x804  arm_common_tables.o [5]
  .text                  ro code  0x0000ea2c    0x734  isr.o [1]
  .text                  ro code  0x0000f160    0x6b4  system_MK60.o [1]
  .text                  ro code  0x0000f814     0xac  relocate.o [1]
  .text                  ro code  0x0000f8c0    0x1f4  MCG.o [1]
  .text                  ro code  0x0000fab4    0x16c  project.o [1]
  .rodata                const    0x0000fc20     0x60  ADC.o [1]
  .rodata                const    0x0000fc80     0x60  DMA.o [1]
  .rodata                const    0x0000fce0     0x60  FTM.o [1]
  .rodata                const    0x0000fd40     0x60  GPIO.o [1]
  .rodata                const    0x0000fda0     0x60  I2C.o [1]
  .rodata                const    0x0000fe00     0x60  LPTMR.o [1]
  .rodata                const    0x0000fe60     0x60  PIT.o [1]
  .rodata                const    0x0000fec0     0x60  SPI.o [1]
  .rodata                const    0x0000ff20     0x48  system_MK60.o [1]
  .rodata                const    0x0000ff68     0x44  system_MK60.o [1]
  .text                  ro code  0x0000ffac     0x40  zero_init3.o [7]
  .rodata                const    0x0000ffec     0x34  system_MK60.o [1]
  .rodata                const    0x00010020     0x30  assert.o [1]
  .rodata                const    0x00010050     0x30  system_MK60.o [1]
  .rodata                const    0x00010080     0x30  system_MK60.o [1]
  .rodata                const    0x000100b0     0x28  system_MK60.o [1]
  .text                  ro code  0x000100d8     0x28  data_init.o [7]
  .rodata                const    0x00010100     0x24  EKF_AHRS.o [1]
  .rodata                const    0x00010124     0x24  system_MK60.o [1]
  .rodata                const    0x00010148     0x24  system_MK60.o [1]
  .rodata                const    0x0001016c     0x24  system_MK60.o [1]
  .text                  ro code  0x00010190     0x22  fpinit_M.o [6]
  .iar.init_table        const    0x000101b4     0x24  - Linker created -
  .rodata                const    0x000101d8     0x20  system_MK60.o [1]
  .rodata                const    0x000101f8     0x20  system_MK60.o [1]
  .rodata                const    0x00010218     0x20  system_MK60.o [1]
  .rodata                const    0x00010238     0x20  system_MK60.o [1]
  .rodata                const    0x00010258     0x20  system_MK60.o [1]
  .text                  ro code  0x00010278     0x20  cmain_call_ctors.o [7]
  .text                  ro code  0x00010298     0x18  cppinit.o [3]
  .rodata                const    0x000102b0     0x1c  system_MK60.o [1]
  .rodata                const    0x000102cc     0x1c  system_MK60.o [1]
  .rodata                const    0x000102e8     0x1c  system_MK60.o [1]
  .rodata                const    0x00010304     0x1c  system_MK60.o [1]
  .rodata                const    0x00010320     0x1c  system_MK60.o [1]
  .text                  ro code  0x0001033c     0x1a  cmain.o [7]
  .text                  ro code  0x00010356      0x4  exit.o [3]
  .text                  ro code  0x0001035c      0xa  cexit.o [7]
  .text                  ro code  0x00010368     0x14  exit.o [8]
  .rodata                const    0x0001037c     0x18  system_MK60.o [1]
  .rodata                const    0x00010394     0x18  system_MK60.o [1]
  .rodata                const    0x000103ac     0x18  system_MK60.o [1]
  .rodata                const    0x000103c4     0x18  system_MK60.o [1]
  .rodata                const    0x000103dc     0x18  system_MK60.o [1]
  .rodata                const    0x000103f4     0x18  system_MK60.o [1]
  .rodata                const    0x0001040c     0x18  system_MK60.o [1]
  .rodata                const    0x00010424     0x18  system_MK60.o [1]
  .rodata                const    0x0001043c     0x18  system_MK60.o [1]
  .rodata                const    0x00010454     0x14  system_MK60.o [1]
  .rodata                const    0x00010468     0x14  system_MK60.o [1]
  .rodata                const    0x0001047c     0x14  system_MK60.o [1]
  .rodata                const    0x00010490     0x14  system_MK60.o [1]
  .text                  ro code  0x000104a4     0x14  io.o [1]
  .noinit                ro code  0x000104b8     0x10  startup_K60F12.o [1]
  .rodata                const    0x000104c8     0x10  system_MK60.o [1]
  .rodata                const    0x000104d8     0x10  system_MK60.o [1]
  .rodata                const    0x000104e8     0x10  system_MK60.o [1]
  .rodata                const    0x000104f8     0x10  system_MK60.o [1]
  SHT$$PREINIT_ARRAY              0x00010508      0x0  <Block>
  SHT$$INIT_ARRAY                 0x00010508     0x10  <Block>
    .init_array          const    0x00010508      0x4  EKF_AHRS.o [1]
    .init_array          const    0x0001050c      0x4  MPU6000.o [1]
    .init_array          const    0x00010510      0x4  MS5611 Air Pressure.o [1]
    .init_array          const    0x00010514      0x4  Ultrasound.o [1]
  __iar_tls$$INIT_ARRAY           0x00010518      0x0  <Block>
  .rodata                const    0x00010518      0xc  system_MK60.o [1]
  .text                  ro code  0x00010524      0xc  cstartup_M.o [7]
  .rodata                const    0x00010530      0x8  project.o [1]
  .rodata                const    0x00010538      0x8  system_MK60.o [1]
  .rodata                const    0x00010540      0x8  system_MK60.o [1]
  .rodata                const    0x00010548      0x8  system_MK60.o [1]
  .rodata                const    0x00010550      0x8  system_MK60.o [1]
  .rodata                const    0x00010558      0x8  system_MK60.o [1]
  .rodata                const    0x00010560      0x8  system_MK60.o [1]
  .rodata                const    0x00010568      0x8  system_MK60.o [1]
  .rodata                const    0x00010570      0x8  system_MK60.o [1]
  .rodata                const    0x00010578      0x8  system_MK60.o [1]
  .rodata                const    0x00010580      0x8  system_MK60.o [1]
  .rodata                const    0x00010588      0x8  system_MK60.o [1]
  .rodata                const    0x00010590      0x8  system_MK60.o [1]
  .rodata                const    0x00010598      0x8  system_MK60.o [1]
  .rodata                const    0x000105a0      0x8  system_MK60.o [1]
  .rodata                const    0x000105a8      0x8  system_MK60.o [1]
  .rodata                const    0x000105b0      0x8  system_MK60.o [1]
  .rodata                const    0x000105b8      0x8  system_MK60.o [1]
  .rodata                const    0x000105c0      0x8  system_MK60.o [1]
  .rodata                const    0x000105c8      0x8  system_MK60.o [1]
  .noinit                ro code  0x000105d0      0x4  startup_K60F12.o [1]
  .rodata                const    0x000105d4      0x4  HMC5983.o [1]
  .rodata                const    0x000105d8      0x0  zero_init3.o [7]
  .rodata                const    0x000105d8      0x0  lz77_init_single.o [7]
  .data_init                      0x000105d8    0x143  <Block>
    Initializer bytes    const    0x000105d8    0x143  <for .data-1>
                                - 0x0001071b  0x1030b

"P3", part 1 of 3:                             0x1923
  .data                           0x1fff0000   0x1923  <Block>
    .data-1                       0x1fff0000   0x1923  <Init block>
      .data              inited   0x1fff0000      0x4  control.o [1]
      .data              inited   0x1fff0004      0x4  control.o [1]
      .data              inited   0x1fff0008      0x4  MCG.o [1]
      .data              inited   0x1fff000c      0x4  MCG.o [1]
      .data              inited   0x1fff0010      0x4  MCG.o [1]
      .data              inited   0x1fff0014      0x4  MCG.o [1]
      .data              inited   0x1fff0018     0x10  project.o [1]
      .data              inited   0x1fff0028      0x4  system_MK60.o [1]
      .data              inited   0x1fff002c    0x214  variables_F450.o [1]
      .data              inited   0x1fff0240    0x214  variables_F450.o [1]
      .data              inited   0x1fff0454    0x214  variables_F450.o [1]
      .data              inited   0x1fff0668    0x214  variables_F450.o [1]
      .data              inited   0x1fff087c    0x214  variables_F450.o [1]
      .data              inited   0x1fff0a90    0x214  variables_F450.o [1]
      .data              inited   0x1fff0ca4    0x214  variables_F450.o [1]
      .data              inited   0x1fff0eb8    0x214  variables_F450.o [1]
      .data              inited   0x1fff10cc    0x214  variables_F450.o [1]
      .data              inited   0x1fff12e0    0x214  variables_F450.o [1]
      .data              inited   0x1fff14f4    0x214  variables_F450.o [1]
      .data              inited   0x1fff1708    0x214  variables_F450.o [1]
      .data              inited   0x1fff191c      0x4  variables_F450.o [1]
      .data              inited   0x1fff1920      0x2  project.o [1]
      .data              inited   0x1fff1922      0x1  MPU6000.o [1]
                                - 0x1fff1923   0x1923

"P3", part 2 of 3:                             0x696c
  .bss                            0x1fff1928   0x696c  <Block>
    .bss                 zero     0x1fff1928    0x738  GPS.o [1]
    .bss                 zero     0x1fff2060      0x8  MS5611 Air Pressure.o [1]
    .bss                 zero     0x1fff2068      0x8  MS5611 Air Pressure.o [1]
    .bss                 zero     0x1fff2070      0x8  MS5611 Air Pressure.o [1]
    .bss                 zero     0x1fff2078     0x50  waterGun.o [1]
    .bss                 zero     0x1fff20c8     0x10  ADC.o [1]
    .bss                 zero     0x1fff20d8      0x4  assert.o [1]
    .bss                 zero     0x1fff20dc      0x4  assert.o [1]
    .bss                 zero     0x1fff20e0      0x4  Beep.o [1]
    .bss                 zero     0x1fff20e4      0x4  control.o [1]
    .bss                 zero     0x1fff20e8     0x80  DMA.o [1]
    .bss                 zero     0x1fff2168      0x4  EKF_AHRS.o [1]
    .bss                 zero     0x1fff216c      0x4  EKF_AHRS.o [1]
    .bss                 zero     0x1fff2170     0x54  EKF_AHRS.o [1]
    .bss                 zero     0x1fff21c4     0x54  EKF_AHRS.o [1]
    .bss                 zero     0x1fff2218     0x54  EKF_AHRS.o [1]
    .bss                 zero     0x1fff226c     0x54  EKF_AHRS.o [1]
    .bss                 zero     0x1fff22c0     0x54  EKF_AHRS.o [1]
    .bss                 zero     0x1fff2314    0x7dc  EKF_AHRS.o [1]
    .bss                 zero     0x1fff2af0    0x7dc  EKF_AHRS.o [1]
    .bss                 zero     0x1fff32cc    0x7dc  EKF_AHRS.o [1]
    .bss                 zero     0x1fff3aa8      0x4  EKF_AHRS.o [1]
    .bss                 zero     0x1fff3aac      0x4  EKF_AHRS.o [1]
    .bss                 zero     0x1fff3ab0      0x4  EKF_AHRS.o [1]
    .bss                 zero     0x1fff3ab4    0x834  EKF_AHRS.o [1]
    .bss                 zero     0x1fff42e8    0x834  EKF_AHRS.o [1]
    .bss                 zero     0x1fff4b1c    0x7dc  EVB.o [1]
    .bss                 zero     0x1fff52f8      0x4  EVB.o [1]
    .bss                 zero     0x1fff52fc      0x4  FlightMode.o [1]
    .bss                 zero     0x1fff5300     0x9c  FlightMode.o [1]
    .bss                 zero     0x1fff539c     0x10  FTM.o [1]
    .bss                 zero     0x1fff53ac     0x14  GPIO.o [1]
    .bss                 zero     0x1fff53c0      0x4  GPS.o [1]
    .bss                 zero     0x1fff53c4     0x10  HMC5983.o [1]
    .bss                 zero     0x1fff53d4      0x4  HMC5983.o [1]
    .bss                 zero     0x1fff53d8      0x8  I2C.o [1]
    .bss                 zero     0x1fff53e0      0x4  isr.o [1]
    .bss                 zero     0x1fff53e4      0x4  isr.o [1]
    .bss                 zero     0x1fff53e8      0x4  isr.o [1]
    .bss                 zero     0x1fff53ec      0x4  isr.o [1]
    .bss                 zero     0x1fff53f0     0x60  isr.o [1]
    .bss                 zero     0x1fff5450      0x4  LPTMR.o [1]
    .bss                 zero     0x1fff5454     0x1c  moduleInit.o [1]
    .bss                 zero     0x1fff5470     0x14  moduleInit.o [1]
    .bss                 zero     0x1fff5484     0x1c  moduleInit.o [1]
    .bss                 zero     0x1fff54a0     0x1c  moduleInit.o [1]
    .bss                 zero     0x1fff54bc     0x1c  moduleInit.o [1]
    .bss                 zero     0x1fff54d8     0x1c  moduleInit.o [1]
    .bss                 zero     0x1fff54f4     0x1c  moduleInit.o [1]
    .bss                 zero     0x1fff5510     0x1c  moduleInit.o [1]
    .bss                 zero     0x1fff552c     0x2c  moduleInit.o [1]
    .bss                 zero     0x1fff5558     0x2c  moduleInit.o [1]
    .bss                 zero     0x1fff5584     0x2c  moduleInit.o [1]
    .bss                 zero     0x1fff55b0     0x2c  moduleInit.o [1]
    .bss                 zero     0x1fff55dc     0x2c  moduleInit.o [1]
    .bss                 zero     0x1fff5608     0x2c  moduleInit.o [1]
    .bss                 zero     0x1fff5634     0x2c  moduleInit.o [1]
    .bss                 zero     0x1fff5660     0x2c  moduleInit.o [1]
    .bss                 zero     0x1fff568c     0x2c  moduleInit.o [1]
    .bss                 zero     0x1fff56b8     0x2c  moduleInit.o [1]
    .bss                 zero     0x1fff56e4     0x2c  moduleInit.o [1]
    .bss                 zero     0x1fff5710     0x10  moduleInit.o [1]
    .bss                 zero     0x1fff5720     0x14  moduleInit.o [1]
    .bss                 zero     0x1fff5734     0x14  moduleInit.o [1]
    .bss                 zero     0x1fff5748     0x14  moduleInit.o [1]
    .bss                 zero     0x1fff575c     0x14  moduleInit.o [1]
    .bss                 zero     0x1fff5770     0x34  moduleInit.o [1]
    .bss                 zero     0x1fff57a4     0xd4  moduleInit.o [1]
    .bss                 zero     0x1fff5878     0x14  moduleInit.o [1]
    .bss                 zero     0x1fff588c      0xc  moduleInit.o [1]
    .bss                 zero     0x1fff5898      0x4  moduleInit.o [1]
    .bss                 zero     0x1fff589c      0x4  moduleInit.o [1]
    .bss                 zero     0x1fff58a0     0x54  moduleInit.o [1]
    .bss                 zero     0x1fff58f4     0x60  MPU6000.o [1]
    .bss                 zero     0x1fff5954     0x60  MPU6000.o [1]
    .bss                 zero     0x1fff59b4     0x38  MS5611 Air Pressure.o [1]
    .bss                 zero     0x1fff59ec      0x4  MS5611 Air Pressure.o [1]
    .bss                 zero     0x1fff59f0      0x4  MS5611 Air Pressure.o [1]
    .bss                 zero     0x1fff59f4      0x4  MS5611 Air Pressure.o [1]
    .bss                 zero     0x1fff59f8      0x4  MS5611 Air Pressure.o [1]
    .bss                 zero     0x1fff59fc      0x4  MS5611 Air Pressure.o [1]
    .bss                 zero     0x1fff5a00      0x4  MS5611 Air Pressure.o [1]
    .bss                 zero     0x1fff5a04      0x4  MS5611 Air Pressure.o [1]
    .bss                 zero     0x1fff5a08      0x4  MS5611 Air Pressure.o [1]
    .bss                 zero     0x1fff5a0c      0x4  MS5611 Air Pressure.o [1]
    .bss                 zero     0x1fff5a10      0x4  MS5611 Air Pressure.o [1]
    .bss                 zero     0x1fff5a14      0x4  MS5611 Air Pressure.o [1]
    .bss                 zero     0x1fff5a18      0x4  MS5611 Air Pressure.o [1]
    .bss                 zero     0x1fff5a1c      0x4  MS5611 Air Pressure.o [1]
    .bss                 zero     0x1fff5a20     0x28  MS5611 Air Pressure.o [1]
    .bss                 zero     0x1fff5a48     0x28  MS5611 Air Pressure.o [1]
    .bss                 zero     0x1fff5a70      0x4  Navigation.o [1]
    .bss                 zero     0x1fff5a74     0xac  Navigation.o [1]
    .bss                 zero     0x1fff5b20     0x10  PIT.o [1]
    .bss                 zero     0x1fff5b30     0x10  project.o [1]
    .bss                 zero     0x1fff5b40      0x4  RemoteHub.o [1]
    .bss                 zero     0x1fff5b44    0x934  RemoteHub.o [1]
    .bss                 zero     0x1fff6478      0x4  SBus.o [1]
    .bss                 zero     0x1fff647c    0x1b8  SBus.o [1]
    .bss                 zero     0x1fff6634     0x18  SPI.o [1]
    .bss                 zero     0x1fff664c     0x18  SPI.o [1]
    .bss                 zero     0x1fff6664     0x18  SPI.o [1]
    .bss                 zero     0x1fff667c     0x18  UART.o [1]
    .bss                 zero     0x1fff6694     0x18  UART.o [1]
    .bss                 zero     0x1fff66ac      0x4  Ultrasound(UART).o [1]
    .bss                 zero     0x1fff66b0    0xde8  Ultrasound(UART).o [1]
    .bss                 zero     0x1fff7498      0x4  Ultrasound.o [1]
    .bss                 zero     0x1fff749c     0x34  Ultrasound.o [1]
    .bss                 zero     0x1fff74d0      0x4  Ultrasound.o [1]
    .bss                 zero     0x1fff74d4     0x38  Ultrasound.o [1]
    .bss                 zero     0x1fff750c      0x4  variables_F450.o [1]
    .bss                 zero     0x1fff7510      0x4  variables_F450.o [1]
    .bss                 zero     0x1fff7514     0x28  variables_F450.o [1]
    .bss                 zero     0x1fff753c     0x28  variables_F450.o [1]
    .bss                 zero     0x1fff7564      0x4  variables_F450.o [1]
    .bss                 zero     0x1fff7568      0x4  variables_F450.o [1]
    .bss                 zero     0x1fff756c    0x180  variables_F450.o [1]
    .bss                 zero     0x1fff76ec      0x4  variables_F450.o [1]
    .bss                 zero     0x1fff76f0      0x4  variables_F450.o [1]
    .bss                 zero     0x1fff76f4      0x4  variables_F450.o [1]
    .bss                 zero     0x1fff76f8      0x4  variables_F450.o [1]
    .bss                 zero     0x1fff76fc      0x4  variables_F450.o [1]
    .bss                 zero     0x1fff7700      0x4  variables_F450.o [1]
    .bss                 zero     0x1fff7704      0x4  variables_F450.o [1]
    .bss                 zero     0x1fff7708      0x4  variables_F450.o [1]
    .bss                 zero     0x1fff770c      0x4  variables_F450.o [1]
    .bss                 zero     0x1fff7710      0x4  variables_F450.o [1]
    .bss                 zero     0x1fff7714      0x4  variables_F450.o [1]
    .bss                 zero     0x1fff7718      0x4  variables_F450.o [1]
    .bss                 zero     0x1fff771c      0x4  variables_F450.o [1]
    .bss                 zero     0x1fff7720      0x4  variables_F450.o [1]
    .bss                 zero     0x1fff7724      0x4  variables_F450.o [1]
    .bss                 zero     0x1fff7728      0x4  VideoStation.o [1]
    .bss                 zero     0x1fff772c    0xb28  VideoStation.o [1]
    .bss                 zero     0x1fff8254      0x4  waterGun.o [1]
    .bss                 zero     0x1fff8258      0x2  history AHRS data.o [1]
    .bss                 zero     0x1fff825a      0x2  history AHRS data.o [1]
    .bss                 zero     0x1fff825c      0x2  history AHRS data.o [1]
    .bss                 zero     0x1fff825e      0x2  history AHRS data.o [1]
    .bss                 zero     0x1fff8260      0x2  history AHRS data.o [1]
    .bss                 zero     0x1fff8262      0x2  history AHRS data.o [1]
    .bss                 zero     0x1fff8264      0x2  history AHRS data.o [1]
    .bss                 zero     0x1fff8266      0x2  history AHRS data.o [1]
    .bss                 zero     0x1fff8268      0x2  history AHRS data.o [1]
    .bss                 zero     0x1fff826a      0x2  MS5611 Air Pressure.o [1]
    .bss                 zero     0x1fff826c      0x2  MS5611 Air Pressure.o [1]
    .bss                 zero     0x1fff826e      0x2  MS5611 Air Pressure.o [1]
    .bss                 zero     0x1fff8270      0x2  MS5611 Air Pressure.o [1]
    .bss                 zero     0x1fff8272      0x2  MS5611 Air Pressure.o [1]
    .bss                 zero     0x1fff8274      0x2  MS5611 Air Pressure.o [1]
    .bss                 zero     0x1fff8276      0x2  MS5611 Air Pressure.o [1]
    .bss                 zero     0x1fff8278      0x2  MS5611 Air Pressure.o [1]
    .bss                 zero     0x1fff827a      0x1  Beep.o [1]
    .bss                 zero     0x1fff827b      0x1  Beep.o [1]
    .bss                 zero     0x1fff827c      0x1  EKF_AHRS.o [1]
    .bss                 zero     0x1fff827d      0x1  EKF_AHRS.o [1]
    .bss                 zero     0x1fff827e      0x1  EKF_AHRS.o [1]
    .bss                 zero     0x1fff827f      0x1  FlightMode.o [1]
    .bss                 zero     0x1fff8280      0x1  GPS.o [1]
    .bss                 zero     0x1fff8281      0x1  isr.o [1]
    .bss                 zero     0x1fff8282      0x1  moduleInit.o [1]
    .bss                 zero     0x1fff8283      0x1  Navigation.o [1]
    .bss                 zero     0x1fff8284      0x1  project.o [1]
    .bss                 zero     0x1fff8285      0x1  project.o [1]
    .bss                 zero     0x1fff8286      0x1  project.o [1]
    .bss                 zero     0x1fff8287      0x1  project.o [1]
    .bss                 zero     0x1fff8288      0x1  project.o [1]
    .bss                 zero     0x1fff8289      0x1  RemoteHub.o [1]
    .bss                 zero     0x1fff828a      0x1  SBus.o [1]
    .bss                 zero     0x1fff828b      0x1  Ultrasound(UART).o [1]
    .bss                 zero     0x1fff828c      0x1  Ultrasound.o [1]
    .bss                 zero     0x1fff828d      0x1  VideoStation.o [1]
                                - 0x1fff8290   0x696c

"P3", part 3 of 3:                             0x2000
  CSTACK                          0x1fff8290   0x2000  <Block>
    CSTACK               uninit   0x1fff8290   0x2000  <Block tail>
                                - 0x1fffa290   0x2000


*******************************************************************************
*** INIT TABLE
***

          Address     Size
          -------     ----
Zero (__iar_zero_init3)
    1 destination range, total size 0x6966:
          0x1fff1928  0x6966

Copy/lz77 (__iar_lz77_init_single3)
    1 source range, total size 0x143 (5% of destination):
          0x000105d8   0x143
    1 destination range, total size 0x1923:
          0x1fff0000  0x1923

Extra (__iar_cstart_call_ctors)



*******************************************************************************
*** MODULE SUMMARY
***

    Module                 ro code  ro data  rw data
    ------                 -------  -------  -------
C:\Users\xsk19940910\Desktop\flightController-1\flightController-1\program\iar\RAM\Obj: [1]
    ADC.o                    1 548       96       16
    Beep.o                      36                 6
    DMA.o                      916       96      128
    EKF_AHRS.o               9 288       40   10 679
    EVB.o                    3 614             2 016
    FTM.o                    3 124       96       16
    FlightMode.o             2 406               161
    GPIO.o                     276       96       20
    GPS.o                    1 732             1 853
    General Class.o            764
    HMC5983.o                  372        4       20
    I2C.o                      424       96        8
    LPTMR.o                    316       96        4
    MCG.o                      500        1       16
    MPU6000.o                1 832        5      193
    MS5611 Air Pressure.o    1 652        4      228
    Navigation.o               966               177
    PIT.o                      304       96       16
    RemoteHub.o                600             2 361
    SBus.o                      60               445
    SPI.o                    1 908       96       72
    UART.o                   1 292                48
    Ultrasound(UART).o       1 472             3 565
    Ultrasound.o                96        4      117
    VideoStation.o           1 400             2 861
    assert.o                    40       48        8
    control.o                2 944                12
    fuzzyPID.o               1 024
    history AHRS data.o                           18
    io.o                        20
    isr.o                    1 844               113
    moduleInit.o             3 148             1 185
    printf.o                 1 380
    project.o                  364        9       39
    relocate.o                 172
    startup_K60F12.o         1 044
    system_MK60.o            1 716    1 328        4
    variables_F450.o                    320    6 928
    waterGun.o                 676                84
    ------------------------------------------------
    Total:                  51 270    2 531   33 417

command line: [2]
    ------------------------------------------------
    Total:

dl7M_tln.a: [3]
    cppinit.o                   24
    exit.o                       4
    iar_Stoflt.o               460
    iar_Stopfx.o               290
    iar_Stoxflt.o              568
    strncmp.o                   40
    ------------------------------------------------
    Total:                   1 386

dlpp7M_tl_nc.a: [4]
    ------------------------------------------------
    Total:

iar_cortexM4lf_math.a: [5]
    arm_common_tables.o               2 052
    arm_cos_f32.o              128
    arm_mat_add_f32.o          326
    arm_mat_inverse_f32.o    1 344
    arm_mat_mult_f32.o         248
    arm_mat_scale_f32.o        238
    arm_mat_sub_f32.o          326
    arm_mat_trans_f32.o        246
    arm_sin_f32.o              152
    ------------------------------------------------
    Total:                   3 008    2 052

m7M_tls.a: [6]
    DblAdd.o                   376
    DblCmpLe.o                  46
    DblDiv.o                   582
    DblMul.o                   418
    DblSub.o                   226
    DblToFlt.o                 104
    DblToS32.o                  58
    DblToU32.o                  40
    FltToDbl.o                  72
    S32ToDbl.o                  34
    U32ToDbl.o                  26
    asinf.o                     92
    atan2f.o                   106
    atanf.o                     72
    fpinit_M.o                  34
    frexp.o                    112
    frexpf.o                    72
    iar_Exp32.o                632
    ldexp.o                    314
    ldexpf.o                   196
    math_wrappers64.o           14
    pow32.o                    984
    strto64.o                1 424
    xatanf.o                   164
    ------------------------------------------------
    Total:                   6 198

rt7M_tl.a: [7]
    ABImemcpy.o                134
    ABImemset.o                102
    cexit.o                     10
    cmain.o                     26
    cmain_call_ctors.o          32
    cstartup_M.o                12
    data_init.o                 40
    lz77_init_single.o         122
    memchr.o                    88
    strlen.o                    54
    strncpy.o                  112
    zero_init3.o                64
    ------------------------------------------------
    Total:                     796

shb_l.a: [8]
    exit.o                      20
    unwind_debug.o                        1
    ------------------------------------------------
    Total:                      20        1

    Gaps                        39        2
    Linker created                       36    8 192
----------------------------------------------------
    Grand Total:            62 717    4 622   41 609


*******************************************************************************
*** ENTRY LIST
***

Entry                      Address    Size  Type      Object
-----                      -------    ----  ----      ------
.bss$$Base              0x1fff1928           --   Gb  - Linker created -
.bss$$Limit             0x1fff8290           --   Gb  - Linker created -
.data$$Base             0x1fff0000           --   Gb  - Linker created -
.data$$Limit            0x1fff1923           --   Gb  - Linker created -
.data_init$$Base        0x000105d8           --   Gb  - Linker created -
.data_init$$Limit       0x0001071b           --   Gb  - Linker created -
.iar.init_table$$Base   0x000101b4           --   Gb  - Linker created -
.iar.init_table$$Limit  0x000101d8           --   Gb  - Linker created -
?main                   0x0001033d          Code  Gb  cmain.o [7]
ADC1_Init()             0x0000563b    0x40  Code  Gb  moduleInit.o [1]
ADC1_init_struct        0x1fff5878    0x14  Data  Gb  moduleInit.o [1]
ADC_Chn_Enable          0x0000abaf   0x31a  Code  Gb  ADC.o [1]
ADC_Get                 0x0000ab87    0x28  Code  Gb  ADC.o [1]
ADC_ISR                 0x1fff20c8    0x10  Data  Gb  ADC.o [1]
ADC_Init                0x0000a9a9   0x1de  Code  Gb  ADC.o [1]
AHRS                    0x1fff7514    0x28  Data  Gb  variables_F450.o [1]
AHRS0                   0x1fff753c    0x28  Data  Gb  variables_F450.o [1]
ASSERT_FAILED_STR       0x00010020    0x30  Data  Lc  assert.o [1]
A_array                 0x1fff5b30    0x10  Data  Gb  project.o [1]
Aux                     0x1fff5a10     0x4  Data  Lc  MS5611 Air Pressure.o [1]
Baro_hight              0x1fff2070     0x8  Data  Gb  MS5611 Air Pressure.o [1]
BarodistanceFilter      0x1fff59b4    0x38  Data  Gb  MS5611 Air Pressure.o [1]
Beep                    0x1fff20e0     0x4  Data  Gb  Beep.o [1]
Beep_Init()             0x00007a01    0x24  Code  Gb  Beep.o [1]
Beep_Init()::Beep_0     0x1fff827b     0x1  Data  Lc  Beep.o [1]
Beep_Init()::static guard for Beep_0
                        0x1fff827a     0x1  Data  Lc  Beep.o [1]
C1                      0x1fff826c     0x2  Data  Lc  MS5611 Air Pressure.o [1]
C2                      0x1fff826e     0x2  Data  Lc  MS5611 Air Pressure.o [1]
C3                      0x1fff8270     0x2  Data  Lc  MS5611 Air Pressure.o [1]
C4                      0x1fff8272     0x2  Data  Lc  MS5611 Air Pressure.o [1]
C5                      0x1fff8274     0x2  Data  Lc  MS5611 Air Pressure.o [1]
C6                      0x1fff8276     0x2  Data  Lc  MS5611 Air Pressure.o [1]
CEKF_AHRS::CEKF_AHRS()  0x00002385   0x4c0  Code  Gb  EKF_AHRS.o [1]
CEKF_AHRS::EKF()        0x00000515  0x1de2  Code  Gb  EKF_AHRS.o [1]
CFlightMode::CFlightMode()
                        0x00005845     0xe  Code  Gb  FlightMode.o [1]
CFlightMode::CMission::update()
                        0x00005e7d   0x2a8  Code  Gb  FlightMode.o [1]
CFlightMode::CTakeOff::update()
                        0x00005a9d   0x3c2  Code  Gb  FlightMode.o [1]
CFlightMode::update()   0x0000587d   0x220  Code  Gb  FlightMode.o [1]
CGPS::CGPS()            0x0000b4f1    0x60  Code  Gb  GPS.o [1]
CGPS::GetComma(int, char *)
                        0x00006ae7    0x32  Code  Gb  GPS.o [1]
CGPS::get_double_number(char *)
                        0x00006c5d    0x2e  Code  Gb  GPS.o [1]
CGPS::get_locate(double)
                        0x00006c8b    0x5a  Code  Gb  GPS.o [1]
CGPS::unpack(int, int)  0x00006ce5   0x346  Code  Gb  GPS.o [1]
CGPS::updateUart()      0x00006b19   0x144  Code  Gb  GPS.o [1]
CJumpFilter::CJumpFilter()
                        0x0000b7ed    0x18  Code  Gb  VideoStation.o [1]
CJumpFilter::checkIsNewData(int)
                        0x000038d3    0x14  Code  Gb  General Class.o [1]
CJumpFilter::newData1(float, int)
                        0x00003739    0xb6  Code  Gb  General Class.o [1]
CJumpFilter::newData3(float, int)
                        0x000037ef    0xd0  Code  Gb  General Class.o [1]
CJumpFilter::setParameter(float, int)
                        0x000038cb     0x8  Code  Gb  General Class.o [1]
CJumpFilter::setParameter(float, int, float)
                        0x000038bf     0xc  Code  Gb  General Class.o [1]
CNavigation::CNavigation()
                        0x0000b3f7    0x16  Code  Gb  Navigation.o [1]
CNavigation::update()   0x000061f1   0x308  Code  Gb  Navigation.o [1]
CRC_1                   0x1fff8278     0x2  Data  Lc  MS5611 Air Pressure.o [1]
CRemoteHub::updateUart()
                        0x0000836f   0x21a  Code  Gb  RemoteHub.o [1]
CSBus::CSBus()          0x0000b4e7     0x8  Code  Gb  SBus.o [1]
CSTACK$$Base            0x1fff8290           --   Gb  - Linker created -
CSTACK$$Limit           0x1fffa290           --   Gb  - Linker created -
CUltrasoundUART::CUltrasoundUART()
                        0x0000bc49    0x7c  Code  Gb  Ultrasound(UART).o [1]
CUltrasoundUART::update()
                        0x000086c1   0x430  Code  Gb  Ultrasound(UART).o [1]
CVideoStation::CVideoStation()
                        0x0000b455    0x68  Code  Gb  VideoStation.o [1]
CVideoStation::TX_::add(char)
                        0x0000b4d9     0xe  Code  Gb  VideoStation.o [1]
CVideoStation::TX_::clear()
                        0x0000b4bd    0x1c  Code  Gb  VideoStation.o [1]
CVideoStation::TX_::startDMA_Transmit()
                        0x0000695d    0x3a  Code  Gb  VideoStation.o [1]
CVideoStation::sendPackage()
                        0x000068b9    0xa0  Code  Gb  VideoStation.o [1]
CVideoStation::updateUart()
                        0x000065f9   0x2be  Code  Gb  VideoStation.o [1]
CWaterGun::startSpraying()
                        0x000072af    0x1c  Code  Gb  waterGun.o [1]
CWaterGun::stopSpraying()
                        0x000072cb    0x1c  Code  Gb  waterGun.o [1]
CWaterGun::update()     0x000070f1   0x1be  Code  Gb  waterGun.o [1]
CalcMembership(int, int *, int *)
                        0x0000df65    0x96  Code  Gb  fuzzyPID.o [1]
CodeRelocate$$Base      0x00000000           --   Gb  - Linker created -
CodeRelocate$$Limit     0x00000000           --   Gb  - Linker created -
CodeRelocateRam$$Base   0x00000000           --   Gb  - Linker created -
Compass                 0x1fff53c4    0x10  Data  Gb  HMC5983.o [1]
ControlOutput_ZChannel  0x1fff7568     0x4  Data  Gb  variables_F450.o [1]
Coordinate::Coordinate()
                        0x00002359    0x1e  Code  Gb  VideoStation.o [1]
CoordinateElement::CoordinateElement()
                        0x00003c69    0x1c  Code  Gb  VideoStation.o [1]
CoordinateElement::calculateD(int)
                        0x00003911    0x96  Code  Gb  General Class.o [1]
CoordinateElement::operator +=(float)
                        0x000038ed     0xe  Code  Gb  General Class.o [1]
CoordinateElement::operator -=(float)
                        0x000038fb     0xe  Code  Gb  General Class.o [1]
CoordinateElement::operator =(float)
                        0x000038e7     0x6  Code  Gb  General Class.o [1]
CoordinateElement::operator float()
                        0x00003909     0x6  Code  Gb  General Class.o [1]
D1_Pres                 0x1fff59ec     0x4  Data  Lc  MS5611 Air Pressure.o [1]
D1_Pres_f               0x1fff59f8     0x4  Data  Lc  MS5611 Air Pressure.o [1]
D2_Temp                 0x1fff59f0     0x4  Data  Lc  MS5611 Air Pressure.o [1]
D2_Temp_f               0x1fff59f4     0x4  Data  Lc  MS5611 Air Pressure.o [1]
DMA0_                   0x1fff552c    0x2c  Data  Gb  moduleInit.o [1]
DMA10_                  0x1fff56e4    0x2c  Data  Gb  moduleInit.o [1]
DMA1_                   0x1fff5558    0x2c  Data  Gb  moduleInit.o [1]
DMA2_                   0x1fff5584    0x2c  Data  Gb  moduleInit.o [1]
DMA3_                   0x1fff55b0    0x2c  Data  Gb  moduleInit.o [1]
DMA4_                   0x1fff55dc    0x2c  Data  Gb  moduleInit.o [1]
DMA5_                   0x1fff5608    0x2c  Data  Gb  moduleInit.o [1]
DMA6_                   0x1fff5634    0x2c  Data  Gb  moduleInit.o [1]
DMA7_                   0x1fff5660    0x2c  Data  Gb  moduleInit.o [1]
DMA8_                   0x1fff568c    0x2c  Data  Gb  moduleInit.o [1]
DMA9_                   0x1fff56b8    0x2c  Data  Gb  moduleInit.o [1]
DMA_ISR                 0x1fff20e8    0x80  Data  Gb  DMA.o [1]
DMA_Init                0x00009d8d   0x372  Code  Gb  DMA.o [1]
DMA_init()              0x000050a9   0x4f4  Code  Gb  moduleInit.o [1]
DMA_isOccupying         0x00004b59    0x14  Code  Gb  VideoStation.o [1]
DefaultISR              0x0000f2f5    0x16  Code  Gb  system_MK60.o [1]
Dtentox                 0x0000bebd   0x196  Code  Lc  strto64.o [6]
EKF_AHRS                0x1fff2168     0x4  Data  Gb  EKF_AHRS.o [1]
EKF_AHRS1               0x1fff216c     0x4  Data  Gb  EKF_AHRS.o [1]
EKF_AHRS_init()         0x00000467    0x70  Code  Gb  EKF_AHRS.o [1]
EKF_AHRS_init()::EKF_AHRS_in
                        0x1fff3ab4   0x834  Data  Lc  EKF_AHRS.o [1]
EKF_AHRS_init()::EKF_AHRS_in1
                        0x1fff42e8   0x834  Data  Lc  EKF_AHRS.o [1]
EKF_AHRS_init()::static guard for EKF_AHRS_in
                        0x1fff827c     0x1  Data  Lc  EKF_AHRS.o [1]
EKF_AHRS_init()::static guard for EKF_AHRS_in1
                        0x1fff827d     0x1  Data  Lc  EKF_AHRS.o [1]
EVB                     0x1fff4b1c   0x7dc  Data  Gb  EVB.o [1]
EVBInitUser()           0x00004bf9    0x80  Code  Gb  moduleInit.o [1]
EVBInitUserStruct       0x1fff57a4    0xd4  Data  Gb  moduleInit.o [1]
EVB_::TX_::add(char)    0x00004b85     0xa  Code  Gb  EVB.o [1]
EVB_::TX_::clear()      0x00004b6d    0x18  Code  Gb  EVB.o [1]
EVB_::TX_::startDMA_Transmit()
                        0x000044cd    0x3a  Code  Gb  EVB.o [1]
EVB_::send()            0x00003e99   0x62c  Code  Gb  EVB.o [1]
EVB_DMA_Receive()       0x00004507    0xe2  Code  Gb  EVB.o [1]
EVB_DMA_Receive()::address00
                        0x1fff52f8     0x4  Data  Lc  EVB.o [1]
EVB_Init(__EVB_InitTypeDef)
                        0x00003d5d   0x120  Code  Gb  EVB.o [1]
EVB_Process()           0x0000497d    0x28  Code  Gb  EVB.o [1]
EVB_RX_Check(int)       0x000045e9    0x3c  Code  Gb  EVB.o [1]
EVB_ResetTime()         0x000049ad    0x52  Code  Gb  EVB.o [1]
EVB_TimerUpdate()       0x00003e7d    0x16  Code  Gb  EVB.o [1]
EVB_Unpack(int)         0x00004641   0x338  Code  Gb  EVB.o [1]
EVB_atoi(char *, int)   0x00004a19    0xf2  Code  Gb  EVB.o [1]
FTM0_IRQHandler         0x000097ed     0xa  Code  Gb  FTM.o [1]
FTM1_IRQHandler         0x000097fd     0xa  Code  Gb  FTM.o [1]
FTM2_IRQHandler         0x00009807     0xa  Code  Gb  FTM.o [1]
FTM3_IRQHandler         0x00009815     0xa  Code  Gb  FTM.o [1]
FTM_ISR                 0x1fff539c    0x10  Data  Gb  FTM.o [1]
FTM_Init                0x00008c4d   0x140  Code  Gb  FTM.o [1]
FTM_PWM_ChangeDuty      0x00008e09    0x50  Code  Gb  FTM.o [1]
FTM_PWM_Enable          0x00008d8d    0x7c  Code  Gb  FTM.o [1]
F_file                  0x1fff20dc     0x4  Data  Gb  assert.o [1]
F_line                  0x1fff20d8     0x4  Data  Gb  assert.o [1]
Fusion::Fusion()        0x00003ca1    0x16  Code  Gb  EKF_AHRS.o [1]
GPIO_ISR                0x1fff53ac    0x14  Data  Gb  GPIO.o [1]
GPIO_Init               0x0000a121    0xe0  Code  Gb  GPIO.o [1]
GPIO_Output_b           0x0000b75d    0x18  Code  Gb  waterGun.o [1]
GPIO_init()             0x0000567b    0x86  Code  Gb  moduleInit.o [1]
GPIO_init_struct        0x1fff5734    0x14  Data  Gb  moduleInit.o [1]
GPIO_init_struct1       0x1fff5748    0x14  Data  Gb  moduleInit.o [1]
GPIO_init_struct2       0x1fff575c    0x14  Data  Gb  moduleInit.o [1]
GPS                     0x1fff53c0     0x4  Data  Gb  GPS.o [1]
GPS_Init()              0x00006a11    0xd6  Code  Gb  GPS.o [1]
GPS_Init()::GPS_0       0x1fff1928   0x738  Data  Lc  GPS.o [1]
GPS_Init()::static guard for GPS_0
                        0x1fff8280     0x1  Data  Lc  GPS.o [1]
H_accel_x               0x1fff8258     0x2  Data  Gb  history AHRS data.o [1]
H_accel_y               0x1fff825a     0x2  Data  Gb  history AHRS data.o [1]
H_accel_z               0x1fff825c     0x2  Data  Gb  history AHRS data.o [1]
H_gyro_x                0x1fff825e     0x2  Data  Gb  history AHRS data.o [1]
H_gyro_y                0x1fff8260     0x2  Data  Gb  history AHRS data.o [1]
H_gyro_z                0x1fff8262     0x2  Data  Gb  history AHRS data.o [1]
H_hmc_x                 0x1fff8264     0x2  Data  Gb  history AHRS data.o [1]
H_hmc_y                 0x1fff8266     0x2  Data  Gb  history AHRS data.o [1]
H_hmc_z                 0x1fff8268     0x2  Data  Gb  history AHRS data.o [1]
HardFault_Handler       0x0000f2e9     0xc  Code  Gb  system_MK60.o [1]
I2C0_                   0x1fff5710    0x10  Data  Gb  moduleInit.o [1]
I2C_ISR                 0x1fff53d8     0x8  Data  Gb  I2C.o [1]
I2C_Init                0x0000afb5   0x16a  Code  Gb  I2C.o [1]
I2C_inti()              0x00005701    0x2a  Code  Gb  moduleInit.o [1]
IMU_acc_E               0x1fff2170    0x54  Data  Gb  EKF_AHRS.o [1]
IMU_position            0x1fff2218    0x54  Data  Gb  EKF_AHRS.o [1]
IMU_vel                 0x1fff21c4    0x54  Data  Gb  EKF_AHRS.o [1]
Init()                  0x00004c79   0x114  Code  Gb  moduleInit.o [1]
Init()::command_def     0x1fff58a0    0x54  Data  Lc  moduleInit.o [1]
Init()::static guard for command_def
                        0x1fff8282     0x1  Data  Lc  moduleInit.o [1]
InitMPU6000()           0x0000798d    0x74  Code  Gb  MPU6000.o [1]
LPTMR_DelayMs           0x00007aff    0x40  Code  Gb  LPTMR.o [1]
LPTMR_ISR               0x1fff5450     0x4  Data  Gb  LPTMR.o [1]
LPTMR_Init              0x00007a25    0xda  Code  Gb  LPTMR.o [1]
LPTMR_init()            0x00005089    0x20  Code  Gb  moduleInit.o [1]
LPTMR_init_struct       0x1fff588c     0xc  Data  Gb  moduleInit.o [1]
MPU6000                 0x1fff58f4    0x60  Data  Gb  MPU6000.o [1]
MPU6000_CS              0x1fff1922     0x1  Data  Gb  MPU6000.o [1]
MPU6000_DAQ()           0x000075b5   0x34a  Code  Gb  MPU6000.o [1]
MPU6000_Raw             0x1fff5954    0x60  Data  Gb  MPU6000.o [1]
MPU6000_ReadBuf(unsigned char, unsigned char *, unsigned char)
                        0x00007345    0x6a  Code  Gb  MPU6000.o [1]
MPU6000_Type::MPU6000_Type()
                        0x0000b775    0x28  Code  Gb  MPU6000.o [1]
MPU6000_Type::error()   0x000075a7     0xe  Code  Gb  MPU6000.o [1]
MPU6000_Type::isInRange(float, float, float)
                        0x000074f1    0x88  Code  Gb  MPU6000.o [1]
MPU6000_Type::isNormal()
                        0x00007579    0x2e  Code  Gb  MPU6000.o [1]
MPU6000_Type::operator -(MPU6000_Type&)
                        0x00007463    0x8e  Code  Gb  MPU6000.o [1]
MPU6000_Type::operator =(MPU6000_Type&)
                        0x000073af    0x2c  Code  Gb  MPU6000.o [1]
MPU6000_Type::operator ==(MPU6000_Type&)
                        0x000073db    0x88  Code  Gb  MPU6000.o [1]
MPU6000_WriteByte(unsigned char, unsigned char)
                        0x00007315    0x30  Code  Gb  MPU6000.o [1]
MS5611_PROM_READ()      0x00007d4f    0x64  Code  Gb  MS5611 Air Pressure.o [1]
MS5611_RESET()          0x00007d43     0xc  Code  Gb  MS5611 Air Pressure.o [1]
MS5611_ReadWriteByte(unsigned char, unsigned char)
                        0x00007cf9    0x1c  Code  Gb  MS5611 Air Pressure.o [1]
MS5611_ReadWrite_16bits(unsigned char)
                        0x00007d15    0x2e  Code  Gb  MS5611 Air Pressure.o [1]
MS5611_SPI_read_ADC()   0x00007db3    0x38  Code  Gb  MS5611 Air Pressure.o [1]
MS5611_getPressure(unsigned char)
                        0x00007ded   0x336  Code  Gb  MS5611 Air Pressure.o [1]
MS5611_getTemperature(unsigned char)
                        0x0000813d    0xe8  Code  Gb  MS5611 Air Pressure.o [1]
MS5611_init()           0x00007ce1    0x18  Code  Gb  MS5611 Air Pressure.o [1]
Navigation              0x1fff5a70     0x4  Data  Gb  Navigation.o [1]
Navigation_Init()       0x000061ad    0x44  Code  Gb  Navigation.o [1]
Navigation_Init()::Navigation_0
                        0x1fff5a74    0xac  Data  Lc  Navigation.o [1]
Navigation_Init()::static guard for Navigation_0
                        0x1fff8283     0x1  Data  Lc  Navigation.o [1]
OFF                     0x1fff2060     0x8  Data  Lc  MS5611 Air Pressure.o [1]
OFF2                    0x1fff5a14     0x4  Data  Lc  MS5611 Air Pressure.o [1]
PID_controler(PID_Controller *)
                        0x0000e159    0xb6  Code  Gb  fuzzyPID.o [1]
PIT0_IRQHandler         0x00008c11    0x16  Code  Gb  PIT.o [1]
PIT_EnableIrq           0x00008beb    0x26  Code  Gb  PIT.o [1]
PIT_ISR                 0x1fff5b20    0x10  Data  Gb  PIT.o [1]
PIT_Init                0x00008b39    0xb2  Code  Gb  PIT.o [1]
PIT_init(int)           0x00004e51    0x34  Code  Gb  moduleInit.o [1]
PLL_Setup               0x0000f8c1   0x1f4  Code  Gb  MCG.o [1]
PWM_init()              0x00004d8d    0xc4  Code  Gb  moduleInit.o [1]
Pressure                0x1fff5a04     0x4  Data  Lc  MS5611 Air Pressure.o [1]
Pressure_f              0x1fff5a08     0x4  Data  Lc  MS5611 Air Pressure.o [1]
Region$$Table$$Base     0x000101b4           --   Gb  - Linker created -
Region$$Table$$Limit    0x000101d8           --   Gb  - Linker created -
RemoteHub               0x1fff5b40     0x4  Data  Gb  RemoteHub.o [1]
RemoteHub_Init()        0x00008349    0x26  Code  Gb  RemoteHub.o [1]
RemoteHub_Init()::RemoteHub_0
                        0x1fff5b44   0x934  Data  Lc  RemoteHub.o [1]
RemoteHub_Init()::static guard for RemoteHub_0
                        0x1fff8289     0x1  Data  Lc  RemoteHub.o [1]
SBus                    0x1fff6478     0x4  Data  Gb  SBus.o [1]
SBus_Init()             0x000069dd    0x26  Code  Gb  SBus.o [1]
SBus_Init()::SBus_static
                        0x1fff647c   0x1b8  Data  Lc  SBus.o [1]
SBus_Init()::static guard for SBus_static
                        0x1fff828a     0x1  Data  Lc  SBus.o [1]
SCI_TXD                 0x00009ce1    0x10  Code  Gb  UART.o [1]
SENS                    0x1fff2068     0x8  Data  Lc  MS5611 Air Pressure.o [1]
SENS2                   0x1fff5a18     0x4  Data  Lc  MS5611 Air Pressure.o [1]
SHT$$INIT_ARRAY$$Base   0x00010508           --   Gb  - Linker created -
SHT$$INIT_ARRAY$$Limit  0x00010518           --   Gb  - Linker created -
SHT$$PREINIT_ARRAY$$Base
                        0x00010508           --   Gb  - Linker created -
SHT$$PREINIT_ARRAY$$Limit
                        0x00010508           --   Gb  - Linker created -
SPI0_ISR                0x1fff6634    0x18  Data  Gb  SPI.o [1]
SPI1_ISR                0x1fff664c    0x18  Data  Gb  SPI.o [1]
SPI1_Init()             0x0000559d    0x9e  Code  Gb  moduleInit.o [1]
SPI1_init_struct        0x1fff5770    0x34  Data  Gb  moduleInit.o [1]
SPI2_ISR                0x1fff6664    0x18  Data  Gb  SPI.o [1]
SPI_Init                0x0000a235   0x67a  Code  Gb  SPI.o [1]
SPI_Master_WriteRead    0x0000a8af    0x3c  Code  Gb  SPI.o [1]
SystemCoreClock         0x1fff0028     0x4  Data  Gb  system_MK60.o [1]
SystemCoreClockUpdate   0x0000f2b9    0x30  Code  Gb  system_MK60.o [1]
SystemInit              0x0000f161   0x158  Code  Gb  system_MK60.o [1]
TEMP2                   0x1fff5a0c     0x4  Data  Lc  MS5611 Air Pressure.o [1]
Temperature             0x1fff5a00     0x4  Data  Lc  MS5611 Air Pressure.o [1]
UART_Init               0x00009881   0x456  Code  Gb  UART.o [1]
UART_PutChar            0x00009cd7     0xa  Code  Gb  UART.o [1]
UART_R_ISR              0x1fff667c    0x18  Data  Gb  UART.o [1]
UART_T_ISR              0x1fff6694    0x18  Data  Gb  UART.o [1]
UART_init()             0x00004e85   0x204  Code  Gb  moduleInit.o [1]
Ultrasound              0x1fff7498     0x4  Data  Gb  Ultrasound.o [1]
UltrasoundUART          0x1fff66ac     0x4  Data  Gb  Ultrasound(UART).o [1]
UltrasoundUART_Init()   0x000085d9    0xde  Code  Gb  Ultrasound(UART).o [1]
UltrasoundUART_Init()::UltrasoundUART_static
                        0x1fff66b0   0xde8  Data  Lc  Ultrasound(UART).o [1]
UltrasoundUART_Init()::static guard for UltrasoundUART_static
                        0x1fff828b     0x1  Data  Lc  Ultrasound(UART).o [1]
Ultrasound_Init()       0x000085ab    0x1e  Code  Gb  Ultrasound.o [1]
Ultrasound_Init()::Ultrasound0
                        0x1fff749c    0x34  Data  Lc  Ultrasound.o [1]
Ultrasound_Init()::static guard for Ultrasound0
                        0x1fff828c     0x1  Data  Lc  Ultrasound.o [1]
Ultrasound__::Ultrasound__()
                        0x0000bc21    0x28  Code  Gb  Ultrasound.o [1]
Ultrasound__::dis       0x1fff74d0     0x4  Data  Gb  Ultrasound.o [1]
Ultrasound__::filter    0x1fff74d4    0x38  Data  Gb  Ultrasound.o [1]
VideoStation_Init()     0x0000655d    0x98  Code  Gb  VideoStation.o [1]
VideoStation_Init()::static guard for videoStation_0
                        0x1fff828d     0x1  Data  Lc  VideoStation.o [1]
VideoStation_Init()::videoStation_0
                        0x1fff772c   0xb28  Data  Lc  VideoStation.o [1]
WaterGun_Init()         0x00007075    0x7a  Code  Gb  waterGun.o [1]
WaterGun_Init()::waterGun_0
                        0x1fff2078    0x50  Data  Lc  waterGun.o [1]
Xi_array                0x1fff0018    0x10  Data  Gb  project.o [1]
[local to ADC_c]::ADC_Cal(ADC_Type *)
                        0x0000aec9    0xa2  Code  Lc  ADC.o [1]
[local to EKF_AHRS_cpp]::arm_sqrt_f32(float, float *)
                        0x00000445    0x22  Code  Lc  EKF_AHRS.o [1]
[local to FTM_c]::FTM_DEC_Init(FTM_InitTypeDef)
                        0x000097e5     0x8  Code  Lc  FTM.o [1]
[local to FTM_c]::FTM_IC_Init(FTM_InitTypeDef)
                        0x00008f97    0xa0  Code  Lc  FTM.o [1]
[local to FTM_c]::FTM_PWM_Init(FTM_InitTypeDef)
                        0x00008e59   0x13e  Code  Lc  FTM.o [1]
[local to FTM_c]::FTM_PinInit(FTM_Type *, FtmChnEnum, PortPinsEnum)
                        0x00009059   0x6f6  Code  Lc  FTM.o [1]
[local to FTM_c]::FTM_QD_Init(FTM_InitTypeDef)
                        0x000097a9    0x3c  Code  Lc  FTM.o [1]
[local to PIT_c]::__NVIC_EnableIRQ(IRQn)
                        0x00008b1d    0x1c  Code  Lc  PIT.o [1]
[local to isr_c]::arm_sqrt_f32(float, float *)
                        0x0000ea2d    0x22  Code  Lc  isr.o [1]
[local to printf_c]::printk_mknumstr(char *, void *, int, int)
                        0x0000c2cb    0xb0  Code  Lc  printf.o [1]
[local to printf_c]::printk_pad_space(int, int, int *, PRINTK_INFO *)
                        0x0000c3a1    0x26  Code  Lc  printf.o [1]
[local to printf_c]::printk_pad_zero(int, int, int *, PRINTK_INFO *)
                        0x0000c37b    0x26  Code  Lc  printf.o [1]
[local to printf_c]::printk_putc(int, int *, PRINTK_INFO *)
                        0x0000c299    0x32  Code  Lc  printf.o [1]
[local to system_MK60_c]::Diagnostic_Reset_Source()
                        0x0000f541   0x156  Code  Lc  system_MK60.o [1]
[local to system_MK60_c]::cpu_identify()
                        0x0000f311   0x18a  Code  Lc  system_MK60.o [1]
[local to system_MK60_c]::flash_identify()
                        0x0000f49b    0xa6  Code  Lc  system_MK60.o [1]
__Vectors               0x00000000           --   Gb  startup_K60F12.o [1]
__Vectors_End           0x00000400          Data  Gb  startup_K60F12.o [1]
__Vectors_Size {Abs}    0x00000400           --   Gb  startup_K60F12.o [1]
__aeabi_cdcmple         0x0000b3c9          Code  Gb  DblCmpLe.o [6]
__aeabi_d2f             0x00002aa9          Code  Gb  DblToFlt.o [6]
__aeabi_d2iz            0x0000b609          Code  Gb  DblToS32.o [6]
__aeabi_d2uiz           0x0000b821          Code  Gb  DblToU32.o [6]
__aeabi_dadd            0x000035c1          Code  Gb  DblAdd.o [6]
__aeabi_ddiv            0x0000b181          Code  Gb  DblDiv.o [6]
__aeabi_dmul            0x0000288d          Code  Gb  DblMul.o [6]
__aeabi_dsub            0x00003a35          Code  Gb  DblSub.o [6]
__aeabi_f2d             0x00002845          Code  Gb  FltToDbl.o [6]
__aeabi_i2d             0x0000b15d          Code  Gb  S32ToDbl.o [6]
__aeabi_memcpy4         0x00003b19          Code  Gb  ABImemcpy.o [7]
__aeabi_memcpy8         0x00003b19          Code  Gb  ABImemcpy.o [7]
__aeabi_memset          0x00004b91          Code  Gb  ABImemset.o [7]
__aeabi_ui2d            0x0000b805          Code  Gb  U32ToDbl.o [6]
__call_ctors            0x00010299    0x18  Code  Gb  cppinit.o [3]
__cmain                 0x0001033d          Code  Gb  cmain.o [7]
__exit                  0x00010369    0x14  Code  Gb  exit.o [8]
__iar_Exp32             0x0000c845   0x278  Code  Gb  iar_Exp32.o [6]
__iar_Memchr            0x0000d251          Code  Gb  memchr.o [7]
__iar_Memset            0x00004b91          Code  Gb  ABImemset.o [7]
__iar_Memset_word       0x00004b99          Code  Gb  ABImemset.o [7]
__iar_Pow32             0x0000b849   0x398  Code  Lc  pow32.o [6]
__iar_Sto64             0x0000c065   0x19e  Code  Gb  strto64.o [6]
__iar_Stoflt            0x0000cd89   0x1cc  Code  Gb  iar_Stoflt.o [3]
__iar_Stopfx            0x0000cc67   0x122  Code  Gb  iar_Stopfx.o [3]
__iar_Stoxflt           0x0000cf55   0x202  Code  Gb  iar_Stoxflt.o [3]
__iar_Stoxflt::digits   0x0000d15c    0x18  Data  Lc  iar_Stoxflt.o [3]
__iar_Stoxflt::vals     0x0000d174    0x18  Data  Lc  iar_Stoxflt.o [3]
__iar_asin32            0x00003c0d          Code  Gb  asinf.o [6]
__iar_atan2_32          0x00003ba1          Code  Gb  atan2f.o [6]
__iar_atan32            0x0000b40d          Code  Gb  atanf.o [6]
__iar_cstart_call_ctors
                        0x00010279    0x20  Code  Gb  cmain_call_ctors.o [7]
__iar_dadd              0x00003a45          Code  Gb  DblSub.o [6]
__iar_data_init3        0x000100d9    0x28  Code  Gb  data_init.o [7]
__iar_debug_exceptions  0x00002bfe     0x1  Data  Gb  unwind_debug.o [8]
__iar_dsub              0x000035d1          Code  Gb  DblAdd.o [6]
__iar_dsubStart         0x000035e3          Code  Gb  DblAdd.o [6]
__iar_frexp             0x0000cac9          Code  Gb  frexp.o [6]
__iar_frexp32           0x0000c7fd          Code  Gb  frexpf.o [6]
__iar_frexpf            0x0000c811          Code  Gb  frexpf.o [6]
__iar_frexpl            0x0000cac9          Code  Gb  frexp.o [6]
__iar_init_vfp          0x00010191          Code  Gb  fpinit_M.o [6]
__iar_ldexp32           0x0000d18d          Code  Gb  ldexpf.o [6]
__iar_ldexp64           0x0000cb2d          Code  Gb  ldexp.o [6]
__iar_lz77_init_single3
                        0x00002a2f    0x7a  Code  Gb  lz77_init_single.o [7]
__iar_pow32             0x0000bc1d     0x4  Code  Gb  pow32.o [6]
__iar_pow_medium32      0x0000bc1d     0x4  Code  Gb  pow32.o [6]
__iar_pow_mediumf       0x0000bc1d     0x4  Code  Gb  pow32.o [6]
__iar_program_start     0x00010525          Code  Gb  cstartup_M.o [7]
__iar_scalbln32         0x0000d18d          Code  Gb  ldexpf.o [6]
__iar_scalbln64         0x0000cb2d          Code  Gb  ldexp.o [6]
__iar_scalbn32          0x0000d18d          Code  Gb  ldexpf.o [6]
__iar_scalbn64          0x0000cb2d          Code  Gb  ldexp.o [6]
__iar_softfp___iar_frexp64
                        0x0000cabd          Code  Gb  frexp.o [6]
__iar_softfp_frexp      0x0000cabd          Code  Gb  frexp.o [6]
__iar_softfp_frexpl     0x0000cabd          Code  Gb  frexp.o [6]
__iar_systems$$module {Abs}
                        0x00000001          Data  Gb  command line/config [2]
__iar_tls$$INIT_ARRAY$$Base
                        0x00010518           --   Gb  - Linker created -
__iar_tls$$INIT_ARRAY$$Limit
                        0x00010518           --   Gb  - Linker created -
__iar_vfp_atof          0x0000b5ff     0x8  Code  Gb  math_wrappers64.o [6]
__iar_xatanf            0x00003cb9          Code  Gb  xatanf.o [6]
__iar_zero_init3        0x0000ffad    0x40  Code  Gb  zero_init3.o [7]
__sti__routine          0x00000411    0x34  Code  Lc  EKF_AHRS.o [1]
__sti__routine          0x00007301    0x14  Code  Lc  MPU6000.o [1]
__sti__routine          0x00007cd5     0xc  Code  Lc  MS5611 Air Pressure.o [1]
__sti__routine          0x000085a1     0xa  Code  Lc  Ultrasound.o [1]
__vector_table          0x00000000          Data  Gb  startup_K60F12.o [1]
__vector_table_0x1c     0x0000001c          Data  Gb  startup_K60F12.o [1]
_call_main              0x00010349          Code  Gb  cmain.o [7]
_exit                   0x0001035d          Code  Gb  cexit.o [7]
_main                   0x00010353          Code  Gb  cmain.o [7]
accel_E_H_x             0x1fff2314   0x7dc  Data  Gb  EKF_AHRS.o [1]
accel_E_H_y             0x1fff2af0   0x7dc  Data  Gb  EKF_AHRS.o [1]
accel_E_H_z             0x1fff32cc   0x7dc  Data  Gb  EKF_AHRS.o [1]
accel_E_x               0x1fff3aa8     0x4  Data  Gb  EKF_AHRS.o [1]
accel_E_y               0x1fff3aac     0x4  Data  Gb  EKF_AHRS.o [1]
accel_E_z               0x1fff3ab0     0x4  Data  Gb  EKF_AHRS.o [1]
angleX                  0x1fff0668   0x214  Data  Gb  variables_F450.o [1]
angleY                  0x1fff087c   0x214  Data  Gb  variables_F450.o [1]
angleZ                  0x1fff0a90   0x214  Data  Gb  variables_F450.o [1]
arm_cos_f32             0x0000b645    0x80  Code  Gb  arm_cos_f32.o [5]
arm_mat_add_f32         0x00002c01   0x146  Code  Gb  arm_mat_add_f32.o [5]
arm_mat_inverse_f32     0x00002f39   0x540  Code  Gb  arm_mat_inverse_f32.o [5]
arm_mat_mult_f32        0x00002e41    0xf8  Code  Gb  arm_mat_mult_f32.o [5]
arm_mat_scale_f32       0x00002b11    0xee  Code  Gb  arm_mat_scale_f32.o [5]
arm_mat_sub_f32         0x00003479   0x146  Code  Gb  arm_mat_sub_f32.o [5]
arm_mat_trans_f32       0x00002d49    0xf6  Code  Gb  arm_mat_trans_f32.o [5]
arm_sin_f32             0x0000b6c5    0x98  Code  Gb  arm_sin_f32.o [5]
asinf                   0x00003c0d          Code  Gb  asinf.o [6]
assert_failed           0x0000b79d    0x28  Code  Gb  assert.o [1]
atan2f                  0x00003ba1          Code  Gb  atan2f.o [6]
atanf                   0x0000b40d          Code  Gb  atanf.o [6]
atof                    0x0000c249     0x8  Code  Gb  strto64.o [6]
calculateD_full(PID_Controller *)
                        0x0000e075    0x80  Code  Gb  fuzzyPID.o [1]
calculateD_partial(PID_Controller *)
                        0x0000dffd    0x76  Code  Gb  fuzzyPID.o [1]
calculateI(PID_Controller *)
                        0x0000e0f5    0x4c  Code  Gb  fuzzyPID.o [1]
ce_io_param             0x1fff5720    0x14  Data  Gb  moduleInit.o [1]
command                 0x1fff589c     0x4  Data  Gb  moduleInit.o [1]
common_relocate         0x0000f815    0xac  Code  Gb  relocate.o [1]
compensation            0x1fff20e4     0x4  Data  Gb  control.o [1]
controlOutput           0x1fff756c   0x180  Data  Gb  variables_F450.o [1]
control_angle()         0x0000d621   0x28a  Code  Gb  control.o [1]
control_gyro()          0x0000d8b1   0x140  Code  Gb  control.o [1]
control_position()      0x0000d2a9   0x36e  Code  Gb  control.o [1]
dT                      0x1fff59fc     0x4  Data  Lc  MS5611 Air Pressure.o [1]
ddiv                    0x0000bddd    0xd0  Code  Lc  strto64.o [6]
dis_set_hight           0x1fff7564     0x4  Data  Gb  variables_F450.o [1]
dmul                    0x0000bd09    0xd2  Code  Lc  strto64.o [6]
errStatus               0x1fff827e     0x1  Data  Gb  EKF_AHRS.o [1]
errStatus1              0x1fff8288     0x1  Data  Gb  project.o [1]
error_evb               0x1fff53e0     0x4  Data  Gb  isr.o [1]
exit                    0x00010357     0x4  Code  Gb  exit.o [3]
fanIniSpd               0x1fff191c     0x4  Data  Gb  variables_F450.o [1]
fan_ini()               0x0000dd5d    0x34  Code  Gb  control.o [1]
flightMode              0x1fff52fc     0x4  Data  Gb  FlightMode.o [1]
flightMode_Init()       0x00005855    0x28  Code  Gb  FlightMode.o [1]
flightMode_Init()::flightMode_0
                        0x1fff5300    0x9c  Data  Lc  FlightMode.o [1]
flightMode_Init()::static guard for flightMode_0
                        0x1fff827f     0x1  Data  Lc  FlightMode.o [1]
frexpf                  0x0000c7fd          Code  Gb  frexpf.o [6]
ftm_init_struct         0x1fff5454    0x1c  Data  Gb  moduleInit.o [1]
fuzzyPID(PID_Controller *)
                        0x0000de29   0x13c  Code  Gb  fuzzyPID.o [1]
g_bus_clock             0x1fff000c     0x4  Data  Gb  MCG.o [1]
g_core_clock            0x1fff0008     0x4  Data  Gb  MCG.o [1]
g_flash_clock           0x1fff0010     0x4  Data  Gb  MCG.o [1]
g_flexbus_clock         0x1fff0014     0x4  Data  Gb  MCG.o [1]
get_altitude()          0x00008229    0x80  Code  Gb  MS5611 Air Pressure.o [1]
gyroX                   0x1fff002c   0x214  Data  Gb  variables_F450.o [1]
gyroY                   0x1fff0240   0x214  Data  Gb  variables_F450.o [1]
gyroZ                   0x1fff0454   0x214  Data  Gb  variables_F450.o [1]
hmc5983_CS              0x1fff53d4     0x4  Data  Gb  HMC5983.o [1]
hmc5983_DAQ()           0x00007c7f    0x46  Code  Gb  HMC5983.o [1]
hmc5983_ReadBuf(unsigned char, unsigned char *, unsigned char)
                        0x00007c15    0x6a  Code  Gb  HMC5983.o [1]
hmc5983_ReadByte(unsigned char)
                        0x00007be3    0x32  Code  Gb  HMC5983.o [1]
hmc5983_StartMea()      0x00007ba7     0xc  Code  Gb  HMC5983.o [1]
hmc5983_WriteByte(unsigned char, unsigned char)
                        0x00007bb3    0x30  Code  Gb  HMC5983.o [1]
hmc5983_init()          0x00007b61    0x46  Code  Gb  HMC5983.o [1]
ldexp                   0x0000cb2d          Code  Gb  ldexp.o [6]
ldexpf                  0x0000d18d          Code  Gb  ldexpf.o [6]
ldexpl                  0x0000cb2d          Code  Gb  ldexp.o [6]
main                    0x0000fab5   0x16c  Code  Gb  project.o [1]
memchr                  0x0000d251          Code  Gb  memchr.o [7]
out_char                0x000104a5    0x10  Code  Gb  io.o [1]
pit_init_struct         0x1fff5470    0x14  Data  Gb  moduleInit.o [1]
pit_isr()               0x0000ea51   0x670  Code  Gb  isr.o [1]
pit_isr()::MPU6000_0    0x1fff53f0    0x60  Data  Lc  isr.o [1]
pit_isr()::MPU6000_changeTime
                        0x1fff53ec     0x4  Data  Lc  isr.o [1]
pit_isr()::static guard for MPU6000_0
                        0x1fff8281     0x1  Data  Lc  isr.o [1]
pitch1                  0x1fff76f0     0x4  Data  Gb  variables_F450.o [1]
pitch3                  0x1fff7700     0x4  Data  Gb  variables_F450.o [1]
position                0x1fff226c    0x54  Data  Gb  EKF_AHRS.o [1]
positionX               0x1fff12e0   0x214  Data  Gb  variables_F450.o [1]
positionX_vel           0x1fff0ca4   0x214  Data  Gb  variables_F450.o [1]
positionY               0x1fff14f4   0x214  Data  Gb  variables_F450.o [1]
positionY_vel           0x1fff0eb8   0x214  Data  Gb  variables_F450.o [1]
positionZ               0x1fff1708   0x214  Data  Gb  variables_F450.o [1]
positionZ_vel           0x1fff10cc   0x214  Data  Gb  variables_F450.o [1]
powerVoltage_12         0x1fff770c     0x4  Data  Gb  variables_F450.o [1]
powerVoltage_3v3        0x1fff7714     0x4  Data  Gb  variables_F450.o [1]
powerVoltage_5          0x1fff7710     0x4  Data  Gb  variables_F450.o [1]
powf                    0x0000bc1d     0x4  Code  Gb  pow32.o [6]
pows                    0x0000c250    0x48  Data  Lc  strto64.o [6]
printf                  0x0000c7d3    0x24  Code  Gb  printf.o [1]
printk(PRINTK_INFO *, char const *, __va_list)
                        0x0000c3c7   0x40c  Code  Gb  printf.o [1]
quaternion::quaternion()
                        0x00003c85    0x1c  Code  Gb  EKF_AHRS.o [1]
roll1                   0x1fff76ec     0x4  Data  Gb  variables_F450.o [1]
roll3                   0x1fff76fc     0x4  Data  Gb  variables_F450.o [1]
roror1                  0x1fff7718     0x4  Data  Gb  variables_F450.o [1]
roror2                  0x1fff771c     0x4  Data  Gb  variables_F450.o [1]
roror3                  0x1fff7720     0x4  Data  Gb  variables_F450.o [1]
roror4                  0x1fff7724     0x4  Data  Gb  variables_F450.o [1]
rotor_out()             0x0000da05   0x354  Code  Gb  control.o [1]
rotor_out()::motor_max  0x1fff0000     0x4  Data  Lc  control.o [1]
rotor_out()::motor_min  0x1fff0004     0x4  Data  Lc  control.o [1]
scalbln                 0x0000cb2d          Code  Gb  ldexp.o [6]
scalblnf                0x0000d18d          Code  Gb  ldexpf.o [6]
scalblnl                0x0000cb2d          Code  Gb  ldexp.o [6]
scalbn                  0x0000cb2d          Code  Gb  ldexp.o [6]
scalbnf                 0x0000d18d          Code  Gb  ldexpf.o [6]
scalbnl                 0x0000cb2d          Code  Gb  ldexp.o [6]
setup                   0x1fff826a     0x2  Data  Lc  MS5611 Air Pressure.o [1]
sinTable_f32            0x0000e228   0x804  Data  Gb  arm_common_tables.o [5]
strlen                  0x0000b551          Code  Gb  strlen.o [7]
strncmp                 0x0000b7c5    0x28  Code  Gb  strncmp.o [3]
strncpy                 0x0000b589          Code  Gb  strncpy.o [7]
t                       0x1fff750c     0x4  Data  Gb  variables_F450.o [1]
tTrans                  0x1fff7510     0x4  Data  Gb  variables_F450.o [1]
ta1                     0x1fff1920     0x2  Data  Gb  project.o [1]
ta2                     0x1fff8284     0x1  Data  Gb  project.o [1]
ta3                     0x1fff8285     0x1  Data  Gb  project.o [1]
ta4                     0x1fff8286     0x1  Data  Gb  project.o [1]
ta5                     0x1fff8287     0x1  Data  Gb  project.o [1]
timeWindowIntegral::timeWindowIntegral()
                        0x00002377     0xe  Code  Gb  EKF_AHRS.o [1]
timeWindowIntegral::update(float)
                        0x000039ad    0x80  Code  Gb  General Class.o [1]
tmp_float               0x1fff5a1c     0x4  Data  Gb  MS5611 Air Pressure.o [1]
uart0_init_struct       0x1fff5484    0x1c  Data  Gb  moduleInit.o [1]
uart1_init_struct       0x1fff54a0    0x1c  Data  Gb  moduleInit.o [1]
uart2_init_struct       0x1fff54bc    0x1c  Data  Gb  moduleInit.o [1]
uart3_init_struct       0x1fff54d8    0x1c  Data  Gb  moduleInit.o [1]
uart4_init_struct       0x1fff54f4    0x1c  Data  Gb  moduleInit.o [1]
uart5_init_struct       0x1fff5510    0x1c  Data  Gb  moduleInit.o [1]
useConstantKpKiKd(PID_Controller *)
                        0x0000e141    0x16  Code  Gb  fuzzyPID.o [1]
value_buf1              0x1fff5a20    0x28  Data  Gb  MS5611 Air Pressure.o [1]
value_buf2              0x1fff5a48    0x28  Data  Gb  MS5611 Air Pressure.o [1]
velocity                0x1fff22c0    0x54  Data  Gb  EKF_AHRS.o [1]
videoStation            0x1fff7728     0x4  Data  Gb  VideoStation.o [1]
voidVar                 0x1fff5898     0x4  Data  Gb  moduleInit.o [1]
waterGun                0x1fff8254     0x4  Data  Gb  waterGun.o [1]
yaw1                    0x1fff76f4     0x4  Data  Gb  variables_F450.o [1]
yaw2                    0x1fff76f8     0x4  Data  Gb  variables_F450.o [1]
yaw3                    0x1fff7704     0x4  Data  Gb  variables_F450.o [1]
yaw4                    0x1fff7708     0x4  Data  Gb  variables_F450.o [1]
yaw_init                0x1fff53e4     0x4  Data  Gb  isr.o [1]
yaw_init1               0x1fff53e8     0x4  Data  Gb  isr.o [1]


[1] = C:\Users\xsk19940910\Desktop\flightController-1\flightController-1\program\iar\RAM\Obj
[2] = command line
[3] = dl7M_tln.a
[4] = dlpp7M_tl_nc.a
[5] = iar_cortexM4lf_math.a
[6] = m7M_tls.a
[7] = rt7M_tl.a
[8] = shb_l.a

  62 717 bytes of readonly  code memory
   4 622 bytes of readonly  data memory
  41 609 bytes of readwrite data memory

Errors: 2
Warnings: none
