###############################################################################
#
# IAR ANSI C/C++ Compiler V8.11.2.13589/W32 for ARM       18/Jun/2018  19:47:53
# Copyright 1999-2017 IAR Systems AB.
#
#    Cpu mode     =  thumb
#    Endian       =  little
#    Source file  =  
#        C:\Users\xsk19940910\Desktop\flightController-1\flightController-1\program\app\Beep.cpp
#    Command line =  
#        -f C:\Users\XSK199~1\AppData\Local\Temp\EWC22.tmp
#        (C:\Users\xsk19940910\Desktop\flightController-1\flightController-1\program\app\Beep.cpp
#        -D K60 -D USE_K60F15 -D ARM_MATH_CM4 -D __FPU_PRESENT=1 -D
#        __FPU_USED=1 -lCN
#        C:\Users\xsk19940910\Desktop\flightController-1\flightController-1\program\iar\RAM\List
#        -lB
#        C:\Users\xsk19940910\Desktop\flightController-1\flightController-1\program\iar\RAM\List
#        -o
#        C:\Users\xsk19940910\Desktop\flightController-1\flightController-1\program\iar\RAM\Obj
#        --no_cse --no_unroll --no_inline --no_code_motion --no_tbaa
#        --no_clustering --no_scheduling --debug --endian=little
#        --cpu=Cortex-M4 -e --fpu=VFPv4_sp --dlib_config
#        D:\iar\arm\INC\c\DLib_Config_Normal.h -I
#        C:\Users\xsk19940910\Desktop\flightController-1\flightController-1\program\iar\..\app\
#        -I
#        C:\Users\xsk19940910\Desktop\flightController-1\flightController-1\program\iar\..\app\Sensor\
#        -I
#        C:\Users\xsk19940910\Desktop\flightController-1\flightController-1\program\iar\..\lib\CPU\
#        -I
#        C:\Users\xsk19940910\Desktop\flightController-1\flightController-1\program\iar\..\lib\common\
#        -I
#        C:\Users\xsk19940910\Desktop\flightController-1\flightController-1\program\iar\..\lib\LPLD\
#        -I
#        C:\Users\xsk19940910\Desktop\flightController-1\flightController-1\program\iar\..\lib\LPLD\HW\
#        -I
#        C:\Users\xsk19940910\Desktop\flightController-1\flightController-1\program\iar\..\lib\LPLD\DEV\
#        -I
#        C:\Users\xsk19940910\Desktop\flightController-1\flightController-1\program\iar\..\lib\LPLD\FUNC\
#        -I
#        C:\Users\xsk19940910\Desktop\flightController-1\flightController-1\program\iar\..\lib\uCOS-II\Ports\
#        -I
#        C:\Users\xsk19940910\Desktop\flightController-1\flightController-1\program\iar\..\lib\uCOS-II\Source\
#        -I
#        C:\Users\xsk19940910\Desktop\flightController-1\flightController-1\program\iar\..\lib\FatFs\
#        -I
#        C:\Users\xsk19940910\Desktop\flightController-1\flightController-1\program\iar\..\lib\FatFs\option\
#        -I
#        C:\Users\xsk19940910\Desktop\flightController-1\flightController-1\program\iar\..\lib\USB\common\
#        -I
#        C:\Users\xsk19940910\Desktop\flightController-1\flightController-1\program\iar\..\lib\USB\driver\
#        -I
#        C:\Users\xsk19940910\Desktop\flightController-1\flightController-1\program\iar\..\lib\USB\descriptor\
#        -I
#        C:\Users\xsk19940910\Desktop\flightController-1\flightController-1\program\iar\..\lib\USB\class\
#        -On --c++ -I D:\iar\arm\CMSIS\Include\ -D ARM_MATH_CM4)
#    Locale       =  C
#    List file    =  
#        C:\Users\xsk19940910\Desktop\flightController-1\flightController-1\program\iar\RAM\List\Beep.lst
#    Object file  =  
#        C:\Users\xsk19940910\Desktop\flightController-1\flightController-1\program\iar\RAM\Obj\Beep.o
#
###############################################################################

C:\Users\xsk19940910\Desktop\flightController-1\flightController-1\program\app\Beep.cpp
      1          #include  "Beep.h"
      2          
      3          

   \                                 In section .bss, align 4
      4          Beep__ *Beep;
   \                     Beep:
   \   00000000                      DS8 4
      5          
      6          

   \                                 In section .text, align 4, keep-with-next
      7          void Beep_Init()
      8          {
   \                     _Z9Beep_Initv: (+1)
   \   00000000   0x4805             LDR.N    R0,??Beep_Init_0
   \   00000002   0x7800             LDRB     R0,[R0, #+0]
   \   00000004   0x2800             CMP      R0,#+0
   \   00000006   0xD102             BNE.N    ??Beep_Init_1
      9            static Beep__ Beep_0;
   \   00000008   0x2001             MOVS     R0,#+1
   \   0000000A   0x4903             LDR.N    R1,??Beep_Init_0
   \   0000000C   0x7008             STRB     R0,[R1, #+0]
     10            Beep = &Beep_0;
   \                     ??Beep_Init_1: (+1)
   \   0000000E   0x4803             LDR.N    R0,??Beep_Init_0+0x4
   \   00000010   0x4903             LDR.N    R1,??Beep_Init_0+0x8
   \   00000012   0x6008             STR      R0,[R1, #+0]
     11          }
   \   00000014   0x4770             BX       LR               ;; return
   \   00000016   0xBF00             Nop      
   \                     ??Beep_Init_0:
   \   00000018   0x........         DC32     `Beep_Init()::static guard for Beep_0`
   \   0000001C   0x........         DC32     `Beep_Init()::Beep_0`
   \   00000020   0x........         DC32     Beep

   \                                 In section .bss, align 1
   \                     `Beep_Init()::Beep_0`:
   \   00000000                      DS8 1

   Maximum stack usage in bytes:

   .cstack Function
   ------- --------
       0   Beep_Init()


   Section sizes:

   Bytes  Function/Label
   -----  --------------
       4  Beep
       1  Beep_0
      36  Beep_Init()
       1  -- Other

 
  6 bytes in section .bss
 36 bytes in section .text
 
 36 bytes of CODE memory
  6 bytes of DATA memory

Errors: none
Warnings: none
