###############################################################################
#
# IAR ELF Linker V8.11.2.13589/W32 for ARM                16/May/2018  07:42:45
# Copyright 2007-2017 IAR Systems AB.
#
#    Output file  =  
#        C:\Users\xsk19940910\Desktop\flightController-1\flightController-1\program\iar\RAM\Exe\project_K60F12.out
#    Map file     =  
#        C:\Users\xsk19940910\Desktop\flightController-1\flightController-1\program\iar\RAM\List\project_K60F12.map
#    Command line =  
#        -f C:\Users\XSK199~1\AppData\Local\Temp\EWE958.tmp
#        (C:\Users\xsk19940910\Desktop\flightController-1\flightController-1\program\iar\RAM\Obj\ADC.o
#        C:\Users\xsk19940910\Desktop\flightController-1\flightController-1\program\iar\RAM\Obj\assert.o
#        C:\Users\xsk19940910\Desktop\flightController-1\flightController-1\program\iar\RAM\Obj\Beep.o
#        C:\Users\xsk19940910\Desktop\flightController-1\flightController-1\program\iar\RAM\Obj\control.o
#        C:\Users\xsk19940910\Desktop\flightController-1\flightController-1\program\iar\RAM\Obj\DEV_LCD.o
#        C:\Users\xsk19940910\Desktop\flightController-1\flightController-1\program\iar\RAM\Obj\DMA.o
#        C:\Users\xsk19940910\Desktop\flightController-1\flightController-1\program\iar\RAM\Obj\EKF_AHRS.o
#        C:\Users\xsk19940910\Desktop\flightController-1\flightController-1\program\iar\RAM\Obj\EVB.o
#        C:\Users\xsk19940910\Desktop\flightController-1\flightController-1\program\iar\RAM\Obj\FLASH.o
#        C:\Users\xsk19940910\Desktop\flightController-1\flightController-1\program\iar\RAM\Obj\FLEXBUS.o
#        C:\Users\xsk19940910\Desktop\flightController-1\flightController-1\program\iar\RAM\Obj\FlightMode.o
#        C:\Users\xsk19940910\Desktop\flightController-1\flightController-1\program\iar\RAM\Obj\FTM.o
#        C:\Users\xsk19940910\Desktop\flightController-1\flightController-1\program\iar\RAM\Obj\Ftm1.o
#        C:\Users\xsk19940910\Desktop\flightController-1\flightController-1\program\iar\RAM\Obj\fuzzyPID.o
#        "C:\Users\xsk19940910\Desktop\flightController-1\flightController-1\program\iar\RAM\Obj\General
#        Class.o"
#        C:\Users\xsk19940910\Desktop\flightController-1\flightController-1\program\iar\RAM\Obj\GPIO.o
#        C:\Users\xsk19940910\Desktop\flightController-1\flightController-1\program\iar\RAM\Obj\GPS.o
#        "C:\Users\xsk19940910\Desktop\flightController-1\flightController-1\program\iar\RAM\Obj\history
#        AHRS data.o"
#        C:\Users\xsk19940910\Desktop\flightController-1\flightController-1\program\iar\RAM\Obj\HMC5983.o
#        C:\Users\xsk19940910\Desktop\flightController-1\flightController-1\program\iar\RAM\Obj\I2C.o
#        C:\Users\xsk19940910\Desktop\flightController-1\flightController-1\program\iar\RAM\Obj\io.o
#        C:\Users\xsk19940910\Desktop\flightController-1\flightController-1\program\iar\RAM\Obj\isr.o
#        C:\Users\xsk19940910\Desktop\flightController-1\flightController-1\program\iar\RAM\Obj\LidarLite.o
#        C:\Users\xsk19940910\Desktop\flightController-1\flightController-1\program\iar\RAM\Obj\LPTMR.o
#        C:\Users\xsk19940910\Desktop\flightController-1\flightController-1\program\iar\RAM\Obj\MadgwickAHRS.o
#        C:\Users\xsk19940910\Desktop\flightController-1\flightController-1\program\iar\RAM\Obj\MCG.o
#        C:\Users\xsk19940910\Desktop\flightController-1\flightController-1\program\iar\RAM\Obj\memtest.o
#        C:\Users\xsk19940910\Desktop\flightController-1\flightController-1\program\iar\RAM\Obj\moduleInit.o
#        C:\Users\xsk19940910\Desktop\flightController-1\flightController-1\program\iar\RAM\Obj\MPU6000.o
#        "C:\Users\xsk19940910\Desktop\flightController-1\flightController-1\program\iar\RAM\Obj\MS5611
#        Air Pressure.o"
#        C:\Users\xsk19940910\Desktop\flightController-1\flightController-1\program\iar\RAM\Obj\Navigation.o
#        C:\Users\xsk19940910\Desktop\flightController-1\flightController-1\program\iar\RAM\Obj\NvidiaTX1.o
#        C:\Users\xsk19940910\Desktop\flightController-1\flightController-1\program\iar\RAM\Obj\PIT.o
#        C:\Users\xsk19940910\Desktop\flightController-1\flightController-1\program\iar\RAM\Obj\printf.o
#        C:\Users\xsk19940910\Desktop\flightController-1\flightController-1\program\iar\RAM\Obj\project.o
#        C:\Users\xsk19940910\Desktop\flightController-1\flightController-1\program\iar\RAM\Obj\queue.o
#        C:\Users\xsk19940910\Desktop\flightController-1\flightController-1\program\iar\RAM\Obj\relocate.o
#        C:\Users\xsk19940910\Desktop\flightController-1\flightController-1\program\iar\RAM\Obj\RemoteHub.o
#        C:\Users\xsk19940910\Desktop\flightController-1\flightController-1\program\iar\RAM\Obj\RTC.o
#        C:\Users\xsk19940910\Desktop\flightController-1\flightController-1\program\iar\RAM\Obj\SBus.o
#        C:\Users\xsk19940910\Desktop\flightController-1\flightController-1\program\iar\RAM\Obj\SPI.o
#        C:\Users\xsk19940910\Desktop\flightController-1\flightController-1\program\iar\RAM\Obj\startup_K60F12.o
#        C:\Users\xsk19940910\Desktop\flightController-1\flightController-1\program\iar\RAM\Obj\system_MK60.o
#        C:\Users\xsk19940910\Desktop\flightController-1\flightController-1\program\iar\RAM\Obj\UART.o
#        C:\Users\xsk19940910\Desktop\flightController-1\flightController-1\program\iar\RAM\Obj\uif.o
#        "C:\Users\xsk19940910\Desktop\flightController-1\flightController-1\program\iar\RAM\Obj\Ultrasound(UART).o"
#        C:\Users\xsk19940910\Desktop\flightController-1\flightController-1\program\iar\RAM\Obj\Ultrasound.o
#        "C:\Users\xsk19940910\Desktop\flightController-1\flightController-1\program\iar\RAM\Obj\UWB
#        decode.o"
#        C:\Users\xsk19940910\Desktop\flightController-1\flightController-1\program\iar\RAM\Obj\variables_F450.o
#        C:\Users\xsk19940910\Desktop\flightController-1\flightController-1\program\iar\RAM\Obj\variables_QAV220.o
#        C:\Users\xsk19940910\Desktop\flightController-1\flightController-1\program\iar\RAM\Obj\variables_QAV250.o
#        C:\Users\xsk19940910\Desktop\flightController-1\flightController-1\program\iar\RAM\Obj\VideoStation.o
#        C:\Users\xsk19940910\Desktop\flightController-1\flightController-1\program\iar\RAM\Obj\waterGun.o
#        --redirect _Printf=_PrintfFullNoMb --redirect _Scanf=_ScanfFullNoMb -o
#        C:\Users\xsk19940910\Desktop\flightController-1\flightController-1\program\iar\RAM\Exe\project_K60F12.out
#        --map
#        C:\Users\xsk19940910\Desktop\flightController-1\flightController-1\program\iar\RAM\List\project_K60F12.map
#        --config D:\iar\arm\config\linker\NXP\MK60xX512_15.icf --semihosting
#        --entry __iar_program_start --inline
#        D:\iar\arm\CMSIS\Lib\IAR\iar_cortexM4lf_math.a
#        --merge_duplicate_sections --vfe --text_out locale)
#
###############################################################################

*******************************************************************************
*** MESSAGES
***

Error[Li005]: no definition for "__VECTOR_TABLE" [referenced from C:\Users\xsk1
          9940910\Desktop\flightController-1\flightController-1\program\iar\RAM
          \Obj\relocate.o]
Error[Li005]: no definition for "__VECTOR_RAM" [referenced from C:\Users\xsk199
          40910\Desktop\flightController-1\flightController-1\program\iar\RAM\O
          bj\relocate.o]


*******************************************************************************
*** RUNTIME MODEL ATTRIBUTES
***

CppFlavor                     = *
__CPP_Exceptions              = Used
__CPP_Language                = C++14
__Heap_Handler                = Basic
__SystemLibrary               = DLib
__dlib_dynamic_initialization = normal
__dlib_version                = 6


*******************************************************************************
*** HEAP SELECTION
***

The basic heap was selected because no calls to memory allocation
functions were found in the application outside of system library
functions, and there are calls to deallocation functions in the
application.


*******************************************************************************
*** PLACEMENT SUMMARY
***

"A0":  place at 0x00000000 { ro section .intvec };
"P2":  place in [from 0x00000000 to 0x000003ff] |
                [from 0x00000410 to 0x0007ffff] |
                [from 0x10000000 to 0x1007ffff] { ro };
define block CSTACK with size = 8K, alignment = 8 { };
define block HEAP with size = 16K, alignment = 8 { };
"P3":  place in [from 0x1fff0000 to 0x1fffffff repeat 2] {
          rw, block CSTACK, block HEAP };
initialize by copy { rw };

  Section                Kind        Address     Size  Object
  -------                ----        -------     ----  ------
"A0":                                           0x400
  .intvec                ro code  0x00000000    0x400  startup_K60F12.o [1]
                                - 0x00000400    0x400

"P2":                                         0x10c08
  .text                  ro code  0x00000410   0x2000  EKF_AHRS.o [1]
  .text                  ro code  0x00002410     0x1e  VideoStation.o [1]
  .text                  ro code  0x0000242e      0xe  EKF_AHRS.o [1]
  .text                  ro code  0x0000243c    0x4c0  EKF_AHRS.o [1]
  .text                  ro code  0x000028fc     0x48  FltToDbl.o [6]
  .text                  ro code  0x00002944    0x1a2  DblMul.o [6]
  .text                  ro code  0x00002ae6     0x7a  lz77_init_single.o [7]
  .text                  ro code  0x00002b60     0x68  DblToFlt.o [6]
  .text                  ro code  0x00002bc8     0xee  arm_mat_scale_f32.o [5]
  .rodata                const    0x00002cb6      0x1  unwind_debug.o [8]
  .text                  ro code  0x00002cb8    0x146  arm_mat_add_f32.o [5]
  .text                  ro code  0x00002e00     0xf6  arm_mat_trans_f32.o [5]
  .text                  ro code  0x00002ef8     0xf8  arm_mat_mult_f32.o [5]
  .text                  ro code  0x00002ff0    0x540  arm_mat_inverse_f32.o [5]
  .text                  ro code  0x00003530    0x146  arm_mat_sub_f32.o [5]
  .text                  ro code  0x00003678    0x178  DblAdd.o [6]
  .text                  ro code  0x000037f0    0x2fc  General Class.o [1]
  .text                  ro code  0x00003aec     0xe2  DblSub.o [6]
  .text                  ro code  0x00003bd0     0x86  ABImemcpy.o [7]
  .text                  ro code  0x00003c58     0x6a  atan2f.o [6]
  .text                  ro code  0x00003cc4     0x5c  asinf.o [6]
  .text                  ro code  0x00003d20     0x1c  VideoStation.o [1]
  .text                  ro code  0x00003d3c     0x1c  EKF_AHRS.o [1]
  .text                  ro code  0x00003d58     0x16  EKF_AHRS.o [1]
  .text                  ro code  0x00003d70     0xa4  xatanf.o [6]
  .text                  ro code  0x00003e14    0xc5c  moduleInit.o [1]
  .text                  ro code  0x00004a70    0xb58  EVB.o [1]
  .text                  ro code  0x000055c8      0xe  FlightMode.o [1]
  .text                  ro code  0x000055d8    0x958  FlightMode.o [1]
  .text                  ro code  0x00005f30    0x3b0  Navigation.o [1]
  .text                  ro code  0x000062e0    0x480  VideoStation.o [1]
  .text                  ro code  0x00006760    0x308  SBus.o [1]
  .text                  ro code  0x00006a68    0x664  GPS.o [1]
  .text                  ro code  0x000070cc    0x28c  waterGun.o [1]
  .text                  ro code  0x00007358    0x6ec  MPU6000.o [1]
  .text                  ro code  0x00007a44     0x24  Beep.o [1]
  .text                  ro code  0x00007a68    0x13c  LPTMR.o [1]
  .text                  ro code  0x00007ba4    0x174  HMC5983.o [1]
  .text                  ro code  0x00007d18    0x750  MS5611 Air Pressure.o [1]
  .text                  ro code  0x00008468     0x34  RemoteHub.o [1]
  .text                  ro code  0x0000849c     0x38  Ultrasound.o [1]
  .text                  ro code  0x000084d4    0x544  Ultrasound(UART).o [1]
  .text                  ro code  0x00008a18    0x130  PIT.o [1]
  .text                  ro code  0x00008b48    0xc34  FTM.o [1]
  .text                  ro code  0x0000977c    0x5d0  UART.o [1]
  .text                  ro code  0x00009d4c    0x394  DMA.o [1]
  .text                  ro code  0x0000a0e0    0x114  GPIO.o [1]
  .text                  ro code  0x0000a1f4    0x774  SPI.o [1]
  .text                  ro code  0x0000a968    0x60c  ADC.o [1]
  .text                  ro code  0x0000af74    0x1a8  I2C.o [1]
  .text                  ro code  0x0000b11c     0x14  VideoStation.o [1]
  .text                  ro code  0x0000b130      0xa  EVB.o [1]
  .text                  ro code  0x0000b13a     0x18  EVB.o [1]
  .text                  ro code  0x0000b154     0x22  S32ToDbl.o [6]
  .text                  ro code  0x0000b178    0x246  DblDiv.o [6]
  .text                  ro code  0x0000b3c0     0x2e  DblCmpLe.o [6]
  .text                  ro code  0x0000b3ee     0x16  Navigation.o [1]
  .text                  ro code  0x0000b404     0x48  atanf.o [6]
  .text                  ro code  0x0000b44c     0x68  VideoStation.o [1]
  .text                  ro code  0x0000b4b4     0x66  ABImemset.o [7]
  .text                  ro code  0x0000b51a     0x1c  VideoStation.o [1]
  .text                  ro code  0x0000b536      0xe  VideoStation.o [1]
  .text                  ro code  0x0000b544      0x8  SBus.o [1]
  .text                  ro code  0x0000b54c     0x60  GPS.o [1]
  .text                  ro code  0x0000b5ac     0x36  strlen.o [7]
  .text                  ro code  0x0000b5e4     0x70  strncpy.o [7]
  .text                  ro code  0x0000b654      0xe  math_wrappers64.o [6]
  .text                  ro code  0x0000b664     0x3a  DblToS32.o [6]
  .text                  ro code  0x0000b6a0     0x80  arm_cos_f32.o [5]
  .text                  ro code  0x0000b720     0x98  arm_sin_f32.o [5]
  .text                  ro code  0x0000b7b8     0x18  waterGun.o [1]
  .text                  ro code  0x0000b7d0     0x28  MPU6000.o [1]
  .text                  ro code  0x0000b7f8     0x28  assert.o [1]
  .text                  ro code  0x0000b820     0x28  strncmp.o [3]
  .text                  ro code  0x0000b848     0x18  VideoStation.o [1]
  .text                  ro code  0x0000b860     0x1e  MS5611 Air Pressure.o [1]
  .text                  ro code  0x0000b880     0x1a  U32ToDbl.o [6]
  .text                  ro code  0x0000b89c     0x28  DblToU32.o [6]
  .text                  ro code  0x0000b8c4    0x3d8  pow32.o [6]
  .text                  ro code  0x0000bc9c     0x28  Ultrasound.o [1]
  .text                  ro code  0x0000bcc4     0x7c  Ultrasound(UART).o [1]
  .text                  ro code  0x0000bd40    0x590  strto64.o [6]
  .text                  ro code  0x0000c2d0    0x564  printf.o [1]
  .text                  ro code  0x0000c834     0x48  frexpf.o [6]
  .text                  ro code  0x0000c87c    0x278  iar_Exp32.o [6]
  .text                  ro code  0x0000caf4     0x70  frexp.o [6]
  .text                  ro code  0x0000cb64    0x13a  ldexp.o [6]
  .text                  ro code  0x0000cc9e    0x122  iar_Stopfx.o [3]
  .text                  ro code  0x0000cdc0    0x1cc  iar_Stoflt.o [3]
  .text                  ro code  0x0000cf8c    0x238  iar_Stoxflt.o [3]
  .text                  ro code  0x0000d1c4     0xc4  ldexpf.o [6]
  .text                  ro code  0x0000d288     0x58  memchr.o [7]
  .text                  ro code  0x0000d2e0    0xb80  control.o [1]
  .text                  ro code  0x0000de60    0x400  fuzzyPID.o [1]
  .text                  ro code  0x0000e260    0x8f8  isr.o [1]
  .text                  ro code  0x0000eb58    0x690  MadgwickAHRS.o [1]
  .rodata                const    0x0000f1e8    0x804  arm_common_tables.o [5]
  .text                  ro code  0x0000f9ec    0x6b4  system_MK60.o [1]
  .text                  ro code  0x000100a0     0xac  relocate.o [1]
  .text                  ro code  0x0001014c    0x1f4  MCG.o [1]
  .text                  ro code  0x00010340    0x190  project.o [1]
  .rodata                const    0x000104d0     0x60  ADC.o [1]
  .rodata                const    0x00010530     0x60  DMA.o [1]
  .rodata                const    0x00010590     0x60  FTM.o [1]
  .rodata                const    0x000105f0     0x60  GPIO.o [1]
  .rodata                const    0x00010650     0x60  I2C.o [1]
  .rodata                const    0x000106b0     0x60  LPTMR.o [1]
  .rodata                const    0x00010710     0x60  PIT.o [1]
  .rodata                const    0x00010770     0x60  SPI.o [1]
  .rodata                const    0x000107d0     0x48  system_MK60.o [1]
  .rodata                const    0x00010818     0x44  system_MK60.o [1]
  .rodata                const    0x0001085c     0x44  system_MK60.o [1]
  .text                  ro code  0x000108a0     0x40  zero_init3.o [7]
  .rodata                const    0x000108e0     0x34  system_MK60.o [1]
  .rodata                const    0x00010914     0x30  assert.o [1]
  .rodata                const    0x00010944     0x30  system_MK60.o [1]
  .rodata                const    0x00010974     0x30  system_MK60.o [1]
  .rodata                const    0x000109a4     0x28  system_MK60.o [1]
  .text                  ro code  0x000109cc     0x28  data_init.o [7]
  .rodata                const    0x000109f4     0x24  EKF_AHRS.o [1]
  .rodata                const    0x00010a18     0x24  system_MK60.o [1]
  .rodata                const    0x00010a3c     0x24  system_MK60.o [1]
  .rodata                const    0x00010a60     0x24  system_MK60.o [1]
  .text                  ro code  0x00010a84     0x22  fpinit_M.o [6]
  .iar.init_table        const    0x00010aa8     0x24  - Linker created -
  .rodata                const    0x00010acc     0x20  system_MK60.o [1]
  .rodata                const    0x00010aec     0x20  system_MK60.o [1]
  .rodata                const    0x00010b0c     0x20  system_MK60.o [1]
  .rodata                const    0x00010b2c     0x20  system_MK60.o [1]
  .rodata                const    0x00010b4c     0x20  system_MK60.o [1]
  .text                  ro code  0x00010b6c     0x20  cmain_call_ctors.o [7]
  .text                  ro code  0x00010b8c     0x18  cppinit.o [3]
  .rodata                const    0x00010ba4     0x1c  system_MK60.o [1]
  .rodata                const    0x00010bc0     0x1c  system_MK60.o [1]
  .rodata                const    0x00010bdc     0x1c  system_MK60.o [1]
  .rodata                const    0x00010bf8     0x1c  system_MK60.o [1]
  .rodata                const    0x00010c14     0x1c  system_MK60.o [1]
  .text                  ro code  0x00010c30     0x1a  cmain.o [7]
  .text                  ro code  0x00010c4a      0x4  exit.o [3]
  .text                  ro code  0x00010c50      0xa  cexit.o [7]
  .text                  ro code  0x00010c5c     0x14  exit.o [8]
  .rodata                const    0x00010c70     0x18  system_MK60.o [1]
  .rodata                const    0x00010c88     0x18  system_MK60.o [1]
  .rodata                const    0x00010ca0     0x18  system_MK60.o [1]
  .rodata                const    0x00010cb8     0x18  system_MK60.o [1]
  .rodata                const    0x00010cd0     0x18  system_MK60.o [1]
  .rodata                const    0x00010ce8     0x18  system_MK60.o [1]
  .rodata                const    0x00010d00     0x18  system_MK60.o [1]
  .rodata                const    0x00010d18     0x18  system_MK60.o [1]
  .rodata                const    0x00010d30     0x18  system_MK60.o [1]
  .rodata                const    0x00010d48     0x14  system_MK60.o [1]
  .rodata                const    0x00010d5c     0x14  system_MK60.o [1]
  .rodata                const    0x00010d70     0x14  system_MK60.o [1]
  .rodata                const    0x00010d84     0x14  system_MK60.o [1]
  .text                  ro code  0x00010d98     0x14  io.o [1]
  .noinit                ro code  0x00010dac     0x10  startup_K60F12.o [1]
  .rodata                const    0x00010dbc     0x10  system_MK60.o [1]
  .rodata                const    0x00010dcc     0x10  system_MK60.o [1]
  .rodata                const    0x00010ddc     0x10  system_MK60.o [1]
  .rodata                const    0x00010dec     0x10  system_MK60.o [1]
  SHT$$PREINIT_ARRAY              0x00010dfc      0x0  <Block>
  SHT$$INIT_ARRAY                 0x00010dfc     0x10  <Block>
    .init_array          const    0x00010dfc      0x4  EKF_AHRS.o [1]
    .init_array          const    0x00010e00      0x4  MPU6000.o [1]
    .init_array          const    0x00010e04      0x4  MS5611 Air Pressure.o [1]
    .init_array          const    0x00010e08      0x4  Ultrasound.o [1]
  __iar_tls$$INIT_ARRAY           0x00010e0c      0x0  <Block>
  .rodata                const    0x00010e0c      0xc  system_MK60.o [1]
  .text                  ro code  0x00010e18      0xc  cstartup_M.o [7]
  .rodata                const    0x00010e24      0x8  project.o [1]
  .rodata                const    0x00010e2c      0x8  system_MK60.o [1]
  .rodata                const    0x00010e34      0x8  system_MK60.o [1]
  .rodata                const    0x00010e3c      0x8  system_MK60.o [1]
  .rodata                const    0x00010e44      0x8  system_MK60.o [1]
  .rodata                const    0x00010e4c      0x8  system_MK60.o [1]
  .rodata                const    0x00010e54      0x8  system_MK60.o [1]
  .rodata                const    0x00010e5c      0x8  system_MK60.o [1]
  .rodata                const    0x00010e64      0x8  system_MK60.o [1]
  .rodata                const    0x00010e6c      0x8  system_MK60.o [1]
  .rodata                const    0x00010e74      0x8  system_MK60.o [1]
  .rodata                const    0x00010e7c      0x8  system_MK60.o [1]
  .rodata                const    0x00010e84      0x8  system_MK60.o [1]
  .rodata                const    0x00010e8c      0x8  system_MK60.o [1]
  .rodata                const    0x00010e94      0x8  system_MK60.o [1]
  .rodata                const    0x00010e9c      0x8  system_MK60.o [1]
  .rodata                const    0x00010ea4      0x8  system_MK60.o [1]
  .rodata                const    0x00010eac      0x8  system_MK60.o [1]
  .rodata                const    0x00010eb4      0x8  system_MK60.o [1]
  .rodata                const    0x00010ebc      0x8  system_MK60.o [1]
  .noinit                ro code  0x00010ec4      0x4  startup_K60F12.o [1]
  .rodata                const    0x00010ec8      0x4  HMC5983.o [1]
  .rodata                const    0x00010ecc      0x0  zero_init3.o [7]
  .rodata                const    0x00010ecc      0x0  lz77_init_single.o [7]
  .data_init                      0x00010ecc    0x14c  <Block>
    Initializer bytes    const    0x00010ecc    0x14c  <for .data-1>
                                - 0x00011018  0x10c08

"P3", part 1 of 3:                             0x192f
  .data                           0x1fff0000   0x192f  <Block>
    .data-1                       0x1fff0000   0x192f  <Init block>
      .data              inited   0x1fff0000      0x8  MadgwickAHRS.o [1]
      .data              inited   0x1fff0008      0x4  control.o [1]
      .data              inited   0x1fff000c      0x4  control.o [1]
      .data              inited   0x1fff0010      0x4  MadgwickAHRS.o [1]
      .data              inited   0x1fff0014      0x4  MCG.o [1]
      .data              inited   0x1fff0018      0x4  MCG.o [1]
      .data              inited   0x1fff001c      0x4  MCG.o [1]
      .data              inited   0x1fff0020      0x4  MCG.o [1]
      .data              inited   0x1fff0024     0x10  project.o [1]
      .data              inited   0x1fff0034      0x4  system_MK60.o [1]
      .data              inited   0x1fff0038    0x214  variables_F450.o [1]
      .data              inited   0x1fff024c    0x214  variables_F450.o [1]
      .data              inited   0x1fff0460    0x214  variables_F450.o [1]
      .data              inited   0x1fff0674    0x214  variables_F450.o [1]
      .data              inited   0x1fff0888    0x214  variables_F450.o [1]
      .data              inited   0x1fff0a9c    0x214  variables_F450.o [1]
      .data              inited   0x1fff0cb0    0x214  variables_F450.o [1]
      .data              inited   0x1fff0ec4    0x214  variables_F450.o [1]
      .data              inited   0x1fff10d8    0x214  variables_F450.o [1]
      .data              inited   0x1fff12ec    0x214  variables_F450.o [1]
      .data              inited   0x1fff1500    0x214  variables_F450.o [1]
      .data              inited   0x1fff1714    0x214  variables_F450.o [1]
      .data              inited   0x1fff1928      0x4  variables_F450.o [1]
      .data              inited   0x1fff192c      0x2  project.o [1]
      .data              inited   0x1fff192e      0x1  MPU6000.o [1]
                                - 0x1fff192f   0x192f

"P3", part 2 of 3:                             0x6b00
  .bss                            0x1fff1930   0x6b00  <Block>
    .bss                 zero     0x1fff1930    0x738  GPS.o [1]
    .bss                 zero     0x1fff2068    0x108  MS5611 Air Pressure.o [1]
    .bss                 zero     0x1fff2170      0x8  MS5611 Air Pressure.o [1]
    .bss                 zero     0x1fff2178      0x8  MS5611 Air Pressure.o [1]
    .bss                 zero     0x1fff2180     0x50  waterGun.o [1]
    .bss                 zero     0x1fff21d0     0x10  ADC.o [1]
    .bss                 zero     0x1fff21e0      0x4  assert.o [1]
    .bss                 zero     0x1fff21e4      0x4  assert.o [1]
    .bss                 zero     0x1fff21e8      0x4  Beep.o [1]
    .bss                 zero     0x1fff21ec      0x4  control.o [1]
    .bss                 zero     0x1fff21f0     0x80  DMA.o [1]
    .bss                 zero     0x1fff2270      0x4  EKF_AHRS.o [1]
    .bss                 zero     0x1fff2274      0x4  EKF_AHRS.o [1]
    .bss                 zero     0x1fff2278     0x54  EKF_AHRS.o [1]
    .bss                 zero     0x1fff22cc     0x54  EKF_AHRS.o [1]
    .bss                 zero     0x1fff2320     0x54  EKF_AHRS.o [1]
    .bss                 zero     0x1fff2374     0x54  EKF_AHRS.o [1]
    .bss                 zero     0x1fff23c8     0x54  EKF_AHRS.o [1]
    .bss                 zero     0x1fff241c    0x7dc  EKF_AHRS.o [1]
    .bss                 zero     0x1fff2bf8    0x7dc  EKF_AHRS.o [1]
    .bss                 zero     0x1fff33d4    0x7dc  EKF_AHRS.o [1]
    .bss                 zero     0x1fff3bb0      0x4  EKF_AHRS.o [1]
    .bss                 zero     0x1fff3bb4      0x4  EKF_AHRS.o [1]
    .bss                 zero     0x1fff3bb8      0x4  EKF_AHRS.o [1]
    .bss                 zero     0x1fff3bbc    0x834  EKF_AHRS.o [1]
    .bss                 zero     0x1fff43f0    0x834  EKF_AHRS.o [1]
    .bss                 zero     0x1fff4c24    0x7dc  EVB.o [1]
    .bss                 zero     0x1fff5400      0x4  EVB.o [1]
    .bss                 zero     0x1fff5404      0x4  FlightMode.o [1]
    .bss                 zero     0x1fff5408     0x9c  FlightMode.o [1]
    .bss                 zero     0x1fff54a4     0x10  FTM.o [1]
    .bss                 zero     0x1fff54b4     0x14  GPIO.o [1]
    .bss                 zero     0x1fff54c8      0x4  GPS.o [1]
    .bss                 zero     0x1fff54cc     0x10  HMC5983.o [1]
    .bss                 zero     0x1fff54dc      0x4  HMC5983.o [1]
    .bss                 zero     0x1fff54e0      0x8  I2C.o [1]
    .bss                 zero     0x1fff54e8      0x4  isr.o [1]
    .bss                 zero     0x1fff54ec      0x4  isr.o [1]
    .bss                 zero     0x1fff54f0      0x4  isr.o [1]
    .bss                 zero     0x1fff54f4      0x4  isr.o [1]
    .bss                 zero     0x1fff54f8     0x64  isr.o [1]
    .bss                 zero     0x1fff555c      0x4  isr.o [1]
    .bss                 zero     0x1fff5560      0x4  isr.o [1]
    .bss                 zero     0x1fff5564      0x4  isr.o [1]
    .bss                 zero     0x1fff5568      0x4  isr.o [1]
    .bss                 zero     0x1fff556c     0x60  isr.o [1]
    .bss                 zero     0x1fff55cc      0x4  LPTMR.o [1]
    .bss                 zero     0x1fff55d0      0x4  MadgwickAHRS.o [1]
    .bss                 zero     0x1fff55d4      0x4  MadgwickAHRS.o [1]
    .bss                 zero     0x1fff55d8      0x4  MadgwickAHRS.o [1]
    .bss                 zero     0x1fff55dc     0x1c  moduleInit.o [1]
    .bss                 zero     0x1fff55f8     0x14  moduleInit.o [1]
    .bss                 zero     0x1fff560c     0x1c  moduleInit.o [1]
    .bss                 zero     0x1fff5628     0x1c  moduleInit.o [1]
    .bss                 zero     0x1fff5644     0x1c  moduleInit.o [1]
    .bss                 zero     0x1fff5660     0x1c  moduleInit.o [1]
    .bss                 zero     0x1fff567c     0x1c  moduleInit.o [1]
    .bss                 zero     0x1fff5698     0x1c  moduleInit.o [1]
    .bss                 zero     0x1fff56b4     0x2c  moduleInit.o [1]
    .bss                 zero     0x1fff56e0     0x2c  moduleInit.o [1]
    .bss                 zero     0x1fff570c     0x2c  moduleInit.o [1]
    .bss                 zero     0x1fff5738     0x2c  moduleInit.o [1]
    .bss                 zero     0x1fff5764     0x2c  moduleInit.o [1]
    .bss                 zero     0x1fff5790     0x2c  moduleInit.o [1]
    .bss                 zero     0x1fff57bc     0x2c  moduleInit.o [1]
    .bss                 zero     0x1fff57e8     0x2c  moduleInit.o [1]
    .bss                 zero     0x1fff5814     0x2c  moduleInit.o [1]
    .bss                 zero     0x1fff5840     0x2c  moduleInit.o [1]
    .bss                 zero     0x1fff586c     0x2c  moduleInit.o [1]
    .bss                 zero     0x1fff5898     0x10  moduleInit.o [1]
    .bss                 zero     0x1fff58a8     0x14  moduleInit.o [1]
    .bss                 zero     0x1fff58bc     0x14  moduleInit.o [1]
    .bss                 zero     0x1fff58d0     0x14  moduleInit.o [1]
    .bss                 zero     0x1fff58e4     0x14  moduleInit.o [1]
    .bss                 zero     0x1fff58f8     0x34  moduleInit.o [1]
    .bss                 zero     0x1fff592c     0xd4  moduleInit.o [1]
    .bss                 zero     0x1fff5a00     0x14  moduleInit.o [1]
    .bss                 zero     0x1fff5a14      0xc  moduleInit.o [1]
    .bss                 zero     0x1fff5a20      0x4  moduleInit.o [1]
    .bss                 zero     0x1fff5a24      0x4  moduleInit.o [1]
    .bss                 zero     0x1fff5a28     0x54  moduleInit.o [1]
    .bss                 zero     0x1fff5a7c     0x60  MPU6000.o [1]
    .bss                 zero     0x1fff5adc     0x60  MPU6000.o [1]
    .bss                 zero     0x1fff5b3c      0x4  MS5611 Air Pressure.o [1]
    .bss                 zero     0x1fff5b40     0x38  MS5611 Air Pressure.o [1]
    .bss                 zero     0x1fff5b78      0x4  MS5611 Air Pressure.o [1]
    .bss                 zero     0x1fff5b7c      0x4  MS5611 Air Pressure.o [1]
    .bss                 zero     0x1fff5b80      0x4  MS5611 Air Pressure.o [1]
    .bss                 zero     0x1fff5b84      0x4  MS5611 Air Pressure.o [1]
    .bss                 zero     0x1fff5b88      0x4  MS5611 Air Pressure.o [1]
    .bss                 zero     0x1fff5b8c      0x4  MS5611 Air Pressure.o [1]
    .bss                 zero     0x1fff5b90      0x4  MS5611 Air Pressure.o [1]
    .bss                 zero     0x1fff5b94      0x4  MS5611 Air Pressure.o [1]
    .bss                 zero     0x1fff5b98      0x4  MS5611 Air Pressure.o [1]
    .bss                 zero     0x1fff5b9c      0x4  MS5611 Air Pressure.o [1]
    .bss                 zero     0x1fff5ba0      0x4  MS5611 Air Pressure.o [1]
    .bss                 zero     0x1fff5ba4      0x4  MS5611 Air Pressure.o [1]
    .bss                 zero     0x1fff5ba8      0x4  MS5611 Air Pressure.o [1]
    .bss                 zero     0x1fff5bac      0x4  MS5611 Air Pressure.o [1]
    .bss                 zero     0x1fff5bb0      0x4  MS5611 Air Pressure.o [1]
    .bss                 zero     0x1fff5bb4      0x4  MS5611 Air Pressure.o [1]
    .bss                 zero     0x1fff5bb8      0x4  MS5611 Air Pressure.o [1]
    .bss                 zero     0x1fff5bbc     0x14  MS5611 Air Pressure.o [1]
    .bss                 zero     0x1fff5bd0     0x14  MS5611 Air Pressure.o [1]
    .bss                 zero     0x1fff5be4      0x4  MS5611 Air Pressure.o [1]
    .bss                 zero     0x1fff5be8      0x4  Navigation.o [1]
    .bss                 zero     0x1fff5bec     0xac  Navigation.o [1]
    .bss                 zero     0x1fff5c98     0x10  PIT.o [1]
    .bss                 zero     0x1fff5ca8     0x10  project.o [1]
    .bss                 zero     0x1fff5cb8      0x4  RemoteHub.o [1]
    .bss                 zero     0x1fff5cbc    0x934  RemoteHub.o [1]
    .bss                 zero     0x1fff65f0      0x4  SBus.o [1]
    .bss                 zero     0x1fff65f4    0x1d8  SBus.o [1]
    .bss                 zero     0x1fff67cc     0x18  SPI.o [1]
    .bss                 zero     0x1fff67e4     0x18  SPI.o [1]
    .bss                 zero     0x1fff67fc     0x18  SPI.o [1]
    .bss                 zero     0x1fff6814     0x18  UART.o [1]
    .bss                 zero     0x1fff682c     0x18  UART.o [1]
    .bss                 zero     0x1fff6844      0x4  Ultrasound(UART).o [1]
    .bss                 zero     0x1fff6848    0xde8  Ultrasound(UART).o [1]
    .bss                 zero     0x1fff7630      0x4  Ultrasound.o [1]
    .bss                 zero     0x1fff7634     0x34  Ultrasound.o [1]
    .bss                 zero     0x1fff7668     0x38  Ultrasound.o [1]
    .bss                 zero     0x1fff76a0      0x4  variables_F450.o [1]
    .bss                 zero     0x1fff76a4      0x4  variables_F450.o [1]
    .bss                 zero     0x1fff76a8     0x28  variables_F450.o [1]
    .bss                 zero     0x1fff76d0     0x28  variables_F450.o [1]
    .bss                 zero     0x1fff76f8      0x4  variables_F450.o [1]
    .bss                 zero     0x1fff76fc      0x4  variables_F450.o [1]
    .bss                 zero     0x1fff7700      0x4  variables_F450.o [1]
    .bss                 zero     0x1fff7704      0x4  variables_F450.o [1]
    .bss                 zero     0x1fff7708      0x4  variables_F450.o [1]
    .bss                 zero     0x1fff770c    0x180  variables_F450.o [1]
    .bss                 zero     0x1fff788c      0x4  variables_F450.o [1]
    .bss                 zero     0x1fff7890      0x4  variables_F450.o [1]
    .bss                 zero     0x1fff7894      0x4  variables_F450.o [1]
    .bss                 zero     0x1fff7898      0x4  variables_F450.o [1]
    .bss                 zero     0x1fff789c      0x4  variables_F450.o [1]
    .bss                 zero     0x1fff78a0      0x4  variables_F450.o [1]
    .bss                 zero     0x1fff78a4      0x4  variables_F450.o [1]
    .bss                 zero     0x1fff78a8      0x4  variables_F450.o [1]
    .bss                 zero     0x1fff78ac      0x4  variables_F450.o [1]
    .bss                 zero     0x1fff78b0      0x4  variables_F450.o [1]
    .bss                 zero     0x1fff78b4      0x4  variables_F450.o [1]
    .bss                 zero     0x1fff78b8      0x4  variables_F450.o [1]
    .bss                 zero     0x1fff78bc      0x4  variables_F450.o [1]
    .bss                 zero     0x1fff78c0      0x4  variables_F450.o [1]
    .bss                 zero     0x1fff78c4      0x4  variables_F450.o [1]
    .bss                 zero     0x1fff78c8      0x4  VideoStation.o [1]
    .bss                 zero     0x1fff78cc    0xb28  VideoStation.o [1]
    .bss                 zero     0x1fff83f4      0x4  waterGun.o [1]
    .bss                 zero     0x1fff83f8      0x2  history AHRS data.o [1]
    .bss                 zero     0x1fff83fa      0x2  history AHRS data.o [1]
    .bss                 zero     0x1fff83fc      0x2  history AHRS data.o [1]
    .bss                 zero     0x1fff83fe      0x2  history AHRS data.o [1]
    .bss                 zero     0x1fff8400      0x2  history AHRS data.o [1]
    .bss                 zero     0x1fff8402      0x2  history AHRS data.o [1]
    .bss                 zero     0x1fff8404      0x2  history AHRS data.o [1]
    .bss                 zero     0x1fff8406      0x2  history AHRS data.o [1]
    .bss                 zero     0x1fff8408      0x2  history AHRS data.o [1]
    .bss                 zero     0x1fff840a      0x2  MS5611 Air Pressure.o [1]
    .bss                 zero     0x1fff840c      0x2  MS5611 Air Pressure.o [1]
    .bss                 zero     0x1fff840e      0x2  MS5611 Air Pressure.o [1]
    .bss                 zero     0x1fff8410      0x2  MS5611 Air Pressure.o [1]
    .bss                 zero     0x1fff8412      0x2  MS5611 Air Pressure.o [1]
    .bss                 zero     0x1fff8414      0x2  MS5611 Air Pressure.o [1]
    .bss                 zero     0x1fff8416      0x2  MS5611 Air Pressure.o [1]
    .bss                 zero     0x1fff8418      0x2  MS5611 Air Pressure.o [1]
    .bss                 zero     0x1fff841a      0x1  Beep.o [1]
    .bss                 zero     0x1fff841b      0x1  Beep.o [1]
    .bss                 zero     0x1fff841c      0x1  EKF_AHRS.o [1]
    .bss                 zero     0x1fff841d      0x1  EKF_AHRS.o [1]
    .bss                 zero     0x1fff841e      0x1  EKF_AHRS.o [1]
    .bss                 zero     0x1fff841f      0x1  FlightMode.o [1]
    .bss                 zero     0x1fff8420      0x1  GPS.o [1]
    .bss                 zero     0x1fff8421      0x1  isr.o [1]
    .bss                 zero     0x1fff8422      0x1  moduleInit.o [1]
    .bss                 zero     0x1fff8423      0x1  MS5611 Air Pressure.o [1]
    .bss                 zero     0x1fff8424      0x1  Navigation.o [1]
    .bss                 zero     0x1fff8425      0x1  project.o [1]
    .bss                 zero     0x1fff8426      0x1  project.o [1]
    .bss                 zero     0x1fff8427      0x1  project.o [1]
    .bss                 zero     0x1fff8428      0x1  project.o [1]
    .bss                 zero     0x1fff8429      0x1  project.o [1]
    .bss                 zero     0x1fff842a      0x1  RemoteHub.o [1]
    .bss                 zero     0x1fff842b      0x1  SBus.o [1]
    .bss                 zero     0x1fff842c      0x1  Ultrasound(UART).o [1]
    .bss                 zero     0x1fff842d      0x1  Ultrasound.o [1]
    .bss                 zero     0x1fff842e      0x1  VideoStation.o [1]
                                - 0x1fff8430   0x6b00

"P3", part 3 of 3:                             0x2000
  CSTACK                          0x1fff8430   0x2000  <Block>
    CSTACK               uninit   0x1fff8430   0x2000  <Block tail>
                                - 0x1fffa430   0x2000


*******************************************************************************
*** INIT TABLE
***

          Address     Size
          -------     ----
Zero (__iar_zero_init3)
    1 destination range, total size 0x6aff:
          0x1fff1930  0x6aff

Copy/lz77 (__iar_lz77_init_single3)
    1 source range, total size 0x14c (5% of destination):
          0x00010ecc   0x14c
    1 destination range, total size 0x192f:
          0x1fff0000  0x192f

Extra (__iar_cstart_call_ctors)



*******************************************************************************
*** MODULE SUMMARY
***

    Module                 ro code  ro data  rw data
    ------                 -------  -------  -------
C:\Users\xsk19940910\Desktop\flightController-1\flightController-1\program\iar\RAM\Obj: [1]
    ADC.o                    1 548       96       16
    Beep.o                      36                 6
    DMA.o                      916       96      128
    EKF_AHRS.o               9 472       40   10 679
    EVB.o                    2 938             2 016
    FTM.o                    3 124       96       16
    FlightMode.o             2 406               161
    GPIO.o                     276       96       20
    GPS.o                    1 732             1 853
    General Class.o            764
    HMC5983.o                  372        4       20
    I2C.o                      424       96        8
    LPTMR.o                    316       96        4
    MCG.o                      500                16
    MPU6000.o                1 812        5      193
    MS5611 Air Pressure.o    1 902        4      469
    MadgwickAHRS.o           1 680        1       24
    Navigation.o               966               177
    PIT.o                      304       96       16
    RemoteHub.o                 52             2 361
    SBus.o                     784               477
    SPI.o                    1 908       96       72
    UART.o                   1 488                48
    Ultrasound(UART).o       1 472             3 565
    Ultrasound.o                96        4      113
    VideoStation.o           1 400             2 861
    assert.o                    40       48        8
    control.o                2 944                12
    fuzzyPID.o               1 024
    history AHRS data.o                           18
    io.o                        20
    isr.o                    2 296               229
    moduleInit.o             3 164             1 185
    printf.o                 1 380
    project.o                  400        9       39
    relocate.o                 172
    startup_K60F12.o         1 044
    system_MK60.o            1 716    1 328        4
    variables_F450.o                    329    6 940
    waterGun.o                 676                84
    ------------------------------------------------
    Total:                  53 564    2 540   33 838

command line: [2]
    ------------------------------------------------
    Total:

dl7M_tln.a: [3]
    cppinit.o                   24
    exit.o                       4
    iar_Stoflt.o               460
    iar_Stopfx.o               290
    iar_Stoxflt.o              568
    strncmp.o                   40
    ------------------------------------------------
    Total:                   1 386

dlpp7M_tl_nc.a: [4]
    ------------------------------------------------
    Total:

iar_cortexM4lf_math.a: [5]
    arm_common_tables.o               2 052
    arm_cos_f32.o              128
    arm_mat_add_f32.o          326
    arm_mat_inverse_f32.o    1 344
    arm_mat_mult_f32.o         248
    arm_mat_scale_f32.o        238
    arm_mat_sub_f32.o          326
    arm_mat_trans_f32.o        246
    arm_sin_f32.o              152
    ------------------------------------------------
    Total:                   3 008    2 052

m7M_tls.a: [6]
    DblAdd.o                   376
    DblCmpLe.o                  46
    DblDiv.o                   582
    DblMul.o                   418
    DblSub.o                   226
    DblToFlt.o                 104
    DblToS32.o                  58
    DblToU32.o                  40
    FltToDbl.o                  72
    S32ToDbl.o                  34
    U32ToDbl.o                  26
    asinf.o                     92
    atan2f.o                   106
    atanf.o                     72
    fpinit_M.o                  34
    frexp.o                    112
    frexpf.o                    72
    iar_Exp32.o                632
    ldexp.o                    314
    ldexpf.o                   196
    math_wrappers64.o           14
    pow32.o                    984
    strto64.o                1 424
    xatanf.o                   164
    ------------------------------------------------
    Total:                   6 198

rt7M_tl.a: [7]
    ABImemcpy.o                134
    ABImemset.o                102
    cexit.o                     10
    cmain.o                     26
    cmain_call_ctors.o          32
    cstartup_M.o                12
    data_init.o                 40
    lz77_init_single.o         122
    memchr.o                    88
    strlen.o                    54
    strncpy.o                  112
    zero_init3.o                64
    ------------------------------------------------
    Total:                     796

shb_l.a: [8]
    exit.o                      20
    unwind_debug.o                        1
    ------------------------------------------------
    Total:                      20        1

    Gaps                        37        2
    Linker created                       36    8 192
----------------------------------------------------
    Grand Total:            65 009    4 631   42 030


*******************************************************************************
*** ENTRY LIST
***

Entry                      Address    Size  Type      Object
-----                      -------    ----  ----      ------
.bss$$Base              0x1fff1930           --   Gb  - Linker created -
.bss$$Limit             0x1fff8430           --   Gb  - Linker created -
.data$$Base             0x1fff0000           --   Gb  - Linker created -
.data$$Limit            0x1fff192f           --   Gb  - Linker created -
.data_init$$Base        0x00010ecc           --   Gb  - Linker created -
.data_init$$Limit       0x00011018           --   Gb  - Linker created -
.iar.init_table$$Base   0x00010aa8           --   Gb  - Linker created -
.iar.init_table$$Limit  0x00010acc           --   Gb  - Linker created -
?main                   0x00010c31          Code  Gb  cmain.o [7]
ADC1_Init()             0x00004863    0x40  Code  Gb  moduleInit.o [1]
ADC1_init_struct        0x1fff5a00    0x14  Data  Gb  moduleInit.o [1]
ADC_Chn_Enable          0x0000ab6f   0x31a  Code  Gb  ADC.o [1]
ADC_Get                 0x0000ab47    0x28  Code  Gb  ADC.o [1]
ADC_ISR                 0x1fff21d0    0x10  Data  Gb  ADC.o [1]
ADC_Init                0x0000a969   0x1de  Code  Gb  ADC.o [1]
AHRS                    0x1fff76a8    0x28  Data  Gb  variables_F450.o [1]
AHRS0                   0x1fff76d0    0x28  Data  Gb  variables_F450.o [1]
APdistance              0x1fff5bb0     0x4  Data  Gb  MS5611 Air Pressure.o [1]
ASSERT_FAILED_STR       0x00010914    0x30  Data  Lc  assert.o [1]
A_array                 0x1fff5ca8    0x10  Data  Gb  project.o [1]
AirPressure             0x1fff5b3c     0x4  Data  Gb  MS5611 Air Pressure.o [1]
AirPressure_Init()      0x00007d25    0x28  Code  Gb  MS5611 Air Pressure.o [1]
AirPressure_Init()::AirPressure0
                        0x1fff2068   0x108  Data  Lc  MS5611 Air Pressure.o [1]
AirPressure_Init()::static guard for AirPressure0
                        0x1fff8423     0x1  Data  Lc  MS5611 Air Pressure.o [1]
AirPressure__::AirPressure__()
                        0x0000b861    0x1e  Code  Gb  MS5611 Air Pressure.o [1]
AirPressure__::getAirPreDistance()
                        0x0000834d    0x20  Code  Gb  MS5611 Air Pressure.o [1]
AirPressure__::getVelocity()
                        0x0000836d    0x42  Code  Gb  MS5611 Air Pressure.o [1]
AirPressure__::getVelocity()::APHigh_old
                        0x1fff5be4     0x4  Data  Lc  MS5611 Air Pressure.o [1]
AirPrevel_z             0x1fff5bac     0x4  Data  Gb  MS5611 Air Pressure.o [1]
AirPrevel_z_1           0x1fff5bb4     0x4  Data  Gb  MS5611 Air Pressure.o [1]
Aux                     0x1fff5b9c     0x4  Data  Lc  MS5611 Air Pressure.o [1]
Baro_hight              0x1fff5ba8     0x4  Data  Gb  MS5611 Air Pressure.o [1]
Baro_hight_init         0x1fff54f4     0x4  Data  Gb  isr.o [1]
BarodistanceFilter      0x1fff5b40    0x38  Data  Gb  MS5611 Air Pressure.o [1]
Beep                    0x1fff21e8     0x4  Data  Gb  Beep.o [1]
Beep_Init()             0x00007a45    0x24  Code  Gb  Beep.o [1]
Beep_Init()::Beep_0     0x1fff841b     0x1  Data  Lc  Beep.o [1]
Beep_Init()::static guard for Beep_0
                        0x1fff841a     0x1  Data  Lc  Beep.o [1]
C1                      0x1fff840c     0x2  Data  Lc  MS5611 Air Pressure.o [1]
C2                      0x1fff840e     0x2  Data  Lc  MS5611 Air Pressure.o [1]
C3                      0x1fff8410     0x2  Data  Lc  MS5611 Air Pressure.o [1]
C4                      0x1fff8412     0x2  Data  Lc  MS5611 Air Pressure.o [1]
C5                      0x1fff8414     0x2  Data  Lc  MS5611 Air Pressure.o [1]
C6                      0x1fff8416     0x2  Data  Lc  MS5611 Air Pressure.o [1]
CEKF_AHRS::CEKF_AHRS()  0x0000243d   0x4c0  Code  Gb  EKF_AHRS.o [1]
CEKF_AHRS::EKF()        0x00000515  0x1e90  Code  Gb  EKF_AHRS.o [1]
CFlightMode::CFlightMode()
                        0x000055c9     0xe  Code  Gb  FlightMode.o [1]
CFlightMode::CMission::update()
                        0x00005c01   0x2a8  Code  Gb  FlightMode.o [1]
CFlightMode::CTakeOff::update()
                        0x00005821   0x3c2  Code  Gb  FlightMode.o [1]
CFlightMode::update()   0x00005601   0x220  Code  Gb  FlightMode.o [1]
CGPS::CGPS()            0x0000b54d    0x60  Code  Gb  GPS.o [1]
CGPS::GetComma(int, char *)
                        0x00006b3f    0x32  Code  Gb  GPS.o [1]
CGPS::get_double_number(char *)
                        0x00006cb5    0x2e  Code  Gb  GPS.o [1]
CGPS::get_locate(double)
                        0x00006ce3    0x5a  Code  Gb  GPS.o [1]
CGPS::unpack(int, int)  0x00006d3d   0x346  Code  Gb  GPS.o [1]
CGPS::updateUart()      0x00006b71   0x144  Code  Gb  GPS.o [1]
CJumpFilter::CJumpFilter()
                        0x0000b849    0x18  Code  Gb  VideoStation.o [1]
CJumpFilter::checkIsNewData(int)
                        0x0000398b    0x14  Code  Gb  General Class.o [1]
CJumpFilter::newData1(float, int)
                        0x000037f1    0xb6  Code  Gb  General Class.o [1]
CJumpFilter::newData3(float, int)
                        0x000038a7    0xd0  Code  Gb  General Class.o [1]
CJumpFilter::setParameter(float, int)
                        0x00003983     0x8  Code  Gb  General Class.o [1]
CJumpFilter::setParameter(float, int, float)
                        0x00003977     0xc  Code  Gb  General Class.o [1]
CNavigation::CNavigation()
                        0x0000b3ef    0x16  Code  Gb  Navigation.o [1]
CNavigation::update()   0x00005f75   0x308  Code  Gb  Navigation.o [1]
CRC_1                   0x1fff8418     0x2  Data  Lc  MS5611 Air Pressure.o [1]
CSBus::CSBus()          0x0000b545     0x8  Code  Gb  SBus.o [1]
CSBus::sbus_convert(unsigned char *)
                        0x000068b9   0x198  Code  Gb  SBus.o [1]
CSBus::update()         0x00006787   0x132  Code  Gb  SBus.o [1]
CSTACK$$Base            0x1fff8430           --   Gb  - Linker created -
CSTACK$$Limit           0x1fffa430           --   Gb  - Linker created -
CUltrasoundUART::CUltrasoundUART()
                        0x0000bcc5    0x7c  Code  Gb  Ultrasound(UART).o [1]
CUltrasoundUART::update()
                        0x000085bd   0x430  Code  Gb  Ultrasound(UART).o [1]
CVideoStation::CVideoStation()
                        0x0000b44d    0x68  Code  Gb  VideoStation.o [1]
CVideoStation::TX_::add(char)
                        0x0000b537     0xe  Code  Gb  VideoStation.o [1]
CVideoStation::TX_::clear()
                        0x0000b51b    0x1c  Code  Gb  VideoStation.o [1]
CVideoStation::TX_::startDMA_Transmit()
                        0x000066e1    0x3a  Code  Gb  VideoStation.o [1]
CVideoStation::sendPackage()
                        0x0000663d    0xa0  Code  Gb  VideoStation.o [1]
CVideoStation::updateUart()
                        0x0000637d   0x2be  Code  Gb  VideoStation.o [1]
CWaterGun::startSpraying()
                        0x00007307    0x1c  Code  Gb  waterGun.o [1]
CWaterGun::stopSpraying()
                        0x00007323    0x1c  Code  Gb  waterGun.o [1]
CWaterGun::update()     0x00007149   0x1be  Code  Gb  waterGun.o [1]
CalcMembership(int, int *, int *)
                        0x0000df9d    0x96  Code  Gb  fuzzyPID.o [1]
CodeRelocate$$Base      0x00000000           --   Gb  - Linker created -
CodeRelocate$$Limit     0x00000000           --   Gb  - Linker created -
CodeRelocateRam$$Base   0x00000000           --   Gb  - Linker created -
Compass                 0x1fff54cc    0x10  Data  Gb  HMC5983.o [1]
ControlOutput_ZChannel  0x1fff7708     0x4  Data  Gb  variables_F450.o [1]
Coordinate::Coordinate()
                        0x00002411    0x1e  Code  Gb  VideoStation.o [1]
CoordinateElement::CoordinateElement()
                        0x00003d21    0x1c  Code  Gb  VideoStation.o [1]
CoordinateElement::calculateD(int)
                        0x000039c9    0x96  Code  Gb  General Class.o [1]
CoordinateElement::operator +=(float)
                        0x000039a5     0xe  Code  Gb  General Class.o [1]
CoordinateElement::operator -=(float)
                        0x000039b3     0xe  Code  Gb  General Class.o [1]
CoordinateElement::operator =(float)
                        0x0000399f     0x6  Code  Gb  General Class.o [1]
CoordinateElement::operator float()
                        0x000039c1     0x6  Code  Gb  General Class.o [1]
D1_Pres                 0x1fff5b78     0x4  Data  Lc  MS5611 Air Pressure.o [1]
D1_Pres_f               0x1fff5b84     0x4  Data  Lc  MS5611 Air Pressure.o [1]
D2_Temp                 0x1fff5b7c     0x4  Data  Lc  MS5611 Air Pressure.o [1]
D2_Temp_f               0x1fff5b80     0x4  Data  Lc  MS5611 Air Pressure.o [1]
DMA0_                   0x1fff56b4    0x2c  Data  Gb  moduleInit.o [1]
DMA10_                  0x1fff586c    0x2c  Data  Gb  moduleInit.o [1]
DMA1_                   0x1fff56e0    0x2c  Data  Gb  moduleInit.o [1]
DMA2_                   0x1fff570c    0x2c  Data  Gb  moduleInit.o [1]
DMA3_                   0x1fff5738    0x2c  Data  Gb  moduleInit.o [1]
DMA4_                   0x1fff5764    0x2c  Data  Gb  moduleInit.o [1]
DMA5_                   0x1fff5790    0x2c  Data  Gb  moduleInit.o [1]
DMA6_                   0x1fff57bc    0x2c  Data  Gb  moduleInit.o [1]
DMA7_                   0x1fff57e8    0x2c  Data  Gb  moduleInit.o [1]
DMA8_                   0x1fff5814    0x2c  Data  Gb  moduleInit.o [1]
DMA9_                   0x1fff5840    0x2c  Data  Gb  moduleInit.o [1]
DMA_ISR                 0x1fff21f0    0x80  Data  Gb  DMA.o [1]
DMA_Init                0x00009d4d   0x372  Code  Gb  DMA.o [1]
DMA_init()              0x000042cf   0x4f6  Code  Gb  moduleInit.o [1]
DMA_isOccupying         0x0000b11d    0x14  Code  Gb  VideoStation.o [1]
DefaultISR              0x0000fb81    0x16  Code  Gb  system_MK60.o [1]
Dtentox                 0x0000bef5   0x196  Code  Lc  strto64.o [6]
EKF_AHRS                0x1fff2270     0x4  Data  Gb  EKF_AHRS.o [1]
EKF_AHRS1               0x1fff2274     0x4  Data  Gb  EKF_AHRS.o [1]
EKF_AHRS_init()         0x00000467    0x70  Code  Gb  EKF_AHRS.o [1]
EKF_AHRS_init()::EKF_AHRS_in
                        0x1fff3bbc   0x834  Data  Lc  EKF_AHRS.o [1]
EKF_AHRS_init()::EKF_AHRS_in1
                        0x1fff43f0   0x834  Data  Lc  EKF_AHRS.o [1]
EKF_AHRS_init()::static guard for EKF_AHRS_in
                        0x1fff841c     0x1  Data  Lc  EKF_AHRS.o [1]
EKF_AHRS_init()::static guard for EKF_AHRS_in1
                        0x1fff841d     0x1  Data  Lc  EKF_AHRS.o [1]
EVB                     0x1fff4c24   0x7dc  Data  Gb  EVB.o [1]
EVBInitUser()           0x00003e15    0x80  Code  Gb  moduleInit.o [1]
EVBInitUserStruct       0x1fff592c    0xd4  Data  Gb  moduleInit.o [1]
EVB_::TX_::add(char)    0x0000b131     0xa  Code  Gb  EVB.o [1]
EVB_::TX_::clear()      0x0000b13b    0x18  Code  Gb  EVB.o [1]
EVB_::TX_::startDMA_Transmit()
                        0x00004f41    0x40  Code  Gb  EVB.o [1]
EVB_::makeOnePackge()   0x00004d15   0x22c  Code  Gb  EVB.o [1]
EVB_::send()            0x00004ba7    0x62  Code  Gb  EVB.o [1]
EVB_DMA_Receive()       0x00004f89    0xf8  Code  Gb  EVB.o [1]
EVB_DMA_Receive()::address00
                        0x1fff5400     0x4  Data  Lc  EVB.o [1]
EVB_Init(__EVB_InitTypeDef)
                        0x00004a71   0x120  Code  Gb  EVB.o [1]
EVB_Process()           0x000053ef    0x28  Code  Gb  EVB.o [1]
EVB_RX_Check(int)       0x00005085    0x3c  Code  Gb  EVB.o [1]
EVB_ResetTime()         0x00005419    0x52  Code  Gb  EVB.o [1]
EVB_SendSNum_3(int)     0x00004c4b    0x68  Code  Gb  EVB.o [1]
EVB_SendStr(unsigned char *)
                        0x00004cf7    0x1a  Code  Gb  EVB.o [1]
EVB_SendTable(short *, __SendMode)
                        0x00004cb3    0x44  Code  Gb  EVB.o [1]
EVB_SendUNum_1(int)     0x00004c37    0x14  Code  Gb  EVB.o [1]
EVB_SendUNum_2(int)     0x00004c09    0x2e  Code  Gb  EVB.o [1]
EVB_TimerUpdate()       0x00004b91    0x16  Code  Gb  EVB.o [1]
EVB_Unpack(int)         0x000050c1   0x32e  Code  Gb  EVB.o [1]
EVB_atoi(char *, int)   0x0000546d    0xf2  Code  Gb  EVB.o [1]
FTM0_IRQHandler         0x000096e9     0xa  Code  Gb  FTM.o [1]
FTM1_IRQHandler         0x000096f9     0xa  Code  Gb  FTM.o [1]
FTM2_IRQHandler         0x00009703     0xa  Code  Gb  FTM.o [1]
FTM3_IRQHandler         0x00009711     0xa  Code  Gb  FTM.o [1]
FTM_ISR                 0x1fff54a4    0x10  Data  Gb  FTM.o [1]
FTM_Init                0x00008b49   0x140  Code  Gb  FTM.o [1]
FTM_PWM_ChangeDuty      0x00008d05    0x50  Code  Gb  FTM.o [1]
FTM_PWM_Enable          0x00008c89    0x7c  Code  Gb  FTM.o [1]
F_file                  0x1fff21e4     0x4  Data  Gb  assert.o [1]
F_line                  0x1fff21e0     0x4  Data  Gb  assert.o [1]
Fusion::Fusion()        0x00003d59    0x16  Code  Gb  EKF_AHRS.o [1]
GPIO_ISR                0x1fff54b4    0x14  Data  Gb  GPIO.o [1]
GPIO_Init               0x0000a0e1    0xe0  Code  Gb  GPIO.o [1]
GPIO_Output_b           0x0000b7b9    0x18  Code  Gb  waterGun.o [1]
GPIO_init()             0x000048a3    0x86  Code  Gb  moduleInit.o [1]
GPIO_init_struct        0x1fff58bc    0x14  Data  Gb  moduleInit.o [1]
GPIO_init_struct1       0x1fff58d0    0x14  Data  Gb  moduleInit.o [1]
GPIO_init_struct2       0x1fff58e4    0x14  Data  Gb  moduleInit.o [1]
GPS                     0x1fff54c8     0x4  Data  Gb  GPS.o [1]
GPS_Init()              0x00006a69    0xd6  Code  Gb  GPS.o [1]
GPS_Init()::GPS_0       0x1fff1930   0x738  Data  Lc  GPS.o [1]
GPS_Init()::static guard for GPS_0
                        0x1fff8420     0x1  Data  Lc  GPS.o [1]
H_accel_x               0x1fff83f8     0x2  Data  Gb  history AHRS data.o [1]
H_accel_y               0x1fff83fa     0x2  Data  Gb  history AHRS data.o [1]
H_accel_z               0x1fff83fc     0x2  Data  Gb  history AHRS data.o [1]
H_gyro_x                0x1fff83fe     0x2  Data  Gb  history AHRS data.o [1]
H_gyro_y                0x1fff8400     0x2  Data  Gb  history AHRS data.o [1]
H_gyro_z                0x1fff8402     0x2  Data  Gb  history AHRS data.o [1]
H_hmc_x                 0x1fff8404     0x2  Data  Gb  history AHRS data.o [1]
H_hmc_y                 0x1fff8406     0x2  Data  Gb  history AHRS data.o [1]
H_hmc_z                 0x1fff8408     0x2  Data  Gb  history AHRS data.o [1]
HardFault_Handler       0x0000fb75     0xc  Code  Gb  system_MK60.o [1]
I2C0_                   0x1fff5898    0x10  Data  Gb  moduleInit.o [1]
I2C_ISR                 0x1fff54e0     0x8  Data  Gb  I2C.o [1]
I2C_Init                0x0000af75   0x16a  Code  Gb  I2C.o [1]
I2C_inti()              0x00004929    0x2a  Code  Gb  moduleInit.o [1]
IMU_acc_E               0x1fff2278    0x54  Data  Gb  EKF_AHRS.o [1]
IMU_position            0x1fff2320    0x54  Data  Gb  EKF_AHRS.o [1]
IMU_vel                 0x1fff22cc    0x54  Data  Gb  EKF_AHRS.o [1]
Init()                  0x00003e95   0x118  Code  Gb  moduleInit.o [1]
Init()::command_def     0x1fff5a28    0x54  Data  Lc  moduleInit.o [1]
Init()::static guard for command_def
                        0x1fff8422     0x1  Data  Lc  moduleInit.o [1]
InitMPU6000()           0x000079d1    0x74  Code  Gb  MPU6000.o [1]
LPTMR_DelayMs           0x00007b43    0x40  Code  Gb  LPTMR.o [1]
LPTMR_ISR               0x1fff55cc     0x4  Data  Gb  LPTMR.o [1]
LPTMR_Init              0x00007a69    0xda  Code  Gb  LPTMR.o [1]
LPTMR_init()            0x000042af    0x20  Code  Gb  moduleInit.o [1]
LPTMR_init_struct       0x1fff5a14     0xc  Data  Gb  moduleInit.o [1]
MPU6000                 0x1fff5a7c    0x60  Data  Gb  MPU6000.o [1]
MPU6000_CS              0x1fff192e     0x1  Data  Gb  MPU6000.o [1]
MPU6000_DAQ()           0x000075ff   0x348  Code  Gb  MPU6000.o [1]
MPU6000_Raw             0x1fff5adc    0x60  Data  Gb  MPU6000.o [1]
MPU6000_ReadBuf(unsigned char, unsigned char *, unsigned char)
                        0x0000739d    0x6a  Code  Gb  MPU6000.o [1]
MPU6000_Type::MPU6000_Type()
                        0x0000b7d1    0x28  Code  Gb  MPU6000.o [1]
MPU6000_Type::error()   0x000075f1     0xe  Code  Gb  MPU6000.o [1]
MPU6000_Type::isInRange(float, float, float)
                        0x0000753b    0x88  Code  Gb  MPU6000.o [1]
MPU6000_Type::isNormal()
                        0x000075c3    0x2e  Code  Gb  MPU6000.o [1]
MPU6000_Type::operator -(MPU6000_Type&)
                        0x000074ad    0x8e  Code  Gb  MPU6000.o [1]
MPU6000_Type::operator =(MPU6000_Type&)
                        0x00007407    0x1e  Code  Gb  MPU6000.o [1]
MPU6000_Type::operator ==(MPU6000_Type&)
                        0x00007425    0x88  Code  Gb  MPU6000.o [1]
MPU6000_WriteByte(unsigned char, unsigned char)
                        0x0000736d    0x30  Code  Gb  MPU6000.o [1]
MS5611_PROM_READ()      0x00007dbb    0x64  Code  Gb  MS5611 Air Pressure.o [1]
MS5611_RESET()          0x00007daf     0xc  Code  Gb  MS5611 Air Pressure.o [1]
MS5611_ReadWriteByte(unsigned char, unsigned char)
                        0x00007d65    0x1c  Code  Gb  MS5611 Air Pressure.o [1]
MS5611_ReadWrite_16bits(unsigned char)
                        0x00007d81    0x2e  Code  Gb  MS5611 Air Pressure.o [1]
MS5611_SPI_read_ADC()   0x00007e1f    0x38  Code  Gb  MS5611 Air Pressure.o [1]
MS5611_getPressure(unsigned char)
                        0x00007e59   0x370  Code  Gb  MS5611 Air Pressure.o [1]
MS5611_getTemperature(unsigned char)
                        0x000081e1    0xe8  Code  Gb  MS5611 Air Pressure.o [1]
MS5611_init()           0x00007d4d    0x18  Code  Gb  MS5611 Air Pressure.o [1]
MadgwickAHRSupdateIMU(float, float, float, float, float, float)
                        0x0000eb59   0x500  Code  Gb  MadgwickAHRS.o [1]
Navigation              0x1fff5be8     0x4  Data  Gb  Navigation.o [1]
Navigation_Init()       0x00005f31    0x44  Code  Gb  Navigation.o [1]
Navigation_Init()::Navigation_0
                        0x1fff5bec    0xac  Data  Lc  Navigation.o [1]
Navigation_Init()::static guard for Navigation_0
                        0x1fff8424     0x1  Data  Lc  Navigation.o [1]
OFF                     0x1fff2170     0x8  Data  Lc  MS5611 Air Pressure.o [1]
OFF2                    0x1fff5ba0     0x4  Data  Lc  MS5611 Air Pressure.o [1]
PID_controler(PID_Controller *)
                        0x0000e191    0xb6  Code  Gb  fuzzyPID.o [1]
PIT0_IRQHandler         0x00008b0d    0x16  Code  Gb  PIT.o [1]
PIT_EnableIrq           0x00008ae7    0x26  Code  Gb  PIT.o [1]
PIT_ISR                 0x1fff5c98    0x10  Data  Gb  PIT.o [1]
PIT_Init                0x00008a35    0xb2  Code  Gb  PIT.o [1]
PIT_init(int)           0x00004071    0x34  Code  Gb  moduleInit.o [1]
PLL_Setup               0x0001014d   0x1f4  Code  Gb  MCG.o [1]
PWM_init()              0x00003fad    0xc4  Code  Gb  moduleInit.o [1]
Pressure                0x1fff5b90     0x4  Data  Lc  MS5611 Air Pressure.o [1]
Pressure_f              0x1fff5b94     0x4  Data  Lc  MS5611 Air Pressure.o [1]
Region$$Table$$Base     0x00010aa8           --   Gb  - Linker created -
Region$$Table$$Limit    0x00010acc           --   Gb  - Linker created -
RemoteHub               0x1fff5cb8     0x4  Data  Gb  RemoteHub.o [1]
RemoteHub_Init()        0x00008469    0x26  Code  Gb  RemoteHub.o [1]
RemoteHub_Init()::RemoteHub_0
                        0x1fff5cbc   0x934  Data  Lc  RemoteHub.o [1]
RemoteHub_Init()::static guard for RemoteHub_0
                        0x1fff842a     0x1  Data  Lc  RemoteHub.o [1]
SBus                    0x1fff65f0     0x4  Data  Gb  SBus.o [1]
SBus_Init()             0x00006761    0x26  Code  Gb  SBus.o [1]
SBus_Init()::SBus_static
                        0x1fff65f4   0x1d8  Data  Lc  SBus.o [1]
SBus_Init()::static guard for SBus_static
                        0x1fff842b     0x1  Data  Lc  SBus.o [1]
SCI_TXD                 0x00009c9d    0x10  Code  Gb  UART.o [1]
SENS                    0x1fff2178     0x8  Data  Lc  MS5611 Air Pressure.o [1]
SENS2                   0x1fff5ba4     0x4  Data  Lc  MS5611 Air Pressure.o [1]
SHT$$INIT_ARRAY$$Base   0x00010dfc           --   Gb  - Linker created -
SHT$$INIT_ARRAY$$Limit  0x00010e0c           --   Gb  - Linker created -
SHT$$PREINIT_ARRAY$$Base
                        0x00010dfc           --   Gb  - Linker created -
SHT$$PREINIT_ARRAY$$Limit
                        0x00010dfc           --   Gb  - Linker created -
SPI0_ISR                0x1fff67cc    0x18  Data  Gb  SPI.o [1]
SPI1_ISR                0x1fff67e4    0x18  Data  Gb  SPI.o [1]
SPI1_Init()             0x000047c5    0x9e  Code  Gb  moduleInit.o [1]
SPI1_init_struct        0x1fff58f8    0x34  Data  Gb  moduleInit.o [1]
SPI2_ISR                0x1fff67fc    0x18  Data  Gb  SPI.o [1]
SPI_Init                0x0000a1f5   0x67a  Code  Gb  SPI.o [1]
SPI_Master_WriteRead    0x0000a86f    0x3c  Code  Gb  SPI.o [1]
SystemCoreClock         0x1fff0034     0x4  Data  Gb  system_MK60.o [1]
SystemCoreClockUpdate   0x0000fb45    0x30  Code  Gb  system_MK60.o [1]
SystemInit              0x0000f9ed   0x158  Code  Gb  system_MK60.o [1]
TEMP2                   0x1fff5b98     0x4  Data  Lc  MS5611 Air Pressure.o [1]
Temperature             0x1fff5b8c     0x4  Data  Lc  MS5611 Air Pressure.o [1]
UART_EnableIrq          0x00009c05    0x98  Code  Gb  UART.o [1]
UART_GetChar            0x00009bf1     0xa  Code  Gb  UART.o [1]
UART_Init               0x0000979b   0x456  Code  Gb  UART.o [1]
UART_PutChar            0x00009bfb     0xa  Code  Gb  UART.o [1]
UART_R_ISR              0x1fff6814    0x18  Data  Gb  UART.o [1]
UART_T_ISR              0x1fff682c    0x18  Data  Gb  UART.o [1]
UART_init()             0x000040a5   0x20a  Code  Gb  moduleInit.o [1]
USART2_IRQHandler()     0x0000ea6d    0x2a  Code  Gb  isr.o [1]
Ultrasound              0x1fff7630     0x4  Data  Gb  Ultrasound.o [1]
UltrasoundUART          0x1fff6844     0x4  Data  Gb  Ultrasound(UART).o [1]
UltrasoundUART_Init()   0x000084d5    0xde  Code  Gb  Ultrasound(UART).o [1]
UltrasoundUART_Init()::UltrasoundUART_static
                        0x1fff6848   0xde8  Data  Lc  Ultrasound(UART).o [1]
UltrasoundUART_Init()::static guard for UltrasoundUART_static
                        0x1fff842c     0x1  Data  Lc  Ultrasound(UART).o [1]
Ultrasound_Init()       0x000084a7    0x1e  Code  Gb  Ultrasound.o [1]
Ultrasound_Init()::Ultrasound0
                        0x1fff7634    0x34  Data  Lc  Ultrasound.o [1]
Ultrasound_Init()::static guard for Ultrasound0
                        0x1fff842d     0x1  Data  Lc  Ultrasound.o [1]
Ultrasound__::Ultrasound__()
                        0x0000bc9d    0x28  Code  Gb  Ultrasound.o [1]
Ultrasound__::filter    0x1fff7668    0x38  Data  Gb  Ultrasound.o [1]
VideoStation_Init()     0x000062e1    0x98  Code  Gb  VideoStation.o [1]
VideoStation_Init()::static guard for videoStation_0
                        0x1fff842e     0x1  Data  Lc  VideoStation.o [1]
VideoStation_Init()::videoStation_0
                        0x1fff78cc   0xb28  Data  Lc  VideoStation.o [1]
WaterGun_Init()         0x000070cd    0x7a  Code  Gb  waterGun.o [1]
WaterGun_Init()::waterGun_0
                        0x1fff2180    0x50  Data  Lc  waterGun.o [1]
Xi_array                0x1fff0024    0x10  Data  Gb  project.o [1]
[local to ADC_c]::ADC_Cal(ADC_Type *)
                        0x0000ae89    0xa2  Code  Lc  ADC.o [1]
[local to EKF_AHRS_cpp]::arm_sqrt_f32(float, float *)
                        0x00000445    0x22  Code  Lc  EKF_AHRS.o [1]
[local to FTM_c]::FTM_DEC_Init(FTM_InitTypeDef)
                        0x000096e1     0x8  Code  Lc  FTM.o [1]
[local to FTM_c]::FTM_IC_Init(FTM_InitTypeDef)
                        0x00008e93    0xa0  Code  Lc  FTM.o [1]
[local to FTM_c]::FTM_PWM_Init(FTM_InitTypeDef)
                        0x00008d55   0x13e  Code  Lc  FTM.o [1]
[local to FTM_c]::FTM_PinInit(FTM_Type *, FtmChnEnum, PortPinsEnum)
                        0x00008f55   0x6f6  Code  Lc  FTM.o [1]
[local to FTM_c]::FTM_QD_Init(FTM_InitTypeDef)
                        0x000096a5    0x3c  Code  Lc  FTM.o [1]
[local to PIT_c]::__NVIC_EnableIRQ(IRQn)
                        0x00008a19    0x1c  Code  Lc  PIT.o [1]
[local to UART_c]::__NVIC_EnableIRQ(IRQn)
                        0x0000977d    0x1e  Code  Lc  UART.o [1]
[local to isr_c]::arm_sqrt_f32(float, float *)
                        0x0000e261    0x22  Code  Lc  isr.o [1]
[local to printf_c]::printk_mknumstr(char *, void *, int, int)
                        0x0000c303    0xb0  Code  Lc  printf.o [1]
[local to printf_c]::printk_pad_space(int, int, int *, PRINTK_INFO *)
                        0x0000c3d9    0x26  Code  Lc  printf.o [1]
[local to printf_c]::printk_pad_zero(int, int, int *, PRINTK_INFO *)
                        0x0000c3b3    0x26  Code  Lc  printf.o [1]
[local to printf_c]::printk_putc(int, int *, PRINTK_INFO *)
                        0x0000c2d1    0x32  Code  Lc  printf.o [1]
[local to system_MK60_c]::Diagnostic_Reset_Source()
                        0x0000fdcd   0x156  Code  Lc  system_MK60.o [1]
[local to system_MK60_c]::cpu_identify()
                        0x0000fb9d   0x18a  Code  Lc  system_MK60.o [1]
[local to system_MK60_c]::flash_identify()
                        0x0000fd27    0xa6  Code  Lc  system_MK60.o [1]
__Vectors               0x00000000           --   Gb  startup_K60F12.o [1]
__Vectors_End           0x00000400          Data  Gb  startup_K60F12.o [1]
__Vectors_Size {Abs}    0x00000400           --   Gb  startup_K60F12.o [1]
__aeabi_cdcmple         0x0000b3c1          Code  Gb  DblCmpLe.o [6]
__aeabi_d2f             0x00002b61          Code  Gb  DblToFlt.o [6]
__aeabi_d2iz            0x0000b665          Code  Gb  DblToS32.o [6]
__aeabi_d2uiz           0x0000b89d          Code  Gb  DblToU32.o [6]
__aeabi_dadd            0x00003679          Code  Gb  DblAdd.o [6]
__aeabi_ddiv            0x0000b179          Code  Gb  DblDiv.o [6]
__aeabi_dmul            0x00002945          Code  Gb  DblMul.o [6]
__aeabi_dsub            0x00003aed          Code  Gb  DblSub.o [6]
__aeabi_f2d             0x000028fd          Code  Gb  FltToDbl.o [6]
__aeabi_i2d             0x0000b155          Code  Gb  S32ToDbl.o [6]
__aeabi_memcpy4         0x00003bd1          Code  Gb  ABImemcpy.o [7]
__aeabi_memcpy8         0x00003bd1          Code  Gb  ABImemcpy.o [7]
__aeabi_memset          0x0000b4b5          Code  Gb  ABImemset.o [7]
__aeabi_ui2d            0x0000b881          Code  Gb  U32ToDbl.o [6]
__call_ctors            0x00010b8d    0x18  Code  Gb  cppinit.o [3]
__cmain                 0x00010c31          Code  Gb  cmain.o [7]
__exit                  0x00010c5d    0x14  Code  Gb  exit.o [8]
__iar_Exp32             0x0000c87d   0x278  Code  Gb  iar_Exp32.o [6]
__iar_Memchr            0x0000d289          Code  Gb  memchr.o [7]
__iar_Memset            0x0000b4b5          Code  Gb  ABImemset.o [7]
__iar_Memset_word       0x0000b4bd          Code  Gb  ABImemset.o [7]
__iar_Pow32             0x0000b8c5   0x398  Code  Lc  pow32.o [6]
__iar_Sto64             0x0000c09d   0x19e  Code  Gb  strto64.o [6]
__iar_Stoflt            0x0000cdc1   0x1cc  Code  Gb  iar_Stoflt.o [3]
__iar_Stopfx            0x0000cc9f   0x122  Code  Gb  iar_Stopfx.o [3]
__iar_Stoxflt           0x0000cf8d   0x202  Code  Gb  iar_Stoxflt.o [3]
__iar_Stoxflt::digits   0x0000d194    0x18  Data  Lc  iar_Stoxflt.o [3]
__iar_Stoxflt::vals     0x0000d1ac    0x18  Data  Lc  iar_Stoxflt.o [3]
__iar_asin32            0x00003cc5          Code  Gb  asinf.o [6]
__iar_atan2_32          0x00003c59          Code  Gb  atan2f.o [6]
__iar_atan32            0x0000b405          Code  Gb  atanf.o [6]
__iar_cstart_call_ctors
                        0x00010b6d    0x20  Code  Gb  cmain_call_ctors.o [7]
__iar_dadd              0x00003afd          Code  Gb  DblSub.o [6]
__iar_data_init3        0x000109cd    0x28  Code  Gb  data_init.o [7]
__iar_debug_exceptions  0x00002cb6     0x1  Data  Gb  unwind_debug.o [8]
__iar_dsub              0x00003689          Code  Gb  DblAdd.o [6]
__iar_dsubStart         0x0000369b          Code  Gb  DblAdd.o [6]
__iar_frexp             0x0000cb01          Code  Gb  frexp.o [6]
__iar_frexp32           0x0000c835          Code  Gb  frexpf.o [6]
__iar_frexpf            0x0000c849          Code  Gb  frexpf.o [6]
__iar_frexpl            0x0000cb01          Code  Gb  frexp.o [6]
__iar_init_vfp          0x00010a85          Code  Gb  fpinit_M.o [6]
__iar_ldexp32           0x0000d1c5          Code  Gb  ldexpf.o [6]
__iar_ldexp64           0x0000cb65          Code  Gb  ldexp.o [6]
__iar_lz77_init_single3
                        0x00002ae7    0x7a  Code  Gb  lz77_init_single.o [7]
__iar_pow32             0x0000bc99     0x4  Code  Gb  pow32.o [6]
__iar_pow_medium32      0x0000bc99     0x4  Code  Gb  pow32.o [6]
__iar_pow_mediumf       0x0000bc99     0x4  Code  Gb  pow32.o [6]
__iar_program_start     0x00010e19          Code  Gb  cstartup_M.o [7]
__iar_scalbln32         0x0000d1c5          Code  Gb  ldexpf.o [6]
__iar_scalbln64         0x0000cb65          Code  Gb  ldexp.o [6]
__iar_scalbn32          0x0000d1c5          Code  Gb  ldexpf.o [6]
__iar_scalbn64          0x0000cb65          Code  Gb  ldexp.o [6]
__iar_softfp___iar_frexp64
                        0x0000caf5          Code  Gb  frexp.o [6]
__iar_softfp_frexp      0x0000caf5          Code  Gb  frexp.o [6]
__iar_softfp_frexpl     0x0000caf5          Code  Gb  frexp.o [6]
__iar_systems$$module {Abs}
                        0x00000001          Data  Gb  command line/config [2]
__iar_tls$$INIT_ARRAY$$Base
                        0x00010e0c           --   Gb  - Linker created -
__iar_tls$$INIT_ARRAY$$Limit
                        0x00010e0c           --   Gb  - Linker created -
__iar_vfp_atof          0x0000b65b     0x8  Code  Gb  math_wrappers64.o [6]
__iar_xatanf            0x00003d71          Code  Gb  xatanf.o [6]
__iar_zero_init3        0x000108a1    0x40  Code  Gb  zero_init3.o [7]
__sti__routine          0x00000411    0x34  Code  Lc  EKF_AHRS.o [1]
__sti__routine          0x00007359    0x14  Code  Lc  MPU6000.o [1]
__sti__routine          0x00007d19     0xc  Code  Lc  MS5611 Air Pressure.o [1]
__sti__routine          0x0000849d     0xa  Code  Lc  Ultrasound.o [1]
__vector_table          0x00000000          Data  Gb  startup_K60F12.o [1]
__vector_table_0x1c     0x0000001c          Data  Gb  startup_K60F12.o [1]
_call_main              0x00010c3d          Code  Gb  cmain.o [7]
_exit                   0x00010c51          Code  Gb  cexit.o [7]
_main                   0x00010c47          Code  Gb  cmain.o [7]
accel_E_H_x             0x1fff241c   0x7dc  Data  Gb  EKF_AHRS.o [1]
accel_E_H_y             0x1fff2bf8   0x7dc  Data  Gb  EKF_AHRS.o [1]
accel_E_H_z             0x1fff33d4   0x7dc  Data  Gb  EKF_AHRS.o [1]
accel_E_x               0x1fff3bb0     0x4  Data  Gb  EKF_AHRS.o [1]
accel_E_y               0x1fff3bb4     0x4  Data  Gb  EKF_AHRS.o [1]
accel_E_z               0x1fff3bb8     0x4  Data  Gb  EKF_AHRS.o [1]
angleX                  0x1fff0674   0x214  Data  Gb  variables_F450.o [1]
angleY                  0x1fff0888   0x214  Data  Gb  variables_F450.o [1]
angleZ                  0x1fff0a9c   0x214  Data  Gb  variables_F450.o [1]
arm_cos_f32             0x0000b6a1    0x80  Code  Gb  arm_cos_f32.o [5]
arm_mat_add_f32         0x00002cb9   0x146  Code  Gb  arm_mat_add_f32.o [5]
arm_mat_inverse_f32     0x00002ff1   0x540  Code  Gb  arm_mat_inverse_f32.o [5]
arm_mat_mult_f32        0x00002ef9    0xf8  Code  Gb  arm_mat_mult_f32.o [5]
arm_mat_scale_f32       0x00002bc9    0xee  Code  Gb  arm_mat_scale_f32.o [5]
arm_mat_sub_f32         0x00003531   0x146  Code  Gb  arm_mat_sub_f32.o [5]
arm_mat_trans_f32       0x00002e01    0xf6  Code  Gb  arm_mat_trans_f32.o [5]
arm_sin_f32             0x0000b721    0x98  Code  Gb  arm_sin_f32.o [5]
asinf                   0x00003cc5          Code  Gb  asinf.o [6]
assert_failed           0x0000b7f9    0x28  Code  Gb  assert.o [1]
atan2f                  0x00003c59          Code  Gb  atan2f.o [6]
atanf                   0x0000b405          Code  Gb  atanf.o [6]
atof                    0x0000c281     0x8  Code  Gb  strto64.o [6]
beta                    0x1fff0000     0x8  Data  Gb  MadgwickAHRS.o [1]
calculateD_full(PID_Controller *)
                        0x0000e0ad    0x80  Code  Gb  fuzzyPID.o [1]
calculateD_partial(PID_Controller *)
                        0x0000e035    0x76  Code  Gb  fuzzyPID.o [1]
calculateI(PID_Controller *)
                        0x0000e12d    0x4c  Code  Gb  fuzzyPID.o [1]
ce_io_param             0x1fff58a8    0x14  Data  Gb  moduleInit.o [1]
command                 0x1fff5a24     0x4  Data  Gb  moduleInit.o [1]
common_relocate         0x000100a1    0xac  Code  Gb  relocate.o [1]
compensation            0x1fff21ec     0x4  Data  Gb  control.o [1]
controlOutput           0x1fff770c   0x180  Data  Gb  variables_F450.o [1]
control_angle()         0x0000d659   0x28a  Code  Gb  control.o [1]
control_gyro()          0x0000d8e9   0x140  Code  Gb  control.o [1]
control_position()      0x0000d2e1   0x36e  Code  Gb  control.o [1]
dT                      0x1fff5b88     0x4  Data  Lc  MS5611 Air Pressure.o [1]
ddiv                    0x0000be15    0xd0  Code  Lc  strto64.o [6]
dis_set_hight           0x1fff76f8     0x4  Data  Gb  variables_F450.o [1]
distance                0x1fff5560     0x4  Data  Gb  isr.o [1]
dmul                    0x0000bd41    0xd2  Code  Lc  strto64.o [6]
errStatus               0x1fff841e     0x1  Data  Gb  EKF_AHRS.o [1]
errStatus1              0x1fff8429     0x1  Data  Gb  project.o [1]
error_evb               0x1fff54e8     0x4  Data  Gb  isr.o [1]
exit                    0x00010c4b     0x4  Code  Gb  exit.o [3]
fanIniSpd               0x1fff1928     0x4  Data  Gb  variables_F450.o [1]
fan_ini()               0x0000dd95    0x34  Code  Gb  control.o [1]
flightMode              0x1fff5404     0x4  Data  Gb  FlightMode.o [1]
flightMode_Init()       0x000055d9    0x28  Code  Gb  FlightMode.o [1]
flightMode_Init()::flightMode_0
                        0x1fff5408    0x9c  Data  Lc  FlightMode.o [1]
flightMode_Init()::static guard for flightMode_0
                        0x1fff841f     0x1  Data  Lc  FlightMode.o [1]
frexpf                  0x0000c835          Code  Gb  frexpf.o [6]
ftm_init_struct         0x1fff55dc    0x1c  Data  Gb  moduleInit.o [1]
fuzzyPID(PID_Controller *)
                        0x0000de61   0x13c  Code  Gb  fuzzyPID.o [1]
g_bus_clock             0x1fff0018     0x4  Data  Gb  MCG.o [1]
g_core_clock            0x1fff0014     0x4  Data  Gb  MCG.o [1]
g_flash_clock           0x1fff001c     0x4  Data  Gb  MCG.o [1]
g_flexbus_clock         0x1fff0020     0x4  Data  Gb  MCG.o [1]
get_altitude()          0x000082cd    0x80  Code  Gb  MS5611 Air Pressure.o [1]
gyroX                   0x1fff0038   0x214  Data  Gb  variables_F450.o [1]
gyroY                   0x1fff024c   0x214  Data  Gb  variables_F450.o [1]
gyroZ                   0x1fff0460   0x214  Data  Gb  variables_F450.o [1]
hmc5983_CS              0x1fff54dc     0x4  Data  Gb  HMC5983.o [1]
hmc5983_DAQ()           0x00007cc3    0x46  Code  Gb  HMC5983.o [1]
hmc5983_ReadBuf(unsigned char, unsigned char *, unsigned char)
                        0x00007c59    0x6a  Code  Gb  HMC5983.o [1]
hmc5983_ReadByte(unsigned char)
                        0x00007c27    0x32  Code  Gb  HMC5983.o [1]
hmc5983_StartMea()      0x00007beb     0xc  Code  Gb  HMC5983.o [1]
hmc5983_WriteByte(unsigned char, unsigned char)
                        0x00007bf7    0x30  Code  Gb  HMC5983.o [1]
hmc5983_init()          0x00007ba5    0x46  Code  Gb  HMC5983.o [1]
index                   0x1fff555c     0x4  Data  Gb  isr.o [1]
invSqrt(float)          0x0000f059    0x34  Code  Gb  MadgwickAHRS.o [1]
lastDataTime            0x1fff5564     0x4  Data  Gb  isr.o [1]
ldexp                   0x0000cb65          Code  Gb  ldexp.o [6]
ldexpf                  0x0000d1c5          Code  Gb  ldexpf.o [6]
ldexpl                  0x0000cb65          Code  Gb  ldexp.o [6]
main                    0x00010341   0x190  Code  Gb  project.o [1]
memchr                  0x0000d289          Code  Gb  memchr.o [7]
out_char                0x00010d99    0x10  Code  Gb  io.o [1]
pit_init_struct         0x1fff55f8    0x14  Data  Gb  moduleInit.o [1]
pit_isr()               0x0000e285   0x7e4  Code  Gb  isr.o [1]
pit_isr()::MPU6000_0    0x1fff556c    0x60  Data  Lc  isr.o [1]
pit_isr()::MPU6000_changeTime
                        0x1fff5568     0x4  Data  Lc  isr.o [1]
pit_isr()::static guard for MPU6000_0
                        0x1fff8421     0x1  Data  Lc  isr.o [1]
pitch                   0x1fff7700     0x4  Data  Gb  variables_F450.o [1]
pitch1                  0x1fff7890     0x4  Data  Gb  variables_F450.o [1]
pitch3                  0x1fff78a0     0x4  Data  Gb  variables_F450.o [1]
position                0x1fff2374    0x54  Data  Gb  EKF_AHRS.o [1]
positionX               0x1fff12ec   0x214  Data  Gb  variables_F450.o [1]
positionX_vel           0x1fff0cb0   0x214  Data  Gb  variables_F450.o [1]
positionY               0x1fff1500   0x214  Data  Gb  variables_F450.o [1]
positionY_vel           0x1fff0ec4   0x214  Data  Gb  variables_F450.o [1]
positionZ               0x1fff1714   0x214  Data  Gb  variables_F450.o [1]
positionZ_vel           0x1fff10d8   0x214  Data  Gb  variables_F450.o [1]
powerVoltage_12         0x1fff78ac     0x4  Data  Gb  variables_F450.o [1]
powerVoltage_3v3        0x1fff78b4     0x4  Data  Gb  variables_F450.o [1]
powerVoltage_5          0x1fff78b0     0x4  Data  Gb  variables_F450.o [1]
powf                    0x0000bc99     0x4  Code  Gb  pow32.o [6]
pows                    0x0000c288    0x48  Data  Lc  strto64.o [6]
printf                  0x0000c80b    0x24  Code  Gb  printf.o [1]
printk(PRINTK_INFO *, char const *, __va_list)
                        0x0000c3ff   0x40c  Code  Gb  printf.o [1]
q0                      0x1fff0010     0x4  Data  Gb  MadgwickAHRS.o [1]
q1                      0x1fff55d0     0x4  Data  Gb  MadgwickAHRS.o [1]
q2                      0x1fff55d4     0x4  Data  Gb  MadgwickAHRS.o [1]
q2Eular()               0x0000f08d   0x12e  Code  Gb  MadgwickAHRS.o [1]
q3                      0x1fff55d8     0x4  Data  Gb  MadgwickAHRS.o [1]
quaternion::quaternion()
                        0x00003d3d    0x1c  Code  Gb  EKF_AHRS.o [1]
roll                    0x1fff76fc     0x4  Data  Gb  variables_F450.o [1]
roll1                   0x1fff788c     0x4  Data  Gb  variables_F450.o [1]
roll3                   0x1fff789c     0x4  Data  Gb  variables_F450.o [1]
roror1                  0x1fff78b8     0x4  Data  Gb  variables_F450.o [1]
roror2                  0x1fff78bc     0x4  Data  Gb  variables_F450.o [1]
roror3                  0x1fff78c0     0x4  Data  Gb  variables_F450.o [1]
roror4                  0x1fff78c4     0x4  Data  Gb  variables_F450.o [1]
rotor_out()             0x0000da3d   0x354  Code  Gb  control.o [1]
rotor_out()::motor_max  0x1fff0008     0x4  Data  Lc  control.o [1]
rotor_out()::motor_min  0x1fff000c     0x4  Data  Lc  control.o [1]
scalbln                 0x0000cb65          Code  Gb  ldexp.o [6]
scalblnf                0x0000d1c5          Code  Gb  ldexpf.o [6]
scalblnl                0x0000cb65          Code  Gb  ldexp.o [6]
scalbn                  0x0000cb65          Code  Gb  ldexp.o [6]
scalbnf                 0x0000d1c5          Code  Gb  ldexpf.o [6]
scalbnl                 0x0000cb65          Code  Gb  ldexp.o [6]
setup                   0x1fff840a     0x2  Data  Lc  MS5611 Air Pressure.o [1]
sinTable_f32            0x0000f1e8   0x804  Data  Gb  arm_common_tables.o [5]
strlen                  0x0000b5ad          Code  Gb  strlen.o [7]
strncmp                 0x0000b821    0x28  Code  Gb  strncmp.o [3]
strncpy                 0x0000b5e5          Code  Gb  strncpy.o [7]
t                       0x1fff76a0     0x4  Data  Gb  variables_F450.o [1]
tTrans                  0x1fff76a4     0x4  Data  Gb  variables_F450.o [1]
ta1                     0x1fff192c     0x2  Data  Gb  project.o [1]
ta2                     0x1fff8425     0x1  Data  Gb  project.o [1]
ta3                     0x1fff8426     0x1  Data  Gb  project.o [1]
ta4                     0x1fff8427     0x1  Data  Gb  project.o [1]
ta5                     0x1fff8428     0x1  Data  Gb  project.o [1]
timeWindowIntegral::timeWindowIntegral()
                        0x0000242f     0xe  Code  Gb  EKF_AHRS.o [1]
timeWindowIntegral::update(float)
                        0x00003a65    0x80  Code  Gb  General Class.o [1]
tmp_float               0x1fff5bb8     0x4  Data  Gb  MS5611 Air Pressure.o [1]
uart0_init_struct       0x1fff560c    0x1c  Data  Gb  moduleInit.o [1]
uart1_init_struct       0x1fff5628    0x1c  Data  Gb  moduleInit.o [1]
uart2_init_struct       0x1fff5644    0x1c  Data  Gb  moduleInit.o [1]
uart3_init_struct       0x1fff5660    0x1c  Data  Gb  moduleInit.o [1]
uart4_init_struct       0x1fff567c    0x1c  Data  Gb  moduleInit.o [1]
uart5_init_struct       0x1fff5698    0x1c  Data  Gb  moduleInit.o [1]
ultrasoundData          0x1fff54f8    0x64  Data  Gb  isr.o [1]
useConstantKpKiKd(PID_Controller *)
                        0x0000e179    0x16  Code  Gb  fuzzyPID.o [1]
value_buf1              0x1fff5bbc    0x14  Data  Gb  MS5611 Air Pressure.o [1]
value_buf2              0x1fff5bd0    0x14  Data  Gb  MS5611 Air Pressure.o [1]
velocity                0x1fff23c8    0x54  Data  Gb  EKF_AHRS.o [1]
videoStation            0x1fff78c8     0x4  Data  Gb  VideoStation.o [1]
voidVar                 0x1fff5a20     0x4  Data  Gb  moduleInit.o [1]
waterGun                0x1fff83f4     0x4  Data  Gb  waterGun.o [1]
yaw                     0x1fff7704     0x4  Data  Gb  variables_F450.o [1]
yaw1                    0x1fff7894     0x4  Data  Gb  variables_F450.o [1]
yaw2                    0x1fff7898     0x4  Data  Gb  variables_F450.o [1]
yaw3                    0x1fff78a4     0x4  Data  Gb  variables_F450.o [1]
yaw4                    0x1fff78a8     0x4  Data  Gb  variables_F450.o [1]
yaw_init                0x1fff54ec     0x4  Data  Gb  isr.o [1]
yaw_init1               0x1fff54f0     0x4  Data  Gb  isr.o [1]


[1] = C:\Users\xsk19940910\Desktop\flightController-1\flightController-1\program\iar\RAM\Obj
[2] = command line
[3] = dl7M_tln.a
[4] = dlpp7M_tl_nc.a
[5] = iar_cortexM4lf_math.a
[6] = m7M_tls.a
[7] = rt7M_tl.a
[8] = shb_l.a

  65 009 bytes of readonly  code memory
   4 631 bytes of readonly  data memory
  42 030 bytes of readwrite data memory

Errors: 2
Warnings: none
